Archive member included to satisfy reference by file (symbol)

c:/program files (x86)/atmel/studio/7.0/toolchain/avr8/avr8-gnu-toolchain/bin/../lib/gcc/avr/5.4.0/avr6\libgcc.a(_udivmodsi4.o)
                              lib/lcd.o (__udivmodsi4)
c:/program files (x86)/atmel/studio/7.0/toolchain/avr8/avr8-gnu-toolchain/bin/../lib/gcc/avr/5.4.0/avr6\libgcc.a(_exit.o)
                              C:/Program Files (x86)/Atmel/Studio/7.0/Packs/atmel/ATmega_DFP/1.7.374/gcc/dev/atmega2560/avr6/crtatmega2560.o (exit)
c:/program files (x86)/atmel/studio/7.0/toolchain/avr8/avr8-gnu-toolchain/bin/../lib/gcc/avr/5.4.0/avr6\libgcc.a(_tablejump2.o)
                              lib/lcd.o (__tablejump2__)
c:/program files (x86)/atmel/studio/7.0/toolchain/avr8/avr8-gnu-toolchain/bin/../lib/gcc/avr/5.4.0/avr6\libgcc.a(_copy_data.o)
                              communication/rfAdapter.o (__do_copy_data)
c:/program files (x86)/atmel/studio/7.0/toolchain/avr8/avr8-gnu-toolchain/bin/../lib/gcc/avr/5.4.0/avr6\libgcc.a(_clear_bss.o)
                              communication/rfAdapter.o (__do_clear_bss)
c:/program files (x86)/atmel/studio/7.0/toolchain/avr8/avr8-gnu-toolchain/bin/../lib/gcc/avr/5.4.0/avr6\libgcc.a(_ctors.o)
                              os_scheduler.o (__do_global_ctors)
c:/program files (x86)/atmel/studio/7.0/toolchain/avr8/avr8-gnu-toolchain/bin/../lib/gcc/avr/5.4.0/avr6\libgcc.a(_umulhisi3.o)
                              os_scheduler.o (__umulhisi3)
c:/program files (x86)/atmel/studio/7.0/toolchain/avr8/avr8-gnu-toolchain/bin/../lib/gcc/avr/5.4.0/../../../../avr/lib/avr6\libc.a(strncpy_P.o)
                              communication/rfAdapter.o (strncpy_P)
c:/program files (x86)/atmel/studio/7.0/toolchain/avr8/avr8-gnu-toolchain/bin/../lib/gcc/avr/5.4.0/../../../../avr/lib/avr6\libc.a(memcpy.o)
                              communication/rfAdapter.o (memcpy)
c:/program files (x86)/atmel/studio/7.0/toolchain/avr8/avr8-gnu-toolchain/bin/../lib/gcc/avr/5.4.0/../../../../avr/lib/avr6\libc.a(strncpy.o)
                              communication/rfAdapter.o (strncpy)
c:/program files (x86)/atmel/studio/7.0/toolchain/avr8/avr8-gnu-toolchain/bin/../lib/gcc/avr/5.4.0/../../../../avr/lib/avr6\libc.a(iob.o)
                              lib/lcd.o (__iob)
c:/program files (x86)/atmel/studio/7.0/toolchain/avr8/avr8-gnu-toolchain/bin/../lib/gcc/avr/5.4.0/../../../../avr/lib/avr6\libc.a(printf.o)
                              os_scheduler.o (printf)
c:/program files (x86)/atmel/studio/7.0/toolchain/avr8/avr8-gnu-toolchain/bin/../lib/gcc/avr/5.4.0/../../../../avr/lib/avr6\libc.a(printf_p.o)
                              communication/serialAdapter.o (printf_P)
c:/program files (x86)/atmel/studio/7.0/toolchain/avr8/avr8-gnu-toolchain/bin/../lib/gcc/avr/5.4.0/../../../../avr/lib/avr6\libc.a(vfprintf_p.o)
                              lib/lcd.o (vfprintf_P)
c:/program files (x86)/atmel/studio/7.0/toolchain/avr8/avr8-gnu-toolchain/bin/../lib/gcc/avr/5.4.0/../../../../avr/lib/avr6\libc.a(vfprintf_std.o)
                              c:/program files (x86)/atmel/studio/7.0/toolchain/avr8/avr8-gnu-toolchain/bin/../lib/gcc/avr/5.4.0/../../../../avr/lib/avr6\libc.a(printf.o) (vfprintf)
c:/program files (x86)/atmel/studio/7.0/toolchain/avr8/avr8-gnu-toolchain/bin/../lib/gcc/avr/5.4.0/../../../../avr/lib/avr6\libc.a(strnlen_P.o)
                              c:/program files (x86)/atmel/studio/7.0/toolchain/avr8/avr8-gnu-toolchain/bin/../lib/gcc/avr/5.4.0/../../../../avr/lib/avr6\libc.a(vfprintf_std.o) (strnlen_P)
c:/program files (x86)/atmel/studio/7.0/toolchain/avr8/avr8-gnu-toolchain/bin/../lib/gcc/avr/5.4.0/../../../../avr/lib/avr6\libc.a(strnlen.o)
                              c:/program files (x86)/atmel/studio/7.0/toolchain/avr8/avr8-gnu-toolchain/bin/../lib/gcc/avr/5.4.0/../../../../avr/lib/avr6\libc.a(vfprintf_std.o) (strnlen)
c:/program files (x86)/atmel/studio/7.0/toolchain/avr8/avr8-gnu-toolchain/bin/../lib/gcc/avr/5.4.0/../../../../avr/lib/avr6\libc.a(fputc.o)
                              c:/program files (x86)/atmel/studio/7.0/toolchain/avr8/avr8-gnu-toolchain/bin/../lib/gcc/avr/5.4.0/../../../../avr/lib/avr6\libc.a(vfprintf_std.o) (fputc)
c:/program files (x86)/atmel/studio/7.0/toolchain/avr8/avr8-gnu-toolchain/bin/../lib/gcc/avr/5.4.0/../../../../avr/lib/avr6\libc.a(ultoa_invert.o)
                              c:/program files (x86)/atmel/studio/7.0/toolchain/avr8/avr8-gnu-toolchain/bin/../lib/gcc/avr/5.4.0/../../../../avr/lib/avr6\libc.a(vfprintf_std.o) (__ultoa_invert)

Allocating common symbols
Common symbol       size              file

os_processes        0x30              os_scheduler.o
charCtr             0x1               lib/lcd.o
schedulingInfo      0x21              os_scheduling_strategies.o
os_programs         0x20              os_scheduler.o
os_coarseSystemTime
                    0x4               lib/util.o
os_autostart        0x2               os_scheduler.o
__iob               0x6               c:/program files (x86)/atmel/studio/7.0/toolchain/avr8/avr8-gnu-toolchain/bin/../lib/gcc/avr/5.4.0/../../../../avr/lib/avr6\libc.a(iob.o)

Discarded input sections

 .data          0x00000000        0x0 C:/Program Files (x86)/Atmel/Studio/7.0/Packs/atmel/ATmega_DFP/1.7.374/gcc/dev/atmega2560/avr6/crtatmega2560.o
 .bss           0x00000000        0x0 C:/Program Files (x86)/Atmel/Studio/7.0/Packs/atmel/ATmega_DFP/1.7.374/gcc/dev/atmega2560/avr6/crtatmega2560.o
 .text          0x00000000        0x0 communication/rfAdapter.o
 .data          0x00000000        0x0 communication/rfAdapter.o
 .bss           0x00000000        0x0 communication/rfAdapter.o
 .text.rfAdapter_isInitialized
                0x00000000        0x6 communication/rfAdapter.o
 .text          0x00000000        0x0 communication/serialAdapter.o
 .data          0x00000000        0x0 communication/serialAdapter.o
 .bss           0x00000000        0x0 communication/serialAdapter.o
 .text.serialAdapter_waitForAnyByte
                0x00000000       0x10 communication/serialAdapter.o
 .text.printFrame
                0x00000000       0xc6 communication/serialAdapter.o
 .progmem.data.__c.2551
                0x00000000       0x68 communication/serialAdapter.o
 .progmem.data.__c.2549
                0x00000000       0x12 communication/serialAdapter.o
 .progmem.data.__c.2547
                0x00000000       0x16 communication/serialAdapter.o
 .progmem.data.__c.2542
                0x00000000       0x1a communication/serialAdapter.o
 .progmem.data.__c.2539
                0x00000000       0xd4 communication/serialAdapter.o
 .text          0x00000000        0x0 communication/xbee.o
 .data          0x00000000        0x0 communication/xbee.o
 .bss           0x00000000        0x0 communication/xbee.o
 .text          0x00000000        0x0 lib/buttons.o
 .data          0x00000000        0x0 lib/buttons.o
 .bss           0x00000000        0x0 lib/buttons.o
 .text.buttons_read
                0x00000000       0x64 lib/buttons.o
 .text.buttons_pressed
                0x00000000       0x14 lib/buttons.o
 .text.buttons_released
                0x00000000       0x16 lib/buttons.o
 .text.buttons_waitForPressed
                0x00000000       0x12 lib/buttons.o
 .text.buttons_waitForReleased
                0x00000000       0x12 lib/buttons.o
 .debug_info    0x00000000      0x1ca lib/buttons.o
 .debug_abbrev  0x00000000       0xfb lib/buttons.o
 .debug_loc     0x00000000      0x1a0 lib/buttons.o
 .debug_aranges
                0x00000000       0x40 lib/buttons.o
 .debug_ranges  0x00000000       0x30 lib/buttons.o
 .debug_line    0x00000000      0x198 lib/buttons.o
 .debug_str     0x00000000      0x23b lib/buttons.o
 .comment       0x00000000       0x31 lib/buttons.o
 .debug_frame   0x00000000       0x84 lib/buttons.o
 .text          0x00000000        0x0 lib/lcd.o
 .data          0x00000000        0x0 lib/lcd.o
 .bss           0x00000000        0x0 lib/lcd.o
 .text.lcd_home
                0x00000000       0x1c lib/lcd.o
 .text.lcd_cursorOn
                0x00000000        0x8 lib/lcd.o
 .text.lcd_cursorOff
                0x00000000        0x8 lib/lcd.o
 .text.lcd_blinkOn
                0x00000000        0x8 lib/lcd.o
 .text.lcd_blinkOff
                0x00000000        0x8 lib/lcd.o
 .text.lcd_writeHexNibble
                0x00000000       0x26 lib/lcd.o
 .text.lcd_writeHexByte
                0x00000000       0x22 lib/lcd.o
 .text.lcd_writeHexWord
                0x00000000       0x22 lib/lcd.o
 .text.lcd_writeHex
                0x00000000       0x44 lib/lcd.o
 .text.lcd_drawBar
                0x00000000       0x48 lib/lcd.o
 .text          0x00000000        0x0 lib/ready_queue.o
 .data          0x00000000        0x0 lib/ready_queue.o
 .bss           0x00000000        0x0 lib/ready_queue.o
 .text.rq_init  0x00000000        0x8 lib/ready_queue.o
 .text.rq_print
                0x00000000       0x64 lib/ready_queue.o
 .progmem.data.__c.2316
                0x00000000        0x3 lib/ready_queue.o
 .text          0x00000000        0x0 lib/stop_watch.o
 .data          0x00000000        0x0 lib/stop_watch.o
 .bss           0x00000000        0x0 lib/stop_watch.o
 .text.stopWatch_activateInterrupt
                0x00000000       0x18 lib/stop_watch.o
 .text.stopWatch_getTime
                0x00000000       0x9a lib/stop_watch.o
 .text.stopWatch_start
                0x00000000       0x6e lib/stop_watch.o
 .text.stopWatch_measure
                0x00000000       0x4a lib/stop_watch.o
 .text.stopWatch_stop
                0x00000000       0x58 lib/stop_watch.o
 .progmem.data.__c.2304
                0x00000000       0x15 lib/stop_watch.o
 .progmem.data.__c.2294
                0x00000000       0x1e lib/stop_watch.o
 .data.stopWatch_offset
                0x00000000        0x4 lib/stop_watch.o
 .bss.stopWatch_runningInstances
                0x00000000        0x1 lib/stop_watch.o
 .text          0x00000000        0x0 lib/terminal.o
 .data          0x00000000        0x0 lib/terminal.o
 .bss           0x00000000        0x0 lib/terminal.o
 .text.usb2_read
                0x00000000        0xe lib/terminal.o
 .text.usb2_writeString
                0x00000000       0x4a lib/terminal.o
 .text.terminal_writeHexNibble
                0x00000000       0x14 lib/terminal.o
 .text.terminal_writeHexByte
                0x00000000       0x22 lib/terminal.o
 .text.terminal_writeHexWord
                0x00000000       0x22 lib/terminal.o
 .text.terminal_writeDec
                0x00000000       0x92 lib/terminal.o
 .text.terminal_writeString
                0x00000000        0x6 lib/terminal.o
 .text          0x00000000        0x0 lib/uart.o
 .data          0x00000000        0x0 lib/uart.o
 .bss           0x00000000        0x0 lib/uart.o
 .text.uart0_init
                0x00000000       0x36 lib/uart.o
 .text.uart0_getc
                0x00000000       0x3a lib/uart.o
 .text.uart0_putc
                0x00000000       0x28 lib/uart.o
 .text.uart0_puts
                0x00000000       0x1a lib/uart.o
 .text.uart0_puts_p
                0x00000000       0x1e lib/uart.o
 .text.uart0_getrxcount
                0x00000000       0x1e lib/uart.o
 .text.uart0_gettxcount
                0x00000000       0x1e lib/uart.o
 .text.uart0_disable
                0x00000000       0x12 lib/uart.o
 .text.uart1_init
                0x00000000       0x36 lib/uart.o
 .text.uart1_getc
                0x00000000       0x38 lib/uart.o
 .text.uart1_putc
                0x00000000       0x2a lib/uart.o
 .text.uart1_puts
                0x00000000       0x1a lib/uart.o
 .text.uart1_puts_p
                0x00000000       0x1e lib/uart.o
 .text.uart1_getrxcount
                0x00000000       0x28 lib/uart.o
 .text.uart1_gettxcount
                0x00000000       0x28 lib/uart.o
 .text.uart1_disable
                0x00000000       0x12 lib/uart.o
 .text.uart2_flush_blocking
                0x00000000       0x30 lib/uart.o
 .text.uart2_init
                0x00000000       0x36 lib/uart.o
 .text.uart2_getc
                0x00000000       0x38 lib/uart.o
 .text.uart2_putc
                0x00000000       0x2a lib/uart.o
 .text.uart2_puts
                0x00000000       0x1a lib/uart.o
 .text.uart2_puts_p
                0x00000000       0x1e lib/uart.o
 .text.uart2_getrxcount
                0x00000000       0x1e lib/uart.o
 .text.uart2_gettxcount
                0x00000000       0x28 lib/uart.o
 .text.uart2_disable
                0x00000000       0x12 lib/uart.o
 .text.uart3_puts
                0x00000000       0x1a lib/uart.o
 .text.uart3_puts_p
                0x00000000       0x1e lib/uart.o
 .text.uart3_gettxcount
                0x00000000       0x1e lib/uart.o
 .text.uart3_disable
                0x00000000       0x12 lib/uart.o
 .text          0x00000000        0x0 lib/util.o
 .data          0x00000000        0x0 lib/util.o
 .bss           0x00000000        0x0 lib/util.o
 .text          0x00000000        0x0 main.o
 .data          0x00000000        0x0 main.o
 .bss           0x00000000        0x0 main.o
 .text          0x00000000        0x0 os_core.o
 .data          0x00000000        0x0 os_core.o
 .bss           0x00000000        0x0 os_core.o
 .text          0x00000000        0x0 os_process.o
 .data          0x00000000        0x0 os_process.o
 .bss           0x00000000        0x0 os_process.o
 .text.os_isRunnable
                0x00000000       0x1a os_process.o
 .debug_info    0x00000000      0x1bb os_process.o
 .debug_abbrev  0x00000000       0xd7 os_process.o
 .debug_loc     0x00000000       0x56 os_process.o
 .debug_aranges
                0x00000000       0x20 os_process.o
 .debug_ranges  0x00000000       0x10 os_process.o
 .debug_line    0x00000000       0xd5 os_process.o
 .debug_str     0x00000000      0x29b os_process.o
 .comment       0x00000000       0x31 os_process.o
 .debug_frame   0x00000000       0x24 os_process.o
 .text          0x00000000        0x0 os_scheduler.o
 .data          0x00000000        0x0 os_scheduler.o
 .bss           0x00000000        0x0 os_scheduler.o
 .text.os_registerProgram
                0x00000000       0x82 os_scheduler.o
 .text.os_lookupProgramID
                0x00000000       0x2a os_scheduler.o
 .text.os_getNumberOfActiveProcs
                0x00000000       0x2a os_scheduler.o
 .text.os_getNumberOfRegisteredPrograms
                0x00000000       0x22 os_scheduler.o
 .text.os_setSchedulingStrategy
                0x00000000       0x10 os_scheduler.o
 .text.program_with_index_0_defined_twice
                0x00000000        0x2 os_scheduler.o
 .progmem.data.__c.2310
                0x00000000       0x1d os_scheduler.o
 .text          0x00000000        0x0 os_scheduling_strategies.o
 .data          0x00000000        0x0 os_scheduling_strategies.o
 .bss           0x00000000        0x0 os_scheduling_strategies.o
 .text.isAnyProcReady
                0x00000000       0x30 os_scheduling_strategies.o
 .text          0x00000000        0x0 progs/tests/ttConfigXbee.o
 .data          0x00000000        0x0 progs/tests/ttConfigXbee.o
 .bss           0x00000000        0x0 progs/tests/ttConfigXbee.o
 .debug_line    0x00000000        0x0 progs/tests/ttConfigXbee.o
 .debug_str     0x00000000      0x119 progs/tests/ttConfigXbee.o
 .comment       0x00000000       0x31 progs/tests/ttConfigXbee.o
 .text          0x00000000        0x0 progs/tests/ttInit.o
 .data          0x00000000        0x0 progs/tests/ttInit.o
 .bss           0x00000000        0x0 progs/tests/ttInit.o
 .debug_line    0x00000000        0x0 progs/tests/ttInit.o
 .debug_str     0x00000000      0x113 progs/tests/ttInit.o
 .comment       0x00000000       0x31 progs/tests/ttInit.o
 .text          0x00000000        0x0 progs/tests/ttMultiple.o
 .data          0x00000000        0x0 progs/tests/ttMultiple.o
 .bss           0x00000000        0x0 progs/tests/ttMultiple.o
 .debug_line    0x00000000        0x0 progs/tests/ttMultiple.o
 .debug_str     0x00000000      0x117 progs/tests/ttMultiple.o
 .comment       0x00000000       0x31 progs/tests/ttMultiple.o
 .text          0x00000000        0x0 progs/tests/ttProtocolStack.o
 .data          0x00000000        0x0 progs/tests/ttProtocolStack.o
 .bss           0x00000000        0x0 progs/tests/ttProtocolStack.o
 .text.program_with_index_1_defined_twice
                0x00000000        0x2 progs/tests/ttProtocolStack.o
 .text.program_with_index_2_defined_twice
                0x00000000        0x2 progs/tests/ttProtocolStack.o
 .text          0x00000000        0x0 progs/tests/ttResume.o
 .data          0x00000000        0x0 progs/tests/ttResume.o
 .bss           0x00000000        0x0 progs/tests/ttResume.o
 .debug_line    0x00000000        0x0 progs/tests/ttResume.o
 .debug_str     0x00000000      0x115 progs/tests/ttResume.o
 .comment       0x00000000       0x31 progs/tests/ttResume.o
 .text          0x00000000        0x0 progs/tests/ttScheduling.o
 .data          0x00000000        0x0 progs/tests/ttScheduling.o
 .bss           0x00000000        0x0 progs/tests/ttScheduling.o
 .debug_line    0x00000000        0x0 progs/tests/ttScheduling.o
 .debug_str     0x00000000      0x119 progs/tests/ttScheduling.o
 .comment       0x00000000       0x31 progs/tests/ttScheduling.o
 .text          0x00000000        0x0 progs/tests/ttStackConsistency.o
 .data          0x00000000        0x0 progs/tests/ttStackConsistency.o
 .bss           0x00000000        0x0 progs/tests/ttStackConsistency.o
 .debug_line    0x00000000        0x0 progs/tests/ttStackConsistency.o
 .debug_str     0x00000000      0x11f progs/tests/ttStackConsistency.o
 .comment       0x00000000       0x31 progs/tests/ttStackConsistency.o
 .text          0x00000000        0x0 progs/tests/ttTermination.o
 .data          0x00000000        0x0 progs/tests/ttTermination.o
 .bss           0x00000000        0x0 progs/tests/ttTermination.o
 .debug_line    0x00000000        0x0 progs/tests/ttTermination.o
 .debug_str     0x00000000      0x11a progs/tests/ttTermination.o
 .comment       0x00000000       0x31 progs/tests/ttTermination.o
 .text          0x00000000        0x0 progs/tests/ttStackCollision.o
 .data          0x00000000        0x0 progs/tests/ttStackCollision.o
 .bss           0x00000000        0x0 progs/tests/ttStackCollision.o
 .debug_line    0x00000000        0x0 progs/tests/ttStackCollision.o
 .debug_str     0x00000000      0x11d progs/tests/ttStackCollision.o
 .comment       0x00000000       0x31 progs/tests/ttStackCollision.o
 .text          0x00000000        0x0 progs/tests/ttYield.o
 .data          0x00000000        0x0 progs/tests/ttYield.o
 .bss           0x00000000        0x0 progs/tests/ttYield.o
 .debug_line    0x00000000        0x0 progs/tests/ttYield.o
 .debug_str     0x00000000      0x114 progs/tests/ttYield.o
 .comment       0x00000000       0x31 progs/tests/ttYield.o
 .text          0x00000000        0x0 progs/tests/ttCommunication.o
 .data          0x00000000        0x0 progs/tests/ttCommunication.o
 .bss           0x00000000        0x0 progs/tests/ttCommunication.o
 .debug_line    0x00000000        0x0 progs/tests/ttCommunication.o
 .debug_str     0x00000000      0x11c progs/tests/ttCommunication.o
 .comment       0x00000000       0x31 progs/tests/ttCommunication.o
 .text          0x00000000        0x0 progs/tests/ttSensorData.o
 .data          0x00000000        0x0 progs/tests/ttSensorData.o
 .bss           0x00000000        0x0 progs/tests/ttSensorData.o
 .debug_line    0x00000000        0x0 progs/tests/ttSensorData.o
 .debug_str     0x00000000      0x119 progs/tests/ttSensorData.o
 .comment       0x00000000       0x31 progs/tests/ttSensorData.o
 .text          0x00000000        0x0 progs/tests/ttTlcd.o
 .data          0x00000000        0x0 progs/tests/ttTlcd.o
 .bss           0x00000000        0x0 progs/tests/ttTlcd.o
 .debug_line    0x00000000        0x0 progs/tests/ttTlcd.o
 .debug_str     0x00000000      0x113 progs/tests/ttTlcd.o
 .comment       0x00000000       0x31 progs/tests/ttTlcd.o
 .text          0x00000000        0x0 progs/tests/ttIsrBenchmark.o
 .data          0x00000000        0x0 progs/tests/ttIsrBenchmark.o
 .bss           0x00000000        0x0 progs/tests/ttIsrBenchmark.o
 .debug_line    0x00000000        0x0 progs/tests/ttIsrBenchmark.o
 .debug_str     0x00000000      0x11b progs/tests/ttIsrBenchmark.o
 .comment       0x00000000       0x31 progs/tests/ttIsrBenchmark.o
 .text          0x00000000        0x0 progs/user_programs/user_prog1.o
 .data          0x00000000        0x0 progs/user_programs/user_prog1.o
 .bss           0x00000000        0x0 progs/user_programs/user_prog1.o
 .debug_line    0x00000000        0x0 progs/user_programs/user_prog1.o
 .debug_str     0x00000000      0x11f progs/user_programs/user_prog1.o
 .comment       0x00000000       0x31 progs/user_programs/user_prog1.o
 .text          0x00000000        0x0 progs/user_programs/user_prog2.o
 .data          0x00000000        0x0 progs/user_programs/user_prog2.o
 .bss           0x00000000        0x0 progs/user_programs/user_prog2.o
 .debug_line    0x00000000        0x0 progs/user_programs/user_prog2.o
 .debug_str     0x00000000      0x11f progs/user_programs/user_prog2.o
 .comment       0x00000000       0x31 progs/user_programs/user_prog2.o
 .text          0x00000000        0x0 progs/user_programs/user_prog3.o
 .data          0x00000000        0x0 progs/user_programs/user_prog3.o
 .bss           0x00000000        0x0 progs/user_programs/user_prog3.o
 .debug_line    0x00000000        0x0 progs/user_programs/user_prog3.o
 .debug_str     0x00000000      0x11f progs/user_programs/user_prog3.o
 .comment       0x00000000       0x31 progs/user_programs/user_prog3.o
 .text          0x00000000        0x0 progs/user_programs/user_prog4.o
 .data          0x00000000        0x0 progs/user_programs/user_prog4.o
 .bss           0x00000000        0x0 progs/user_programs/user_prog4.o
 .debug_line    0x00000000        0x0 progs/user_programs/user_prog4.o
 .debug_str     0x00000000      0x11f progs/user_programs/user_prog4.o
 .comment       0x00000000       0x31 progs/user_programs/user_prog4.o
 .text          0x00000000        0x0 c:/program files (x86)/atmel/studio/7.0/toolchain/avr8/avr8-gnu-toolchain/bin/../lib/gcc/avr/5.4.0/avr6\libgcc.a(_udivmodsi4.o)
 .data          0x00000000        0x0 c:/program files (x86)/atmel/studio/7.0/toolchain/avr8/avr8-gnu-toolchain/bin/../lib/gcc/avr/5.4.0/avr6\libgcc.a(_udivmodsi4.o)
 .bss           0x00000000        0x0 c:/program files (x86)/atmel/studio/7.0/toolchain/avr8/avr8-gnu-toolchain/bin/../lib/gcc/avr/5.4.0/avr6\libgcc.a(_udivmodsi4.o)
 .text.libgcc.mul
                0x00000000        0x0 c:/program files (x86)/atmel/studio/7.0/toolchain/avr8/avr8-gnu-toolchain/bin/../lib/gcc/avr/5.4.0/avr6\libgcc.a(_udivmodsi4.o)
 .text.libgcc   0x00000000        0x0 c:/program files (x86)/atmel/studio/7.0/toolchain/avr8/avr8-gnu-toolchain/bin/../lib/gcc/avr/5.4.0/avr6\libgcc.a(_udivmodsi4.o)
 .text.libgcc.prologue
                0x00000000        0x0 c:/program files (x86)/atmel/studio/7.0/toolchain/avr8/avr8-gnu-toolchain/bin/../lib/gcc/avr/5.4.0/avr6\libgcc.a(_udivmodsi4.o)
 .text.libgcc.builtins
                0x00000000        0x0 c:/program files (x86)/atmel/studio/7.0/toolchain/avr8/avr8-gnu-toolchain/bin/../lib/gcc/avr/5.4.0/avr6\libgcc.a(_udivmodsi4.o)
 .text.libgcc.fmul
                0x00000000        0x0 c:/program files (x86)/atmel/studio/7.0/toolchain/avr8/avr8-gnu-toolchain/bin/../lib/gcc/avr/5.4.0/avr6\libgcc.a(_udivmodsi4.o)
 .text.libgcc.fixed
                0x00000000        0x0 c:/program files (x86)/atmel/studio/7.0/toolchain/avr8/avr8-gnu-toolchain/bin/../lib/gcc/avr/5.4.0/avr6\libgcc.a(_udivmodsi4.o)
 .text          0x00000000        0x0 c:/program files (x86)/atmel/studio/7.0/toolchain/avr8/avr8-gnu-toolchain/bin/../lib/gcc/avr/5.4.0/avr6\libgcc.a(_exit.o)
 .data          0x00000000        0x0 c:/program files (x86)/atmel/studio/7.0/toolchain/avr8/avr8-gnu-toolchain/bin/../lib/gcc/avr/5.4.0/avr6\libgcc.a(_exit.o)
 .bss           0x00000000        0x0 c:/program files (x86)/atmel/studio/7.0/toolchain/avr8/avr8-gnu-toolchain/bin/../lib/gcc/avr/5.4.0/avr6\libgcc.a(_exit.o)
 .text.libgcc.mul
                0x00000000        0x0 c:/program files (x86)/atmel/studio/7.0/toolchain/avr8/avr8-gnu-toolchain/bin/../lib/gcc/avr/5.4.0/avr6\libgcc.a(_exit.o)
 .text.libgcc.div
                0x00000000        0x0 c:/program files (x86)/atmel/studio/7.0/toolchain/avr8/avr8-gnu-toolchain/bin/../lib/gcc/avr/5.4.0/avr6\libgcc.a(_exit.o)
 .text.libgcc   0x00000000        0x0 c:/program files (x86)/atmel/studio/7.0/toolchain/avr8/avr8-gnu-toolchain/bin/../lib/gcc/avr/5.4.0/avr6\libgcc.a(_exit.o)
 .text.libgcc.prologue
                0x00000000        0x0 c:/program files (x86)/atmel/studio/7.0/toolchain/avr8/avr8-gnu-toolchain/bin/../lib/gcc/avr/5.4.0/avr6\libgcc.a(_exit.o)
 .text.libgcc.builtins
                0x00000000        0x0 c:/program files (x86)/atmel/studio/7.0/toolchain/avr8/avr8-gnu-toolchain/bin/../lib/gcc/avr/5.4.0/avr6\libgcc.a(_exit.o)
 .text.libgcc.fmul
                0x00000000        0x0 c:/program files (x86)/atmel/studio/7.0/toolchain/avr8/avr8-gnu-toolchain/bin/../lib/gcc/avr/5.4.0/avr6\libgcc.a(_exit.o)
 .text.libgcc.fixed
                0x00000000        0x0 c:/program files (x86)/atmel/studio/7.0/toolchain/avr8/avr8-gnu-toolchain/bin/../lib/gcc/avr/5.4.0/avr6\libgcc.a(_exit.o)
 .text          0x00000000        0x0 c:/program files (x86)/atmel/studio/7.0/toolchain/avr8/avr8-gnu-toolchain/bin/../lib/gcc/avr/5.4.0/avr6\libgcc.a(_tablejump2.o)
 .data          0x00000000        0x0 c:/program files (x86)/atmel/studio/7.0/toolchain/avr8/avr8-gnu-toolchain/bin/../lib/gcc/avr/5.4.0/avr6\libgcc.a(_tablejump2.o)
 .bss           0x00000000        0x0 c:/program files (x86)/atmel/studio/7.0/toolchain/avr8/avr8-gnu-toolchain/bin/../lib/gcc/avr/5.4.0/avr6\libgcc.a(_tablejump2.o)
 .text.libgcc.mul
                0x00000000        0x0 c:/program files (x86)/atmel/studio/7.0/toolchain/avr8/avr8-gnu-toolchain/bin/../lib/gcc/avr/5.4.0/avr6\libgcc.a(_tablejump2.o)
 .text.libgcc.div
                0x00000000        0x0 c:/program files (x86)/atmel/studio/7.0/toolchain/avr8/avr8-gnu-toolchain/bin/../lib/gcc/avr/5.4.0/avr6\libgcc.a(_tablejump2.o)
 .text.libgcc.prologue
                0x00000000        0x0 c:/program files (x86)/atmel/studio/7.0/toolchain/avr8/avr8-gnu-toolchain/bin/../lib/gcc/avr/5.4.0/avr6\libgcc.a(_tablejump2.o)
 .text.libgcc.builtins
                0x00000000        0x0 c:/program files (x86)/atmel/studio/7.0/toolchain/avr8/avr8-gnu-toolchain/bin/../lib/gcc/avr/5.4.0/avr6\libgcc.a(_tablejump2.o)
 .text.libgcc.fmul
                0x00000000        0x0 c:/program files (x86)/atmel/studio/7.0/toolchain/avr8/avr8-gnu-toolchain/bin/../lib/gcc/avr/5.4.0/avr6\libgcc.a(_tablejump2.o)
 .text.libgcc.fixed
                0x00000000        0x0 c:/program files (x86)/atmel/studio/7.0/toolchain/avr8/avr8-gnu-toolchain/bin/../lib/gcc/avr/5.4.0/avr6\libgcc.a(_tablejump2.o)
 .text          0x00000000        0x0 c:/program files (x86)/atmel/studio/7.0/toolchain/avr8/avr8-gnu-toolchain/bin/../lib/gcc/avr/5.4.0/avr6\libgcc.a(_copy_data.o)
 .data          0x00000000        0x0 c:/program files (x86)/atmel/studio/7.0/toolchain/avr8/avr8-gnu-toolchain/bin/../lib/gcc/avr/5.4.0/avr6\libgcc.a(_copy_data.o)
 .bss           0x00000000        0x0 c:/program files (x86)/atmel/studio/7.0/toolchain/avr8/avr8-gnu-toolchain/bin/../lib/gcc/avr/5.4.0/avr6\libgcc.a(_copy_data.o)
 .text.libgcc.mul
                0x00000000        0x0 c:/program files (x86)/atmel/studio/7.0/toolchain/avr8/avr8-gnu-toolchain/bin/../lib/gcc/avr/5.4.0/avr6\libgcc.a(_copy_data.o)
 .text.libgcc.div
                0x00000000        0x0 c:/program files (x86)/atmel/studio/7.0/toolchain/avr8/avr8-gnu-toolchain/bin/../lib/gcc/avr/5.4.0/avr6\libgcc.a(_copy_data.o)
 .text.libgcc   0x00000000        0x0 c:/program files (x86)/atmel/studio/7.0/toolchain/avr8/avr8-gnu-toolchain/bin/../lib/gcc/avr/5.4.0/avr6\libgcc.a(_copy_data.o)
 .text.libgcc.prologue
                0x00000000        0x0 c:/program files (x86)/atmel/studio/7.0/toolchain/avr8/avr8-gnu-toolchain/bin/../lib/gcc/avr/5.4.0/avr6\libgcc.a(_copy_data.o)
 .text.libgcc.builtins
                0x00000000        0x0 c:/program files (x86)/atmel/studio/7.0/toolchain/avr8/avr8-gnu-toolchain/bin/../lib/gcc/avr/5.4.0/avr6\libgcc.a(_copy_data.o)
 .text.libgcc.fmul
                0x00000000        0x0 c:/program files (x86)/atmel/studio/7.0/toolchain/avr8/avr8-gnu-toolchain/bin/../lib/gcc/avr/5.4.0/avr6\libgcc.a(_copy_data.o)
 .text.libgcc.fixed
                0x00000000        0x0 c:/program files (x86)/atmel/studio/7.0/toolchain/avr8/avr8-gnu-toolchain/bin/../lib/gcc/avr/5.4.0/avr6\libgcc.a(_copy_data.o)
 .text          0x00000000        0x0 c:/program files (x86)/atmel/studio/7.0/toolchain/avr8/avr8-gnu-toolchain/bin/../lib/gcc/avr/5.4.0/avr6\libgcc.a(_clear_bss.o)
 .data          0x00000000        0x0 c:/program files (x86)/atmel/studio/7.0/toolchain/avr8/avr8-gnu-toolchain/bin/../lib/gcc/avr/5.4.0/avr6\libgcc.a(_clear_bss.o)
 .bss           0x00000000        0x0 c:/program files (x86)/atmel/studio/7.0/toolchain/avr8/avr8-gnu-toolchain/bin/../lib/gcc/avr/5.4.0/avr6\libgcc.a(_clear_bss.o)
 .text.libgcc.mul
                0x00000000        0x0 c:/program files (x86)/atmel/studio/7.0/toolchain/avr8/avr8-gnu-toolchain/bin/../lib/gcc/avr/5.4.0/avr6\libgcc.a(_clear_bss.o)
 .text.libgcc.div
                0x00000000        0x0 c:/program files (x86)/atmel/studio/7.0/toolchain/avr8/avr8-gnu-toolchain/bin/../lib/gcc/avr/5.4.0/avr6\libgcc.a(_clear_bss.o)
 .text.libgcc   0x00000000        0x0 c:/program files (x86)/atmel/studio/7.0/toolchain/avr8/avr8-gnu-toolchain/bin/../lib/gcc/avr/5.4.0/avr6\libgcc.a(_clear_bss.o)
 .text.libgcc.prologue
                0x00000000        0x0 c:/program files (x86)/atmel/studio/7.0/toolchain/avr8/avr8-gnu-toolchain/bin/../lib/gcc/avr/5.4.0/avr6\libgcc.a(_clear_bss.o)
 .text.libgcc.builtins
                0x00000000        0x0 c:/program files (x86)/atmel/studio/7.0/toolchain/avr8/avr8-gnu-toolchain/bin/../lib/gcc/avr/5.4.0/avr6\libgcc.a(_clear_bss.o)
 .text.libgcc.fmul
                0x00000000        0x0 c:/program files (x86)/atmel/studio/7.0/toolchain/avr8/avr8-gnu-toolchain/bin/../lib/gcc/avr/5.4.0/avr6\libgcc.a(_clear_bss.o)
 .text.libgcc.fixed
                0x00000000        0x0 c:/program files (x86)/atmel/studio/7.0/toolchain/avr8/avr8-gnu-toolchain/bin/../lib/gcc/avr/5.4.0/avr6\libgcc.a(_clear_bss.o)
 .text          0x00000000        0x0 c:/program files (x86)/atmel/studio/7.0/toolchain/avr8/avr8-gnu-toolchain/bin/../lib/gcc/avr/5.4.0/avr6\libgcc.a(_ctors.o)
 .data          0x00000000        0x0 c:/program files (x86)/atmel/studio/7.0/toolchain/avr8/avr8-gnu-toolchain/bin/../lib/gcc/avr/5.4.0/avr6\libgcc.a(_ctors.o)
 .bss           0x00000000        0x0 c:/program files (x86)/atmel/studio/7.0/toolchain/avr8/avr8-gnu-toolchain/bin/../lib/gcc/avr/5.4.0/avr6\libgcc.a(_ctors.o)
 .text.libgcc.mul
                0x00000000        0x0 c:/program files (x86)/atmel/studio/7.0/toolchain/avr8/avr8-gnu-toolchain/bin/../lib/gcc/avr/5.4.0/avr6\libgcc.a(_ctors.o)
 .text.libgcc.div
                0x00000000        0x0 c:/program files (x86)/atmel/studio/7.0/toolchain/avr8/avr8-gnu-toolchain/bin/../lib/gcc/avr/5.4.0/avr6\libgcc.a(_ctors.o)
 .text.libgcc   0x00000000        0x0 c:/program files (x86)/atmel/studio/7.0/toolchain/avr8/avr8-gnu-toolchain/bin/../lib/gcc/avr/5.4.0/avr6\libgcc.a(_ctors.o)
 .text.libgcc.prologue
                0x00000000        0x0 c:/program files (x86)/atmel/studio/7.0/toolchain/avr8/avr8-gnu-toolchain/bin/../lib/gcc/avr/5.4.0/avr6\libgcc.a(_ctors.o)
 .text.libgcc.builtins
                0x00000000        0x0 c:/program files (x86)/atmel/studio/7.0/toolchain/avr8/avr8-gnu-toolchain/bin/../lib/gcc/avr/5.4.0/avr6\libgcc.a(_ctors.o)
 .text.libgcc.fmul
                0x00000000        0x0 c:/program files (x86)/atmel/studio/7.0/toolchain/avr8/avr8-gnu-toolchain/bin/../lib/gcc/avr/5.4.0/avr6\libgcc.a(_ctors.o)
 .text.libgcc.fixed
                0x00000000        0x0 c:/program files (x86)/atmel/studio/7.0/toolchain/avr8/avr8-gnu-toolchain/bin/../lib/gcc/avr/5.4.0/avr6\libgcc.a(_ctors.o)
 .text          0x00000000        0x0 c:/program files (x86)/atmel/studio/7.0/toolchain/avr8/avr8-gnu-toolchain/bin/../lib/gcc/avr/5.4.0/avr6\libgcc.a(_umulhisi3.o)
 .data          0x00000000        0x0 c:/program files (x86)/atmel/studio/7.0/toolchain/avr8/avr8-gnu-toolchain/bin/../lib/gcc/avr/5.4.0/avr6\libgcc.a(_umulhisi3.o)
 .bss           0x00000000        0x0 c:/program files (x86)/atmel/studio/7.0/toolchain/avr8/avr8-gnu-toolchain/bin/../lib/gcc/avr/5.4.0/avr6\libgcc.a(_umulhisi3.o)
 .text.libgcc.div
                0x00000000        0x0 c:/program files (x86)/atmel/studio/7.0/toolchain/avr8/avr8-gnu-toolchain/bin/../lib/gcc/avr/5.4.0/avr6\libgcc.a(_umulhisi3.o)
 .text.libgcc   0x00000000        0x0 c:/program files (x86)/atmel/studio/7.0/toolchain/avr8/avr8-gnu-toolchain/bin/../lib/gcc/avr/5.4.0/avr6\libgcc.a(_umulhisi3.o)
 .text.libgcc.prologue
                0x00000000        0x0 c:/program files (x86)/atmel/studio/7.0/toolchain/avr8/avr8-gnu-toolchain/bin/../lib/gcc/avr/5.4.0/avr6\libgcc.a(_umulhisi3.o)
 .text.libgcc.builtins
                0x00000000        0x0 c:/program files (x86)/atmel/studio/7.0/toolchain/avr8/avr8-gnu-toolchain/bin/../lib/gcc/avr/5.4.0/avr6\libgcc.a(_umulhisi3.o)
 .text.libgcc.fmul
                0x00000000        0x0 c:/program files (x86)/atmel/studio/7.0/toolchain/avr8/avr8-gnu-toolchain/bin/../lib/gcc/avr/5.4.0/avr6\libgcc.a(_umulhisi3.o)
 .text.libgcc.fixed
                0x00000000        0x0 c:/program files (x86)/atmel/studio/7.0/toolchain/avr8/avr8-gnu-toolchain/bin/../lib/gcc/avr/5.4.0/avr6\libgcc.a(_umulhisi3.o)
 .text          0x00000000        0x0 c:/program files (x86)/atmel/studio/7.0/toolchain/avr8/avr8-gnu-toolchain/bin/../lib/gcc/avr/5.4.0/../../../../avr/lib/avr6\libc.a(strncpy_P.o)
 .data          0x00000000        0x0 c:/program files (x86)/atmel/studio/7.0/toolchain/avr8/avr8-gnu-toolchain/bin/../lib/gcc/avr/5.4.0/../../../../avr/lib/avr6\libc.a(strncpy_P.o)
 .bss           0x00000000        0x0 c:/program files (x86)/atmel/studio/7.0/toolchain/avr8/avr8-gnu-toolchain/bin/../lib/gcc/avr/5.4.0/../../../../avr/lib/avr6\libc.a(strncpy_P.o)
 .text          0x00000000        0x0 c:/program files (x86)/atmel/studio/7.0/toolchain/avr8/avr8-gnu-toolchain/bin/../lib/gcc/avr/5.4.0/../../../../avr/lib/avr6\libc.a(memcpy.o)
 .data          0x00000000        0x0 c:/program files (x86)/atmel/studio/7.0/toolchain/avr8/avr8-gnu-toolchain/bin/../lib/gcc/avr/5.4.0/../../../../avr/lib/avr6\libc.a(memcpy.o)
 .bss           0x00000000        0x0 c:/program files (x86)/atmel/studio/7.0/toolchain/avr8/avr8-gnu-toolchain/bin/../lib/gcc/avr/5.4.0/../../../../avr/lib/avr6\libc.a(memcpy.o)
 .text          0x00000000        0x0 c:/program files (x86)/atmel/studio/7.0/toolchain/avr8/avr8-gnu-toolchain/bin/../lib/gcc/avr/5.4.0/../../../../avr/lib/avr6\libc.a(strncpy.o)
 .data          0x00000000        0x0 c:/program files (x86)/atmel/studio/7.0/toolchain/avr8/avr8-gnu-toolchain/bin/../lib/gcc/avr/5.4.0/../../../../avr/lib/avr6\libc.a(strncpy.o)
 .bss           0x00000000        0x0 c:/program files (x86)/atmel/studio/7.0/toolchain/avr8/avr8-gnu-toolchain/bin/../lib/gcc/avr/5.4.0/../../../../avr/lib/avr6\libc.a(strncpy.o)
 .text          0x00000000        0x0 c:/program files (x86)/atmel/studio/7.0/toolchain/avr8/avr8-gnu-toolchain/bin/../lib/gcc/avr/5.4.0/../../../../avr/lib/avr6\libc.a(iob.o)
 .data          0x00000000        0x0 c:/program files (x86)/atmel/studio/7.0/toolchain/avr8/avr8-gnu-toolchain/bin/../lib/gcc/avr/5.4.0/../../../../avr/lib/avr6\libc.a(iob.o)
 .bss           0x00000000        0x0 c:/program files (x86)/atmel/studio/7.0/toolchain/avr8/avr8-gnu-toolchain/bin/../lib/gcc/avr/5.4.0/../../../../avr/lib/avr6\libc.a(iob.o)
 .text          0x00000000        0x0 c:/program files (x86)/atmel/studio/7.0/toolchain/avr8/avr8-gnu-toolchain/bin/../lib/gcc/avr/5.4.0/../../../../avr/lib/avr6\libc.a(printf.o)
 .data          0x00000000        0x0 c:/program files (x86)/atmel/studio/7.0/toolchain/avr8/avr8-gnu-toolchain/bin/../lib/gcc/avr/5.4.0/../../../../avr/lib/avr6\libc.a(printf.o)
 .bss           0x00000000        0x0 c:/program files (x86)/atmel/studio/7.0/toolchain/avr8/avr8-gnu-toolchain/bin/../lib/gcc/avr/5.4.0/../../../../avr/lib/avr6\libc.a(printf.o)
 .text          0x00000000        0x0 c:/program files (x86)/atmel/studio/7.0/toolchain/avr8/avr8-gnu-toolchain/bin/../lib/gcc/avr/5.4.0/../../../../avr/lib/avr6\libc.a(printf_p.o)
 .data          0x00000000        0x0 c:/program files (x86)/atmel/studio/7.0/toolchain/avr8/avr8-gnu-toolchain/bin/../lib/gcc/avr/5.4.0/../../../../avr/lib/avr6\libc.a(printf_p.o)
 .bss           0x00000000        0x0 c:/program files (x86)/atmel/studio/7.0/toolchain/avr8/avr8-gnu-toolchain/bin/../lib/gcc/avr/5.4.0/../../../../avr/lib/avr6\libc.a(printf_p.o)
 .text.avr-libc
                0x00000000       0x50 c:/program files (x86)/atmel/studio/7.0/toolchain/avr8/avr8-gnu-toolchain/bin/../lib/gcc/avr/5.4.0/../../../../avr/lib/avr6\libc.a(printf_p.o)
 .comment       0x00000000       0x31 c:/program files (x86)/atmel/studio/7.0/toolchain/avr8/avr8-gnu-toolchain/bin/../lib/gcc/avr/5.4.0/../../../../avr/lib/avr6\libc.a(printf_p.o)
 .text          0x00000000        0x0 c:/program files (x86)/atmel/studio/7.0/toolchain/avr8/avr8-gnu-toolchain/bin/../lib/gcc/avr/5.4.0/../../../../avr/lib/avr6\libc.a(vfprintf_p.o)
 .data          0x00000000        0x0 c:/program files (x86)/atmel/studio/7.0/toolchain/avr8/avr8-gnu-toolchain/bin/../lib/gcc/avr/5.4.0/../../../../avr/lib/avr6\libc.a(vfprintf_p.o)
 .bss           0x00000000        0x0 c:/program files (x86)/atmel/studio/7.0/toolchain/avr8/avr8-gnu-toolchain/bin/../lib/gcc/avr/5.4.0/../../../../avr/lib/avr6\libc.a(vfprintf_p.o)
 .text          0x00000000        0x0 c:/program files (x86)/atmel/studio/7.0/toolchain/avr8/avr8-gnu-toolchain/bin/../lib/gcc/avr/5.4.0/../../../../avr/lib/avr6\libc.a(vfprintf_std.o)
 .data          0x00000000        0x0 c:/program files (x86)/atmel/studio/7.0/toolchain/avr8/avr8-gnu-toolchain/bin/../lib/gcc/avr/5.4.0/../../../../avr/lib/avr6\libc.a(vfprintf_std.o)
 .bss           0x00000000        0x0 c:/program files (x86)/atmel/studio/7.0/toolchain/avr8/avr8-gnu-toolchain/bin/../lib/gcc/avr/5.4.0/../../../../avr/lib/avr6\libc.a(vfprintf_std.o)
 .text          0x00000000        0x0 c:/program files (x86)/atmel/studio/7.0/toolchain/avr8/avr8-gnu-toolchain/bin/../lib/gcc/avr/5.4.0/../../../../avr/lib/avr6\libc.a(strnlen_P.o)
 .data          0x00000000        0x0 c:/program files (x86)/atmel/studio/7.0/toolchain/avr8/avr8-gnu-toolchain/bin/../lib/gcc/avr/5.4.0/../../../../avr/lib/avr6\libc.a(strnlen_P.o)
 .bss           0x00000000        0x0 c:/program files (x86)/atmel/studio/7.0/toolchain/avr8/avr8-gnu-toolchain/bin/../lib/gcc/avr/5.4.0/../../../../avr/lib/avr6\libc.a(strnlen_P.o)
 .text          0x00000000        0x0 c:/program files (x86)/atmel/studio/7.0/toolchain/avr8/avr8-gnu-toolchain/bin/../lib/gcc/avr/5.4.0/../../../../avr/lib/avr6\libc.a(strnlen.o)
 .data          0x00000000        0x0 c:/program files (x86)/atmel/studio/7.0/toolchain/avr8/avr8-gnu-toolchain/bin/../lib/gcc/avr/5.4.0/../../../../avr/lib/avr6\libc.a(strnlen.o)
 .bss           0x00000000        0x0 c:/program files (x86)/atmel/studio/7.0/toolchain/avr8/avr8-gnu-toolchain/bin/../lib/gcc/avr/5.4.0/../../../../avr/lib/avr6\libc.a(strnlen.o)
 .text          0x00000000        0x0 c:/program files (x86)/atmel/studio/7.0/toolchain/avr8/avr8-gnu-toolchain/bin/../lib/gcc/avr/5.4.0/../../../../avr/lib/avr6\libc.a(fputc.o)
 .data          0x00000000        0x0 c:/program files (x86)/atmel/studio/7.0/toolchain/avr8/avr8-gnu-toolchain/bin/../lib/gcc/avr/5.4.0/../../../../avr/lib/avr6\libc.a(fputc.o)
 .bss           0x00000000        0x0 c:/program files (x86)/atmel/studio/7.0/toolchain/avr8/avr8-gnu-toolchain/bin/../lib/gcc/avr/5.4.0/../../../../avr/lib/avr6\libc.a(fputc.o)
 .text          0x00000000        0x0 c:/program files (x86)/atmel/studio/7.0/toolchain/avr8/avr8-gnu-toolchain/bin/../lib/gcc/avr/5.4.0/../../../../avr/lib/avr6\libc.a(ultoa_invert.o)
 .data          0x00000000        0x0 c:/program files (x86)/atmel/studio/7.0/toolchain/avr8/avr8-gnu-toolchain/bin/../lib/gcc/avr/5.4.0/../../../../avr/lib/avr6\libc.a(ultoa_invert.o)
 .bss           0x00000000        0x0 c:/program files (x86)/atmel/studio/7.0/toolchain/avr8/avr8-gnu-toolchain/bin/../lib/gcc/avr/5.4.0/../../../../avr/lib/avr6\libc.a(ultoa_invert.o)

Memory Configuration

Name             Origin             Length             Attributes
text             0x00000000         0x00040000         xr
data             0x00800200         0x00002000         rw !x
eeprom           0x00810000         0x00001000         rw !x
fuse             0x00820000         0x00000003         rw !x
lock             0x00830000         0x00000400         rw !x
signature        0x00840000         0x00000400         rw !x
user_signatures  0x00850000         0x00000400         rw !x
*default*        0x00000000         0xffffffff

Linker script and memory map

Address of section .data set to 0x800200
LOAD C:/Program Files (x86)/Atmel/Studio/7.0/Packs/atmel/ATmega_DFP/1.7.374/gcc/dev/atmega2560/avr6/crtatmega2560.o
LOAD communication/rfAdapter.o
LOAD communication/serialAdapter.o
LOAD communication/xbee.o
LOAD lib/buttons.o
LOAD lib/lcd.o
LOAD lib/ready_queue.o
LOAD lib/stop_watch.o
LOAD lib/terminal.o
LOAD lib/uart.o
LOAD lib/util.o
LOAD main.o
LOAD os_core.o
LOAD os_process.o
LOAD os_scheduler.o
LOAD os_scheduling_strategies.o
LOAD progs/tests/ttConfigXbee.o
LOAD progs/tests/ttInit.o
LOAD progs/tests/ttMultiple.o
LOAD progs/tests/ttProtocolStack.o
LOAD progs/tests/ttResume.o
LOAD progs/tests/ttScheduling.o
LOAD progs/tests/ttStackConsistency.o
LOAD progs/tests/ttTermination.o
LOAD progs/tests/ttStackCollision.o
LOAD progs/tests/ttYield.o
LOAD progs/tests/ttCommunication.o
LOAD progs/tests/ttSensorData.o
LOAD progs/tests/ttTlcd.o
LOAD progs/tests/ttIsrBenchmark.o
LOAD progs/user_programs/user_prog1.o
LOAD progs/user_programs/user_prog2.o
LOAD progs/user_programs/user_prog3.o
LOAD progs/user_programs/user_prog4.o
START GROUP
LOAD c:/program files (x86)/atmel/studio/7.0/toolchain/avr8/avr8-gnu-toolchain/bin/../lib/gcc/avr/5.4.0/../../../../avr/lib/avr6\libm.a
END GROUP
START GROUP
LOAD c:/program files (x86)/atmel/studio/7.0/toolchain/avr8/avr8-gnu-toolchain/bin/../lib/gcc/avr/5.4.0/avr6\libgcc.a
LOAD c:/program files (x86)/atmel/studio/7.0/toolchain/avr8/avr8-gnu-toolchain/bin/../lib/gcc/avr/5.4.0/../../../../avr/lib/avr6\libm.a
LOAD c:/program files (x86)/atmel/studio/7.0/toolchain/avr8/avr8-gnu-toolchain/bin/../lib/gcc/avr/5.4.0/../../../../avr/lib/avr6\libc.a
LOAD C:/Program Files (x86)/Atmel/Studio/7.0/Packs/atmel/ATmega_DFP/1.7.374/gcc/dev/atmega2560/avr6\libatmega2560.a
END GROUP
                0x00000000                __TEXT_REGION_ORIGIN__ = DEFINED (__TEXT_REGION_ORIGIN__)?__TEXT_REGION_ORIGIN__:0x0
                [0x00800200]                __DATA_REGION_ORIGIN__ = DEFINED (__DATA_REGION_ORIGIN__)?__DATA_REGION_ORIGIN__:0x800200
                [0x00040000]                __TEXT_REGION_LENGTH__ = DEFINED (__TEXT_REGION_LENGTH__)?__TEXT_REGION_LENGTH__:0x100000
                [0x00002000]                __DATA_REGION_LENGTH__ = DEFINED (__DATA_REGION_LENGTH__)?__DATA_REGION_LENGTH__:0xfe00
                [0x00001000]                __EEPROM_REGION_LENGTH__ = DEFINED (__EEPROM_REGION_LENGTH__)?__EEPROM_REGION_LENGTH__:0x10000
                [0x00000003]                __FUSE_REGION_LENGTH__ = DEFINED (__FUSE_REGION_LENGTH__)?__FUSE_REGION_LENGTH__:0x400
                0x00000400                __LOCK_REGION_LENGTH__ = DEFINED (__LOCK_REGION_LENGTH__)?__LOCK_REGION_LENGTH__:0x400
                0x00000400                __SIGNATURE_REGION_LENGTH__ = DEFINED (__SIGNATURE_REGION_LENGTH__)?__SIGNATURE_REGION_LENGTH__:0x400
                0x00000400                __USER_SIGNATURE_REGION_LENGTH__ = DEFINED (__USER_SIGNATURE_REGION_LENGTH__)?__USER_SIGNATURE_REGION_LENGTH__:0x400

.hash
 *(.hash)

.dynsym
 *(.dynsym)

.dynstr
 *(.dynstr)

.gnu.version
 *(.gnu.version)

.gnu.version_d
 *(.gnu.version_d)

.gnu.version_r
 *(.gnu.version_r)

.rel.init
 *(.rel.init)

.rela.init
 *(.rela.init)

.rel.text
 *(.rel.text)
 *(.rel.text.*)
 *(.rel.gnu.linkonce.t*)

.rela.text
 *(.rela.text)
 *(.rela.text.*)
 *(.rela.gnu.linkonce.t*)

.rel.fini
 *(.rel.fini)

.rela.fini
 *(.rela.fini)

.rel.rodata
 *(.rel.rodata)
 *(.rel.rodata.*)
 *(.rel.gnu.linkonce.r*)

.rela.rodata
 *(.rela.rodata)
 *(.rela.rodata.*)
 *(.rela.gnu.linkonce.r*)

.rel.data
 *(.rel.data)
 *(.rel.data.*)
 *(.rel.gnu.linkonce.d*)

.rela.data
 *(.rela.data)
 *(.rela.data.*)
 *(.rela.gnu.linkonce.d*)

.rel.ctors
 *(.rel.ctors)

.rela.ctors
 *(.rela.ctors)

.rel.dtors
 *(.rel.dtors)

.rela.dtors
 *(.rela.dtors)

.rel.got
 *(.rel.got)

.rela.got
 *(.rela.got)

.rel.bss
 *(.rel.bss)

.rela.bss
 *(.rela.bss)

.rel.plt
 *(.rel.plt)

.rela.plt
 *(.rela.plt)

.text           0x00000000     0x28e4
 *(.vectors)
 .vectors       0x00000000       0xe4 C:/Program Files (x86)/Atmel/Studio/7.0/Packs/atmel/ATmega_DFP/1.7.374/gcc/dev/atmega2560/avr6/crtatmega2560.o
                0x00000000                __vector_default
                0x00000000                __vectors
 *(.vectors)
 *(.progmem.gcc*)
 .progmem.gcc_sw_table.lcd_writeChar
                0x000000e4       0x72 lib/lcd.o
                0x00000156                . = ALIGN (0x2)
                0x00000156                __trampolines_start = .
 *(.trampolines)
 .trampolines   0x00000156        0x0 linker stubs
 *(.trampolines*)
                0x00000156                __trampolines_end = .
 *libprintf_flt.a:*(.progmem.data)
 *libc.a:*(.progmem.data)
 *(.progmem*)
 .progmem.data.__c.2288
                0x00000156       0x21 lib/ready_queue.o
 .progmem.data.__c.2283
                0x00000177       0x1f lib/ready_queue.o
 .progmem.data.__c.2073
                0x00000196        0x9 lib/terminal.o
 .progmem.data.__c.2289
                0x0000019f        0x9 os_core.o
 .progmem.data.__c.2283
                0x000001a8       0x21 os_core.o
 .progmem.data.__c.2281
                0x000001c9       0x34 os_core.o
 .progmem.data.__c.2277
                0x000001fd        0x9 os_core.o
 .progmem.data.__c.2279
                0x00000206       0x1e os_core.o
 .progmem.data.__c.2273
                0x00000224        0x9 os_core.o
 .progmem.data.__c.2275
                0x0000022d       0x11 os_core.o
 .progmem.data.__c.2271
                0x0000023e       0x36 os_core.o
 .progmem.data.__c.2269
                0x00000274       0x11 os_core.o
 .progmem.data.__c.2445
                0x00000285       0x41 os_scheduler.o
 .progmem.data.__c.2440
                0x000002c6       0x16 os_scheduler.o
 .progmem.data.__c.2418
                0x000002dc        0xe os_scheduler.o
 .progmem.data.__c.2420
                0x000002ea       0x18 os_scheduler.o
 .progmem.data.__c.2384
                0x00000302       0x20 os_scheduler.o
 .progmem.data.__c.2378
                0x00000322       0x2a os_scheduler.o
 .progmem.data.__c.2371
                0x0000034c       0x1a os_scheduler.o
 .progmem.data.__c.2365
                0x00000366       0x19 os_scheduler.o
 .progmem.data.__c.2376
                0x0000037f        0xf progs/tests/ttProtocolStack.o
 .progmem.data.__c.2372
                0x0000038e       0x1c progs/tests/ttProtocolStack.o
 .progmem.data.__c.2370
                0x000003aa        0x3 progs/tests/ttProtocolStack.o
 .progmem.data.__c.2368
                0x000003ad        0xd progs/tests/ttProtocolStack.o
 .progmem.data.__c.2366
                0x000003ba        0x9 progs/tests/ttProtocolStack.o
 .progmem.data.__c.2360
                0x000003c3        0x9 progs/tests/ttProtocolStack.o
 .progmem.data.__c.2354
                0x000003cc        0x8 progs/tests/ttProtocolStack.o
 .progmem.data.__c.2348
                0x000003d4        0x7 progs/tests/ttProtocolStack.o
 .progmem.data.__c.2346
                0x000003db        0x9 progs/tests/ttProtocolStack.o
 .progmem.data.__c.2340
                0x000003e4        0xc progs/tests/ttProtocolStack.o
 .progmem.data.__c.2338
                0x000003f0       0x10 progs/tests/ttProtocolStack.o
                0x00000400                . = ALIGN (0x2)
 *(.jumptables)
 *(.jumptables*)
 *(.lowtext)
 *(.lowtext*)
                0x00000400                __ctors_start = .
 *(.ctors)
 .ctors         0x00000400        0x2 os_scheduler.o
 .ctors         0x00000402        0x4 progs/tests/ttProtocolStack.o
                0x00000406                __ctors_end = .
                0x00000406                __dtors_start = .
 *(.dtors)
                0x00000406                __dtors_end = .
 SORT(*)(.ctors)
 SORT(*)(.dtors)
 *(.init0)
 .init0         0x00000406        0x0 C:/Program Files (x86)/Atmel/Studio/7.0/Packs/atmel/ATmega_DFP/1.7.374/gcc/dev/atmega2560/avr6/crtatmega2560.o
                0x00000406                __init
 *(.init0)
 *(.init1)
 *(.init1)
 *(.init2)
 .init2         0x00000406       0x10 C:/Program Files (x86)/Atmel/Studio/7.0/Packs/atmel/ATmega_DFP/1.7.374/gcc/dev/atmega2560/avr6/crtatmega2560.o
 *(.init2)
 *(.init3)
 *(.init3)
 *(.init4)
 .init4         0x00000416       0x1a c:/program files (x86)/atmel/studio/7.0/toolchain/avr8/avr8-gnu-toolchain/bin/../lib/gcc/avr/5.4.0/avr6\libgcc.a(_copy_data.o)
                0x00000416                __do_copy_data
 .init4         0x00000430       0x10 c:/program files (x86)/atmel/studio/7.0/toolchain/avr8/avr8-gnu-toolchain/bin/../lib/gcc/avr/5.4.0/avr6\libgcc.a(_clear_bss.o)
                0x00000430                __do_clear_bss
 *(.init4)
 *(.init5)
 *(.init5)
 *(.init6)
 .init6         0x00000440       0x20 c:/program files (x86)/atmel/studio/7.0/toolchain/avr8/avr8-gnu-toolchain/bin/../lib/gcc/avr/5.4.0/avr6\libgcc.a(_ctors.o)
                0x00000440                __do_global_ctors
 *(.init6)
 *(.init7)
 *(.init7)
 *(.init8)
 *(.init8)
 *(.init9)
 .init9         0x00000460        0x8 C:/Program Files (x86)/Atmel/Studio/7.0/Packs/atmel/ATmega_DFP/1.7.374/gcc/dev/atmega2560/avr6/crtatmega2560.o
 *(.init9)
 *(.text)
 .text          0x00000468        0x2 C:/Program Files (x86)/Atmel/Studio/7.0/Packs/atmel/ATmega_DFP/1.7.374/gcc/dev/atmega2560/avr6/crtatmega2560.o
                0x00000468                __vector_38
                0x00000468                __vector_22
                0x00000468                __vector_28
                0x00000468                __vector_1
                0x00000468                __vector_32
                0x00000468                __vector_34
                0x00000468                __vector_24
                0x00000468                __vector_12
                0x00000468                __vector_46
                0x00000468                __bad_interrupt
                0x00000468                __vector_6
                0x00000468                __vector_31
                0x00000468                __vector_35
                0x00000468                __vector_39
                0x00000468                __vector_3
                0x00000468                __vector_23
                0x00000468                __vector_30
                0x00000468                __vector_45
                0x00000468                __vector_11
                0x00000468                __vector_19
                0x00000468                __vector_56
                0x00000468                __vector_7
                0x00000468                __vector_49
                0x00000468                __vector_41
                0x00000468                __vector_43
                0x00000468                __vector_27
                0x00000468                __vector_5
                0x00000468                __vector_33
                0x00000468                __vector_47
                0x00000468                __vector_4
                0x00000468                __vector_44
                0x00000468                __vector_9
                0x00000468                __vector_2
                0x00000468                __vector_15
                0x00000468                __vector_29
                0x00000468                __vector_40
                0x00000468                __vector_8
                0x00000468                __vector_48
                0x00000468                __vector_14
                0x00000468                __vector_53
                0x00000468                __vector_10
                0x00000468                __vector_50
                0x00000468                __vector_16
                0x00000468                __vector_18
                0x00000468                __vector_20
                0x00000468                __vector_42
                0x0000046a                . = ALIGN (0x2)
 *(.text.*)
 .text.rfAdapter_init
                0x0000046a       0x10 communication/rfAdapter.o
                0x0000046a                rfAdapter_init
 .text.rfAdapter_worker
                0x0000047a        0x4 communication/rfAdapter.o
                0x0000047a                rfAdapter_worker
 .text.rfAdapter_receiveSetLed
                0x0000047e       0x18 communication/rfAdapter.o
                0x0000047e                rfAdapter_receiveSetLed
 .text.rfAdapter_receiveToggleLed
                0x00000496        0x8 communication/rfAdapter.o
                0x00000496                rfAdapter_receiveToggleLed
 .text.rfAdapter_receiveLcdClear
                0x0000049e        0x8 communication/rfAdapter.o
                0x0000049e                rfAdapter_receiveLcdClear
 .text.rfAdapter_receiveLcdGoto
                0x000004a6        0xa communication/rfAdapter.o
                0x000004a6                rfAdapter_receiveLcdGoto
 .text.rfAdapter_receiveLcdPrint
                0x000004b0       0x60 communication/rfAdapter.o
                0x000004b0                rfAdapter_receiveLcdPrint
 .text.serialAdapter_processFrame
                0x00000510       0x56 communication/rfAdapter.o
                0x00000510                serialAdapter_processFrame
 .text.rfAdapter_sendSetLed
                0x00000566       0x36 communication/rfAdapter.o
                0x00000566                rfAdapter_sendSetLed
 .text.rfAdapter_sendToggleLed
                0x0000059c       0x34 communication/rfAdapter.o
                0x0000059c                rfAdapter_sendToggleLed
 .text.rfAdapter_sendLcdClear
                0x000005d0       0x34 communication/rfAdapter.o
                0x000005d0                rfAdapter_sendLcdClear
 .text.rfAdapter_sendLcdGoto
                0x00000604       0x38 communication/rfAdapter.o
                0x00000604                rfAdapter_sendLcdGoto
 .text.rfAdapter_sendLcdPrint
                0x0000063c       0x80 communication/rfAdapter.o
                0x0000063c                rfAdapter_sendLcdPrint
 .text.rfAdapter_sendLcdPrintProcMem
                0x000006bc       0x90 communication/rfAdapter.o
                0x000006bc                rfAdapter_sendLcdPrintProcMem
 .text.serialAdapter_hasTimeout
                0x0000074c       0x48 communication/serialAdapter.o
                0x0000074c                serialAdapter_hasTimeout
 .text.serialAdapter_init
                0x00000794        0x4 communication/serialAdapter.o
                0x00000794                serialAdapter_init
 .text.serialAdapter_waitForData
                0x00000798       0x48 communication/serialAdapter.o
                0x00000798                serialAdapter_waitForData
 .text.serialAdapter_calculateChecksum
                0x000007e0       0x1c communication/serialAdapter.o
                0x000007e0                serialAdapter_calculateChecksum
 .text.serialAdapter_calculateFrameChecksum
                0x000007fc       0x26 communication/serialAdapter.o
                0x000007fc                serialAdapter_calculateFrameChecksum
 .text.serialAdapter_writeFrame
                0x00000822       0x80 communication/serialAdapter.o
                0x00000822                serialAdapter_writeFrame
 .text.serialAdapter_worker
                0x000008a2      0x114 communication/serialAdapter.o
                0x000008a2                serialAdapter_worker
 .text.xbee_init
                0x000009b6        0x8 communication/xbee.o
                0x000009b6                xbee_init
 .text.xbee_write
                0x000009be        0x4 communication/xbee.o
                0x000009be                xbee_write
 .text.xbee_writeData
                0x000009c2       0x36 communication/xbee.o
                0x000009c2                xbee_writeData
 .text.xbee_read
                0x000009f8       0x54 communication/xbee.o
                0x000009f8                xbee_read
 .text.xbee_getNumberOfBytesReceived
                0x00000a4c        0x4 communication/xbee.o
                0x00000a4c                xbee_getNumberOfBytesReceived
 .text.xbee_readBuffer
                0x00000a50       0x9a communication/xbee.o
                0x00000a50                xbee_readBuffer
 .text.lcd_enablePulse
                0x00000aea       0x2a lib/lcd.o
 .text.lcd_sendNibble
                0x00000b14       0x66 lib/lcd.o
 .text.lcd_printf_p
                0x00000b7a       0x50 lib/lcd.o
                0x00000b7a                lcd_printf_p
 .text.lcd_sendCommand
                0x00000bca       0x2a lib/lcd.o
                0x00000bca                lcd_sendCommand
 .text.lcd_init
                0x00000bf4       0x8a lib/lcd.o
                0x00000bf4                lcd_init
 .text.lcd_clear
                0x00000c7e       0x1a lib/lcd.o
                0x00000c7e                lcd_clear
 .text.lcd_displayOn
                0x00000c98        0x6 lib/lcd.o
                0x00000c98                lcd_displayOn
 .text.lcd_displayOff
                0x00000c9e        0x6 lib/lcd.o
                0x00000c9e                lcd_displayOff
 .text.lcd_goto
                0x00000ca4       0x32 lib/lcd.o
                0x00000ca4                lcd_goto
 .text.lcd_sendData
                0x00000cd6       0x2a lib/lcd.o
                0x00000cd6                lcd_sendData
 .text.lcd_line1
                0x00000d00        0x8 lib/lcd.o
                0x00000d00                lcd_line1
 .text.lcd_line2
                0x00000d08        0x8 lib/lcd.o
                0x00000d08                lcd_line2
 .text.lcd_writeChar
                0x00000d10       0x78 lib/lcd.o
                0x00000d10                lcd_writeChar
 .text.lcd_stdioPutChar
                0x00000d88        0x8 lib/lcd.o
                0x00000d88                lcd_stdioPutChar
 .text.lcd_writeString
                0x00000d90       0x2a lib/lcd.o
                0x00000d90                lcd_writeString
 .text.lcd_writeProgString
                0x00000dba       0x2c lib/lcd.o
                0x00000dba                lcd_writeProgString
 .text.lcd_writeDec
                0x00000de6       0x8a lib/lcd.o
                0x00000de6                lcd_writeDec
 .text.rq_isEmpty
                0x00000e70        0xe lib/ready_queue.o
                0x00000e70                rq_isEmpty
 .text.rq_pop   0x00000e7e       0x40 lib/ready_queue.o
                0x00000e7e                rq_pop
 .text.rq_isFull
                0x00000ebe       0x26 lib/ready_queue.o
                0x00000ebe                rq_isFull
 .text.rq_push  0x00000ee4       0x42 lib/ready_queue.o
                0x00000ee4                rq_push
 .text.rq_clear
                0x00000f26        0x8 lib/ready_queue.o
                0x00000f26                rq_clear
 .text.rq_remove
                0x00000f2e       0x7c lib/ready_queue.o
                0x00000f2e                rq_remove
 .text.__vector_17
                0x00000faa       0x4a lib/stop_watch.o
                0x00000faa                __vector_17
 .text.stopWatch_deactivateInterrupt
                0x00000ff4       0x18 lib/stop_watch.o
                0x00000ff4                stopWatch_deactivateInterrupt
 .text.stopWatch_init
                0x0000100c       0x26 lib/stop_watch.o
                0x0000100c                stopWatch_init
 .text.usb2_init
                0x00001032       0x2c lib/terminal.o
                0x00001032                usb2_init
 .text.usb2_write
                0x0000105e        0xe lib/terminal.o
                0x0000105e                usb2_write
 .text.usb2_writeProgString
                0x0000106c       0x3a lib/terminal.o
                0x0000106c                usb2_writeProgString
 .text.terminal_init
                0x000010a6       0x10 lib/terminal.o
                0x000010a6                terminal_init
 .text.terminal_writeChar
                0x000010b6       0x14 lib/terminal.o
                0x000010b6                terminal_writeChar
 .text.terminal_writeProgString
                0x000010ca        0x4 lib/terminal.o
                0x000010ca                terminal_writeProgString
 .text.stdio_put_char
                0x000010ce       0x1e lib/terminal.o
                0x000010ce                stdio_put_char
 .text.terminal_newLine
                0x000010ec        0x6 lib/terminal.o
                0x000010ec                terminal_newLine
 .text.terminal_log_printf_p
                0x000010f2       0x5c lib/terminal.o
                0x000010f2                terminal_log_printf_p
 .text.__vector_25
                0x0000114e       0x62 lib/uart.o
                0x0000114e                __vector_25
 .text.__vector_26
                0x000011b0       0x5a lib/uart.o
                0x000011b0                __vector_26
 .text.__vector_36
                0x0000120a       0x62 lib/uart.o
                0x0000120a                __vector_36
 .text.__vector_37
                0x0000126c       0x5c lib/uart.o
                0x0000126c                __vector_37
 .text.__vector_51
                0x000012c8       0x62 lib/uart.o
                0x000012c8                __vector_51
 .text.__vector_52
                0x0000132a       0x5c lib/uart.o
                0x0000132a                __vector_52
 .text.__vector_54
                0x00001386       0x64 lib/uart.o
                0x00001386                __vector_54
 .text.__vector_55
                0x000013ea       0x5a lib/uart.o
                0x000013ea                __vector_55
 .text.uart3_init
                0x00001444       0x36 lib/uart.o
                0x00001444                uart3_init
 .text.uart3_getc
                0x0000147a       0x3a lib/uart.o
                0x0000147a                uart3_getc
 .text.uart3_putc
                0x000014b4       0x28 lib/uart.o
                0x000014b4                uart3_putc
 .text.uart3_getrxcount
                0x000014dc       0x28 lib/uart.o
                0x000014dc                uart3_getrxcount
 .text.__vector_21
                0x00001504       0x4a lib/util.o
                0x00001504                __vector_21
 .text.initSystemTime
                0x0000154e       0x38 lib/util.o
                0x0000154e                initSystemTime
 .text.getSystemTime_ms
                0x00001586       0x5a lib/util.o
                0x00001586                getSystemTime_ms
 .text.delayMs  0x000015e0       0x5a lib/util.o
                0x000015e0                delayMs
 .text.assertPstr
                0x0000163a       0x30 lib/util.o
                0x0000163a                assertPstr
 .text.main     0x0000166a       0x12 main.o
                0x0000166a                main
 .text.os_initTimer
                0x0000167c       0x32 os_core.o
                0x0000167c                os_initTimer
 .text.os_init  0x000016ae       0x82 os_core.o
                0x000016ae                os_init
 .text.os_errorPstr
                0x00001730       0x70 os_core.o
                0x00001730                os_errorPstr
 .text.prog0    0x000017a0       0x22 os_scheduler.o
                0x000017a0                prog0
 .text.addressOfProgram
                0x000017c2        0xa os_scheduler.o
                0x000017c2                addressOfProgram
 .text.os_checkAutostartProgram
                0x000017cc       0x24 os_scheduler.o
                0x000017cc                os_checkAutostartProgram
 .text.os_lookupProgramFunction
                0x000017f0       0x1c os_scheduler.o
                0x000017f0                os_lookupProgramFunction
 .text.os_getProcessSlot
                0x0000180c       0x16 os_scheduler.o
                0x0000180c                os_getProcessSlot
 .text.os_getProgramSlot
                0x00001822        0xc os_scheduler.o
                0x00001822                os_getProgramSlot
 .text.os_getCurrentProc
                0x0000182e        0x6 os_scheduler.o
                0x0000182e                os_getCurrentProc
 .text.os_getSchedulingStrategy
                0x00001834        0x6 os_scheduler.o
                0x00001834                os_getSchedulingStrategy
 .text.os_enterCriticalSection
                0x0000183a       0x3e os_scheduler.o
                0x0000183a                os_enterCriticalSection
 .text.os_leaveCriticalSection
                0x00001878       0x46 os_scheduler.o
                0x00001878                os_leaveCriticalSection
 .text.registerProgram0
                0x000018be       0x22 os_scheduler.o
                0x000018be                registerProgram0
 .text.os_startScheduler
                0x000018e0       0x6a os_scheduler.o
                0x000018e0                os_startScheduler
 .text.os_getStackChecksum
                0x0000194a       0x72 os_scheduler.o
                0x0000194a                os_getStackChecksum
 .text.os_exec  0x000019bc      0x14a os_scheduler.o
                0x000019bc                os_exec
 .text.os_initScheduler
                0x00001b06       0x76 os_scheduler.o
                0x00001b06                os_initScheduler
 .text.os_isStackInBounds
                0x00001b7c       0x92 os_scheduler.o
                0x00001b7c                os_isStackInBounds
 .text.__vector_13
                0x00001c0e      0x1b6 os_scheduler.o
                0x00001c0e                __vector_13
 .text.os_yield
                0x00001dc4       0x12 os_scheduler.o
                0x00001dc4                os_yield
 .text.os_kill  0x00001dd6       0x6c os_scheduler.o
                0x00001dd6                os_kill
 .text.os_dispatcher
                0x00001e42       0x3a os_scheduler.o
                0x00001e42                os_dispatcher
 .text.os_scheduler_RoundRobin
                0x00001e7c       0x74 os_scheduling_strategies.o
                0x00001e7c                os_scheduler_RoundRobin
 .text.os_resetProcessSchedulingInformation
                0x00001ef0       0x50 os_scheduling_strategies.o
                0x00001ef0                os_resetProcessSchedulingInformation
 .text.os_resetSchedulingInformation
                0x00001f40       0x54 os_scheduling_strategies.o
                0x00001f40                os_resetSchedulingInformation
 .text.os_scheduler_DynamicPriorityRoundRobin
                0x00001f94       0xc6 os_scheduling_strategies.o
                0x00001f94                os_scheduler_DynamicPriorityRoundRobin
 .text.prog2    0x0000205a        0x6 progs/tests/ttProtocolStack.o
                0x0000205a                prog2
 .text.registerProgram1
                0x00002060       0x22 progs/tests/ttProtocolStack.o
                0x00002060                registerProgram1
 .text.registerProgram2
                0x00002082       0x22 progs/tests/ttProtocolStack.o
                0x00002082                registerProgram2
 .text.displayCounter
                0x000020a4       0x56 progs/tests/ttProtocolStack.o
                0x000020a4                displayCounter
 .text.prog1    0x000020fa      0x18a progs/tests/ttProtocolStack.o
                0x000020fa                prog1
 .text.libgcc.div
                0x00002284       0x44 c:/program files (x86)/atmel/studio/7.0/toolchain/avr8/avr8-gnu-toolchain/bin/../lib/gcc/avr/5.4.0/avr6\libgcc.a(_udivmodsi4.o)
                0x00002284                __udivmodsi4
 .text.libgcc   0x000022c8       0x10 c:/program files (x86)/atmel/studio/7.0/toolchain/avr8/avr8-gnu-toolchain/bin/../lib/gcc/avr/5.4.0/avr6\libgcc.a(_tablejump2.o)
                0x000022c8                __tablejump2__
 .text.libgcc.mul
                0x000022d8       0x1e c:/program files (x86)/atmel/studio/7.0/toolchain/avr8/avr8-gnu-toolchain/bin/../lib/gcc/avr/5.4.0/avr6\libgcc.a(_umulhisi3.o)
                0x000022d8                __umulhisi3
 .text.avr-libc
                0x000022f6       0x1e c:/program files (x86)/atmel/studio/7.0/toolchain/avr8/avr8-gnu-toolchain/bin/../lib/gcc/avr/5.4.0/../../../../avr/lib/avr6\libc.a(strncpy_P.o)
                0x000022f6                strncpy_P
 .text.avr-libc
                0x00002314       0x12 c:/program files (x86)/atmel/studio/7.0/toolchain/avr8/avr8-gnu-toolchain/bin/../lib/gcc/avr/5.4.0/../../../../avr/lib/avr6\libc.a(memcpy.o)
                0x00002314                memcpy
 .text.avr-libc
                0x00002326       0x1e c:/program files (x86)/atmel/studio/7.0/toolchain/avr8/avr8-gnu-toolchain/bin/../lib/gcc/avr/5.4.0/../../../../avr/lib/avr6\libc.a(strncpy.o)
                0x00002326                strncpy
 .text.avr-libc
                0x00002344       0x26 c:/program files (x86)/atmel/studio/7.0/toolchain/avr8/avr8-gnu-toolchain/bin/../lib/gcc/avr/5.4.0/../../../../avr/lib/avr6\libc.a(printf.o)
                0x00002344                printf
 .text.avr-libc
                0x0000236a       0x1c c:/program files (x86)/atmel/studio/7.0/toolchain/avr8/avr8-gnu-toolchain/bin/../lib/gcc/avr/5.4.0/../../../../avr/lib/avr6\libc.a(vfprintf_p.o)
                0x0000236a                vfprintf_P
 .text.avr-libc
                0x00002386      0x3fa c:/program files (x86)/atmel/studio/7.0/toolchain/avr8/avr8-gnu-toolchain/bin/../lib/gcc/avr/5.4.0/../../../../avr/lib/avr6\libc.a(vfprintf_std.o)
                0x00002386                vfprintf
 .text.avr-libc
                0x00002780       0x16 c:/program files (x86)/atmel/studio/7.0/toolchain/avr8/avr8-gnu-toolchain/bin/../lib/gcc/avr/5.4.0/../../../../avr/lib/avr6\libc.a(strnlen_P.o)
                0x00002780                strnlen_P
 .text.avr-libc
                0x00002796       0x16 c:/program files (x86)/atmel/studio/7.0/toolchain/avr8/avr8-gnu-toolchain/bin/../lib/gcc/avr/5.4.0/../../../../avr/lib/avr6\libc.a(strnlen.o)
                0x00002796                strnlen
 .text.avr-libc
                0x000027ac       0x78 c:/program files (x86)/atmel/studio/7.0/toolchain/avr8/avr8-gnu-toolchain/bin/../lib/gcc/avr/5.4.0/../../../../avr/lib/avr6\libc.a(fputc.o)
                0x000027ac                fputc
 .text.avr-libc
                0x00002824       0xbc c:/program files (x86)/atmel/studio/7.0/toolchain/avr8/avr8-gnu-toolchain/bin/../lib/gcc/avr/5.4.0/../../../../avr/lib/avr6\libc.a(ultoa_invert.o)
                0x00002824                __ultoa_invert
                0x000028e0                . = ALIGN (0x2)
 *(.fini9)
 .fini9         0x000028e0        0x0 c:/program files (x86)/atmel/studio/7.0/toolchain/avr8/avr8-gnu-toolchain/bin/../lib/gcc/avr/5.4.0/avr6\libgcc.a(_exit.o)
                0x000028e0                _exit
                0x000028e0                exit
 *(.fini9)
 *(.fini8)
 *(.fini8)
 *(.fini7)
 *(.fini7)
 *(.fini6)
 *(.fini6)
 *(.fini5)
 *(.fini5)
 *(.fini4)
 *(.fini4)
 *(.fini3)
 *(.fini3)
 *(.fini2)
 *(.fini2)
 *(.fini1)
 *(.fini1)
 *(.fini0)
 .fini0         0x000028e0        0x4 c:/program files (x86)/atmel/studio/7.0/toolchain/avr8/avr8-gnu-toolchain/bin/../lib/gcc/avr/5.4.0/avr6\libgcc.a(_exit.o)
 *(.fini0)
                0x000028e4                _etext = .

.data           0x00800200       0x3e load address 0x000028e4
                0x00800200                PROVIDE (__data_start, .)
 *(.data)
 *(.data*)
 .data.serialAdapter_address
                0x00800200        0x1 communication/rfAdapter.o
                0x00800200                serialAdapter_address
 .data.serialAdapter_startFlag
                0x00800201        0x2 communication/rfAdapter.o
                0x00800201                serialAdapter_startFlag
 .data.lcd_stdout
                0x00800203        0xe lib/lcd.o
                0x00800203                lcd_stdout
 .data.mystdout
                0x00800211        0xe lib/terminal.o
                0x00800211                mystdout
 *(.gnu.linkonce.d*)
 *(.rodata)
 .rodata        0x0080021f        0xa progs/tests/ttProtocolStack.o
 *(.rodata*)
 .rodata.str1.1
                0x00800229        0x6 os_scheduler.o
 .rodata.str1.1
                0x0080022f        0xf progs/tests/ttProtocolStack.o
 *(.gnu.linkonce.r*)
                0x0080023e                . = ALIGN (0x2)
                0x0080023e                _edata = .
                0x0080023e                PROVIDE (__data_end, .)

.bss            0x0080023e      0x25a
                0x0080023e                PROVIDE (__bss_start, .)
 *(.bss)
 *(.bss*)
 .bss.rfAdapter_initialized
                0x0080023e        0x1 communication/rfAdapter.o
                0x0080023e                rfAdapter_initialized
 .bss.stopWatch_time
                0x0080023f        0x4 lib/stop_watch.o
                0x0080023f                stopWatch_time
 .bss.UART3_LastRxError
                0x00800243        0x1 lib/uart.o
 .bss.UART3_RxTail
                0x00800244        0x1 lib/uart.o
 .bss.UART3_RxHead
                0x00800245        0x1 lib/uart.o
 .bss.UART3_TxTail
                0x00800246        0x1 lib/uart.o
 .bss.UART3_TxHead
                0x00800247        0x1 lib/uart.o
 .bss.UART3_RxBuf
                0x00800248       0x40 lib/uart.o
 .bss.UART3_TxBuf
                0x00800288        0x0 lib/uart.o
 .bss.UART2_LastRxError
                0x00800288        0x1 lib/uart.o
 .bss.UART2_RxTail
                0x00800289        0x1 lib/uart.o
 .bss.UART2_RxHead
                0x0080028a        0x1 lib/uart.o
 .bss.UART2_TxTail
                0x0080028b        0x1 lib/uart.o
 .bss.UART2_TxHead
                0x0080028c        0x1 lib/uart.o
 .bss.UART2_RxBuf
                0x0080028d        0x0 lib/uart.o
 .bss.UART2_TxBuf
                0x0080028d       0x40 lib/uart.o
 .bss.UART1_LastRxError
                0x008002cd        0x1 lib/uart.o
 .bss.UART1_RxTail
                0x008002ce        0x1 lib/uart.o
 .bss.UART1_RxHead
                0x008002cf        0x1 lib/uart.o
 .bss.UART1_TxTail
                0x008002d0        0x1 lib/uart.o
 .bss.UART1_TxHead
                0x008002d1        0x1 lib/uart.o
 .bss.UART1_RxBuf
                0x008002d2      0x100 lib/uart.o
 .bss.UART1_TxBuf
                0x008003d2       0x40 lib/uart.o
 .bss.UART0_LastRxError
                0x00800412        0x1 lib/uart.o
 .bss.UART0_RxTail
                0x00800413        0x1 lib/uart.o
 .bss.UART0_RxHead
                0x00800414        0x1 lib/uart.o
 .bss.UART0_TxTail
                0x00800415        0x1 lib/uart.o
 .bss.UART0_TxHead
                0x00800416        0x1 lib/uart.o
 .bss.UART0_RxBuf
                0x00800417        0x0 lib/uart.o
 .bss.UART0_TxBuf
                0x00800417        0x0 lib/uart.o
 .bss.criticalSectionCount
                0x00800417        0x1 os_scheduler.o
                0x00800417                criticalSectionCount
 .bss.currSchedStrat
                0x00800418        0x1 os_scheduler.o
                0x00800418                currSchedStrat
 .bss.currentProc
                0x00800419        0x1 os_scheduler.o
                0x00800419                currentProc
 *(COMMON)
 COMMON         0x0080041a        0x1 lib/lcd.o
                0x0080041a                charCtr
 COMMON         0x0080041b        0x4 lib/util.o
                0x0080041b                os_coarseSystemTime
 COMMON         0x0080041f       0x52 os_scheduler.o
                0x0080041f                os_processes
                0x0080044f                os_programs
                0x0080046f                os_autostart
 COMMON         0x00800471       0x21 os_scheduling_strategies.o
                0x00800471                schedulingInfo
 COMMON         0x00800492        0x6 c:/program files (x86)/atmel/studio/7.0/toolchain/avr8/avr8-gnu-toolchain/bin/../lib/gcc/avr/5.4.0/../../../../avr/lib/avr6\libc.a(iob.o)
                0x00800492                __iob
                0x00800498                PROVIDE (__bss_end, .)
                0x000028e4                __data_load_start = LOADADDR (.data)
                0x00002922                __data_load_end = (__data_load_start + SIZEOF (.data))

.noinit         0x00800498        0x0
                [!provide]                PROVIDE (__noinit_start, .)
 *(.noinit*)
                [!provide]                PROVIDE (__noinit_end, .)
                0x00800498                _end = .
                0x00800498                PROVIDE (__heap_start, .)

.eeprom         0x00810000        0x0
 *(.eeprom*)
                0x00810000                __eeprom_end = .

.fuse
 *(.fuse)
 *(.lfuse)
 *(.hfuse)
 *(.efuse)

.lock
 *(.lock*)

.signature
 *(.signature*)

.user_signatures
 *(.user_signatures*)

.stab
 *(.stab)

.stabstr
 *(.stabstr)

.stab.excl
 *(.stab.excl)

.stab.exclstr
 *(.stab.exclstr)

.stab.index
 *(.stab.index)

.stab.indexstr
 *(.stab.indexstr)

.comment        0x00000000       0x5c
 *(.comment)
 .comment       0x00000000       0x30 communication/rfAdapter.o
                                 0x31 (size before relaxing)
 .comment       0x00000030       0x31 communication/serialAdapter.o
 .comment       0x00000030       0x31 communication/xbee.o
 .comment       0x00000030       0x31 lib/lcd.o
 .comment       0x00000030       0x31 lib/ready_queue.o
 .comment       0x00000030       0x31 lib/stop_watch.o
 .comment       0x00000030       0x31 lib/terminal.o
 .comment       0x00000030       0x31 lib/uart.o
 .comment       0x00000030       0x31 lib/util.o
 .comment       0x00000030       0x31 main.o
 .comment       0x00000030       0x31 os_core.o
 .comment       0x00000030       0x31 os_scheduler.o
 .comment       0x00000030       0x31 os_scheduling_strategies.o
 .comment       0x00000030       0x31 progs/tests/ttProtocolStack.o
 .comment       0x00000030       0x31 c:/program files (x86)/atmel/studio/7.0/toolchain/avr8/avr8-gnu-toolchain/bin/../lib/gcc/avr/5.4.0/../../../../avr/lib/avr6\libc.a(iob.o)
 .comment       0x00000030       0x31 c:/program files (x86)/atmel/studio/7.0/toolchain/avr8/avr8-gnu-toolchain/bin/../lib/gcc/avr/5.4.0/../../../../avr/lib/avr6\libc.a(printf.o)
 .comment       0x00000030       0x31 c:/program files (x86)/atmel/studio/7.0/toolchain/avr8/avr8-gnu-toolchain/bin/../lib/gcc/avr/5.4.0/../../../../avr/lib/avr6\libc.a(vfprintf_p.o)
 .comment       0x00000030       0x2c c:/program files (x86)/atmel/studio/7.0/toolchain/avr8/avr8-gnu-toolchain/bin/../lib/gcc/avr/5.4.0/../../../../avr/lib/avr6\libc.a(vfprintf_std.o)
                                 0x2d (size before relaxing)
 .comment       0x0000005c       0x31 c:/program files (x86)/atmel/studio/7.0/toolchain/avr8/avr8-gnu-toolchain/bin/../lib/gcc/avr/5.4.0/../../../../avr/lib/avr6\libc.a(fputc.o)

.note.gnu.avr.deviceinfo
                0x00000000       0x40
 .note.gnu.avr.deviceinfo
                0x00000000       0x40 C:/Program Files (x86)/Atmel/Studio/7.0/Packs/atmel/ATmega_DFP/1.7.374/gcc/dev/atmega2560/avr6/crtatmega2560.o

.note.gnu.build-id
 *(.note.gnu.build-id)

.debug
 *(.debug)

.line
 *(.line)

.debug_srcinfo
 *(.debug_srcinfo)

.debug_sfnames
 *(.debug_sfnames)

.debug_aranges  0x00000000      0x6d8
 *(.debug_aranges)
 .debug_aranges
                0x00000000       0x90 communication/rfAdapter.o
 .debug_aranges
                0x00000090       0x60 communication/serialAdapter.o
 .debug_aranges
                0x000000f0       0x48 communication/xbee.o
 .debug_aranges
                0x00000138       0xf0 lib/lcd.o
 .debug_aranges
                0x00000228       0x58 lib/ready_queue.o
 .debug_aranges
                0x00000280       0x58 lib/stop_watch.o
 .debug_aranges
                0x000002d8       0x98 lib/terminal.o
 .debug_aranges
                0x00000370      0x160 lib/uart.o
 .debug_aranges
                0x000004d0       0x40 lib/util.o
 .debug_aranges
                0x00000510       0x20 main.o
 .debug_aranges
                0x00000530       0x30 os_core.o
 .debug_aranges
                0x00000560       0xe8 os_scheduler.o
 .debug_aranges
                0x00000648       0x40 os_scheduling_strategies.o
 .debug_aranges
                0x00000688       0x50 progs/tests/ttProtocolStack.o

.debug_pubnames
 *(.debug_pubnames)

.debug_info     0x00000000     0x6875
 *(.debug_info .gnu.linkonce.wi.*)
 .debug_info    0x00000000      0xbbc C:/Program Files (x86)/Atmel/Studio/7.0/Packs/atmel/ATmega_DFP/1.7.374/gcc/dev/atmega2560/avr6/crtatmega2560.o
 .debug_info    0x00000bbc      0x87f communication/rfAdapter.o
 .debug_info    0x0000143b      0x798 communication/serialAdapter.o
 .debug_info    0x00001bd3      0x2f1 communication/xbee.o
 .debug_info    0x00001ec4      0xe1a lib/lcd.o
 .debug_info    0x00002cde      0x347 lib/ready_queue.o
 .debug_info    0x00003025      0x2cc lib/stop_watch.o
 .debug_info    0x000032f1      0x779 lib/terminal.o
 .debug_info    0x00003a6a      0xdad lib/uart.o
 .debug_info    0x00004817      0x274 lib/util.o
 .debug_info    0x00004a8b       0xf1 main.o
 .debug_info    0x00004b7c      0x36f os_core.o
 .debug_info    0x00004eeb      0xb5c os_scheduler.o
 .debug_info    0x00005a47      0x63a os_scheduling_strategies.o
 .debug_info    0x00006081      0x7f4 progs/tests/ttProtocolStack.o

.debug_abbrev   0x00000000     0x24a4
 *(.debug_abbrev)
 .debug_abbrev  0x00000000      0xb1a C:/Program Files (x86)/Atmel/Studio/7.0/Packs/atmel/ATmega_DFP/1.7.374/gcc/dev/atmega2560/avr6/crtatmega2560.o
 .debug_abbrev  0x00000b1a      0x20f communication/rfAdapter.o
 .debug_abbrev  0x00000d29      0x1cd communication/serialAdapter.o
 .debug_abbrev  0x00000ef6      0x172 communication/xbee.o
 .debug_abbrev  0x00001068      0x326 lib/lcd.o
 .debug_abbrev  0x0000138e      0x164 lib/ready_queue.o
 .debug_abbrev  0x000014f2      0x145 lib/stop_watch.o
 .debug_abbrev  0x00001637      0x23b lib/terminal.o
 .debug_abbrev  0x00001872      0x19c lib/uart.o
 .debug_abbrev  0x00001a0e      0x1a5 lib/util.o
 .debug_abbrev  0x00001bb3       0x7e main.o
 .debug_abbrev  0x00001c31      0x18c os_core.o
 .debug_abbrev  0x00001dbd      0x371 os_scheduler.o
 .debug_abbrev  0x0000212e      0x1c8 os_scheduling_strategies.o
 .debug_abbrev  0x000022f6      0x1ae progs/tests/ttProtocolStack.o

.debug_line     0x00000000     0x3a63
 *(.debug_line .debug_line.* .debug_line_end)
 .debug_line    0x00000000      0x1fa C:/Program Files (x86)/Atmel/Studio/7.0/Packs/atmel/ATmega_DFP/1.7.374/gcc/dev/atmega2560/avr6/crtatmega2560.o
 .debug_line    0x000001fa      0x3be communication/rfAdapter.o
 .debug_line    0x000005b8      0x39a communication/serialAdapter.o
 .debug_line    0x00000952      0x1fa communication/xbee.o
 .debug_line    0x00000b4c      0x7ce lib/lcd.o
 .debug_line    0x0000131a      0x2e3 lib/ready_queue.o
 .debug_line    0x000015fd      0x286 lib/stop_watch.o
 .debug_line    0x00001883      0x463 lib/terminal.o
 .debug_line    0x00001ce6      0x900 lib/uart.o
 .debug_line    0x000025e6      0x290 lib/util.o
 .debug_line    0x00002876       0xa2 main.o
 .debug_line    0x00002918      0x2c5 os_core.o
 .debug_line    0x00002bdd      0x7c8 os_scheduler.o
 .debug_line    0x000033a5      0x2e4 os_scheduling_strategies.o
 .debug_line    0x00003689      0x3da progs/tests/ttProtocolStack.o

.debug_frame    0x00000000     0x13d4
 *(.debug_frame)
 .debug_frame   0x00000000      0x198 communication/rfAdapter.o
 .debug_frame   0x00000198      0x19c communication/serialAdapter.o
 .debug_frame   0x00000334       0xe8 communication/xbee.o
 .debug_frame   0x0000041c      0x2a0 lib/lcd.o
 .debug_frame   0x000006bc       0xd4 lib/ready_queue.o
 .debug_frame   0x00000790      0x114 lib/stop_watch.o
 .debug_frame   0x000008a4      0x1a4 lib/terminal.o
 .debug_frame   0x00000a48      0x414 lib/uart.o
 .debug_frame   0x00000e5c       0xbc lib/util.o
 .debug_frame   0x00000f18       0x24 main.o
 .debug_frame   0x00000f3c       0x84 os_core.o
 .debug_frame   0x00000fc0      0x2cc os_scheduler.o
 .debug_frame   0x0000128c       0xa8 os_scheduling_strategies.o
 .debug_frame   0x00001334       0xa0 progs/tests/ttProtocolStack.o

.debug_str      0x00000000     0x1a7b
 *(.debug_str)
 .debug_str     0x00000000      0x3e6 C:/Program Files (x86)/Atmel/Studio/7.0/Packs/atmel/ATmega_DFP/1.7.374/gcc/dev/atmega2560/avr6/crtatmega2560.o
 .debug_str     0x000003e6      0x518 communication/rfAdapter.o
                                0x58f (size before relaxing)
 .debug_str     0x000008fe      0x19c communication/serialAdapter.o
                                0x4b3 (size before relaxing)
 .debug_str     0x00000a9a       0x73 communication/xbee.o
                                0x255 (size before relaxing)
 .debug_str     0x00000b0d      0x294 lib/lcd.o
                                0x446 (size before relaxing)
 .debug_str     0x00000da1       0x93 lib/ready_queue.o
                                0x246 (size before relaxing)
 .debug_str     0x00000e34      0x129 lib/stop_watch.o
                                0x2f3 (size before relaxing)
 .debug_str     0x00000f5d      0x14c lib/terminal.o
                                0x39a (size before relaxing)
 .debug_str     0x000010a9      0x3ab lib/uart.o
                                0x584 (size before relaxing)
 .debug_str     0x00001454       0x63 lib/util.o
                                0x27f (size before relaxing)
 .debug_str     0x000014b7       0x2b main.o
                                0x1a4 (size before relaxing)
 .debug_str     0x000014e2       0x3a os_core.o
                                0x2f7 (size before relaxing)
 .debug_str     0x0000151c      0x43e os_scheduler.o
                                0x6a1 (size before relaxing)
 .debug_str     0x0000195a       0x75 os_scheduling_strategies.o
                                0x481 (size before relaxing)
 .debug_str     0x000019cf       0xac progs/tests/ttProtocolStack.o
                                0x3a7 (size before relaxing)

.debug_loc      0x00000000     0x4642
 *(.debug_loc)
 .debug_loc     0x00000000      0x550 communication/rfAdapter.o
 .debug_loc     0x00000550      0x6e6 communication/serialAdapter.o
 .debug_loc     0x00000c36      0x393 communication/xbee.o
 .debug_loc     0x00000fc9      0xb94 lib/lcd.o
 .debug_loc     0x00001b5d      0x325 lib/ready_queue.o
 .debug_loc     0x00001e82      0x2aa lib/stop_watch.o
 .debug_loc     0x0000212c      0x50c lib/terminal.o
 .debug_loc     0x00002638      0xefa lib/uart.o
 .debug_loc     0x00003532      0x1ed lib/util.o
 .debug_loc     0x0000371f      0x1a4 os_core.o
 .debug_loc     0x000038c3      0x8f2 os_scheduler.o
 .debug_loc     0x000041b5      0x351 os_scheduling_strategies.o
 .debug_loc     0x00004506      0x13c progs/tests/ttProtocolStack.o

.debug_macinfo
 *(.debug_macinfo)

.debug_weaknames
 *(.debug_weaknames)

.debug_funcnames
 *(.debug_funcnames)

.debug_typenames
 *(.debug_typenames)

.debug_varnames
 *(.debug_varnames)

.debug_pubtypes
 *(.debug_pubtypes)

.debug_ranges   0x00000000      0x668
 *(.debug_ranges)
 .debug_ranges  0x00000000       0x80 communication/rfAdapter.o
 .debug_ranges  0x00000080       0x50 communication/serialAdapter.o
 .debug_ranges  0x000000d0       0x38 communication/xbee.o
 .debug_ranges  0x00000108       0xe0 lib/lcd.o
 .debug_ranges  0x000001e8       0x48 lib/ready_queue.o
 .debug_ranges  0x00000230       0x48 lib/stop_watch.o
 .debug_ranges  0x00000278       0x88 lib/terminal.o
 .debug_ranges  0x00000300      0x150 lib/uart.o
 .debug_ranges  0x00000450       0x30 lib/util.o
 .debug_ranges  0x00000480       0x10 main.o
 .debug_ranges  0x00000490       0x20 os_core.o
 .debug_ranges  0x000004b0       0xf0 os_scheduler.o
 .debug_ranges  0x000005a0       0x88 os_scheduling_strategies.o
 .debug_ranges  0x00000628       0x40 progs/tests/ttProtocolStack.o

.debug_macro
 *(.debug_macro)
OUTPUT(DEOS.elf elf32-avr)
LOAD linker stubs
