Archive member included to satisfy reference by file (symbol)

c:/program files (x86)/atmel/studio/7.0/toolchain/avr8/avr8-gnu-toolchain/bin/../lib/gcc/avr/5.4.0/avr6\libgcc.a(_udivmodsi4.o)
                              lib/lcd.o (__udivmodsi4)
c:/program files (x86)/atmel/studio/7.0/toolchain/avr8/avr8-gnu-toolchain/bin/../lib/gcc/avr/5.4.0/avr6\libgcc.a(_exit.o)
                              C:/Program Files (x86)/Atmel/Studio/7.0/Packs/atmel/ATmega_DFP/1.7.374/gcc/dev/atmega2560/avr6/crtatmega2560.o (exit)
c:/program files (x86)/atmel/studio/7.0/toolchain/avr8/avr8-gnu-toolchain/bin/../lib/gcc/avr/5.4.0/avr6\libgcc.a(_tablejump2.o)
                              lib/lcd.o (__tablejump2__)
c:/program files (x86)/atmel/studio/7.0/toolchain/avr8/avr8-gnu-toolchain/bin/../lib/gcc/avr/5.4.0/avr6\libgcc.a(_copy_data.o)
                              communication/rfAdapter.o (__do_copy_data)
c:/program files (x86)/atmel/studio/7.0/toolchain/avr8/avr8-gnu-toolchain/bin/../lib/gcc/avr/5.4.0/avr6\libgcc.a(_clear_bss.o)
                              communication/rfAdapter.o (__do_clear_bss)
c:/program files (x86)/atmel/studio/7.0/toolchain/avr8/avr8-gnu-toolchain/bin/../lib/gcc/avr/5.4.0/avr6\libgcc.a(_ctors.o)
                              os_scheduler.o (__do_global_ctors)
c:/program files (x86)/atmel/studio/7.0/toolchain/avr8/avr8-gnu-toolchain/bin/../lib/gcc/avr/5.4.0/avr6\libgcc.a(_umulhisi3.o)
                              os_scheduler.o (__umulhisi3)
c:/program files (x86)/atmel/studio/7.0/toolchain/avr8/avr8-gnu-toolchain/bin/../lib/gcc/avr/5.4.0/../../../../avr/lib/avr6\libc.a(strncpy_P.o)
                              communication/rfAdapter.o (strncpy_P)
c:/program files (x86)/atmel/studio/7.0/toolchain/avr8/avr8-gnu-toolchain/bin/../lib/gcc/avr/5.4.0/../../../../avr/lib/avr6\libc.a(memcpy.o)
                              communication/rfAdapter.o (memcpy)
c:/program files (x86)/atmel/studio/7.0/toolchain/avr8/avr8-gnu-toolchain/bin/../lib/gcc/avr/5.4.0/../../../../avr/lib/avr6\libc.a(strncpy.o)
                              communication/rfAdapter.o (strncpy)
c:/program files (x86)/atmel/studio/7.0/toolchain/avr8/avr8-gnu-toolchain/bin/../lib/gcc/avr/5.4.0/../../../../avr/lib/avr6\libc.a(iob.o)
                              lib/lcd.o (__iob)
c:/program files (x86)/atmel/studio/7.0/toolchain/avr8/avr8-gnu-toolchain/bin/../lib/gcc/avr/5.4.0/../../../../avr/lib/avr6\libc.a(printf.o)
                              communication/rfAdapter.o (printf)
c:/program files (x86)/atmel/studio/7.0/toolchain/avr8/avr8-gnu-toolchain/bin/../lib/gcc/avr/5.4.0/../../../../avr/lib/avr6\libc.a(puts.o)
                              communication/rfAdapter.o (puts)
c:/program files (x86)/atmel/studio/7.0/toolchain/avr8/avr8-gnu-toolchain/bin/../lib/gcc/avr/5.4.0/../../../../avr/lib/avr6\libc.a(vfprintf_p.o)
                              lib/lcd.o (vfprintf_P)
c:/program files (x86)/atmel/studio/7.0/toolchain/avr8/avr8-gnu-toolchain/bin/../lib/gcc/avr/5.4.0/../../../../avr/lib/avr6\libc.a(vfprintf_std.o)
                              c:/program files (x86)/atmel/studio/7.0/toolchain/avr8/avr8-gnu-toolchain/bin/../lib/gcc/avr/5.4.0/../../../../avr/lib/avr6\libc.a(printf.o) (vfprintf)
c:/program files (x86)/atmel/studio/7.0/toolchain/avr8/avr8-gnu-toolchain/bin/../lib/gcc/avr/5.4.0/../../../../avr/lib/avr6\libc.a(strnlen_P.o)
                              c:/program files (x86)/atmel/studio/7.0/toolchain/avr8/avr8-gnu-toolchain/bin/../lib/gcc/avr/5.4.0/../../../../avr/lib/avr6\libc.a(vfprintf_std.o) (strnlen_P)
c:/program files (x86)/atmel/studio/7.0/toolchain/avr8/avr8-gnu-toolchain/bin/../lib/gcc/avr/5.4.0/../../../../avr/lib/avr6\libc.a(strnlen.o)
                              c:/program files (x86)/atmel/studio/7.0/toolchain/avr8/avr8-gnu-toolchain/bin/../lib/gcc/avr/5.4.0/../../../../avr/lib/avr6\libc.a(vfprintf_std.o) (strnlen)
c:/program files (x86)/atmel/studio/7.0/toolchain/avr8/avr8-gnu-toolchain/bin/../lib/gcc/avr/5.4.0/../../../../avr/lib/avr6\libc.a(fputc.o)
                              c:/program files (x86)/atmel/studio/7.0/toolchain/avr8/avr8-gnu-toolchain/bin/../lib/gcc/avr/5.4.0/../../../../avr/lib/avr6\libc.a(vfprintf_std.o) (fputc)
c:/program files (x86)/atmel/studio/7.0/toolchain/avr8/avr8-gnu-toolchain/bin/../lib/gcc/avr/5.4.0/../../../../avr/lib/avr6\libc.a(ultoa_invert.o)
                              c:/program files (x86)/atmel/studio/7.0/toolchain/avr8/avr8-gnu-toolchain/bin/../lib/gcc/avr/5.4.0/../../../../avr/lib/avr6\libc.a(vfprintf_std.o) (__ultoa_invert)

Allocating common symbols
Common symbol       size              file

os_processes        0x30              os_scheduler.o
charCtr             0x1               lib/lcd.o
schedulingInfo      0x21              os_scheduling_strategies.o
os_programs         0x20              os_scheduler.o
os_coarseSystemTime
                    0x4               lib/util.o
os_autostart        0x2               os_scheduler.o
__iob               0x6               c:/program files (x86)/atmel/studio/7.0/toolchain/avr8/avr8-gnu-toolchain/bin/../lib/gcc/avr/5.4.0/../../../../avr/lib/avr6\libc.a(iob.o)

Discarded input sections

 .data          0x00000000        0x0 C:/Program Files (x86)/Atmel/Studio/7.0/Packs/atmel/ATmega_DFP/1.7.374/gcc/dev/atmega2560/avr6/crtatmega2560.o
 .bss           0x00000000        0x0 C:/Program Files (x86)/Atmel/Studio/7.0/Packs/atmel/ATmega_DFP/1.7.374/gcc/dev/atmega2560/avr6/crtatmega2560.o
 .text          0x00000000        0x0 communication/rfAdapter.o
 .data          0x00000000        0x0 communication/rfAdapter.o
 .bss           0x00000000        0x0 communication/rfAdapter.o
 .text.rfAdapter_isInitialized
                0x00000000        0x6 communication/rfAdapter.o
 .text          0x00000000        0x0 communication/serialAdapter.o
 .data          0x00000000        0x0 communication/serialAdapter.o
 .bss           0x00000000        0x0 communication/serialAdapter.o
 .text.serialAdapter_waitForAnyByte
                0x00000000       0x10 communication/serialAdapter.o
 .text          0x00000000        0x0 communication/xbee.o
 .data          0x00000000        0x0 communication/xbee.o
 .bss           0x00000000        0x0 communication/xbee.o
 .text          0x00000000        0x0 lib/buttons.o
 .data          0x00000000        0x0 lib/buttons.o
 .bss           0x00000000        0x0 lib/buttons.o
 .text.buttons_read
                0x00000000       0x64 lib/buttons.o
 .text.buttons_pressed
                0x00000000       0x14 lib/buttons.o
 .text.buttons_released
                0x00000000       0x16 lib/buttons.o
 .text.buttons_waitForPressed
                0x00000000       0x12 lib/buttons.o
 .text.buttons_waitForReleased
                0x00000000       0x12 lib/buttons.o
 .debug_info    0x00000000      0x1ca lib/buttons.o
 .debug_abbrev  0x00000000       0xfb lib/buttons.o
 .debug_loc     0x00000000      0x1a0 lib/buttons.o
 .debug_aranges
                0x00000000       0x40 lib/buttons.o
 .debug_ranges  0x00000000       0x30 lib/buttons.o
 .debug_line    0x00000000      0x198 lib/buttons.o
 .debug_str     0x00000000      0x23b lib/buttons.o
 .comment       0x00000000       0x31 lib/buttons.o
 .debug_frame   0x00000000       0x84 lib/buttons.o
 .text          0x00000000        0x0 lib/lcd.o
 .data          0x00000000        0x0 lib/lcd.o
 .bss           0x00000000        0x0 lib/lcd.o
 .text.lcd_home
                0x00000000       0x1c lib/lcd.o
 .text.lcd_cursorOn
                0x00000000        0x8 lib/lcd.o
 .text.lcd_cursorOff
                0x00000000        0x8 lib/lcd.o
 .text.lcd_blinkOn
                0x00000000        0x8 lib/lcd.o
 .text.lcd_blinkOff
                0x00000000        0x8 lib/lcd.o
 .text.lcd_writeHexNibble
                0x00000000       0x26 lib/lcd.o
 .text.lcd_writeHexByte
                0x00000000       0x22 lib/lcd.o
 .text.lcd_writeHexWord
                0x00000000       0x22 lib/lcd.o
 .text.lcd_writeHex
                0x00000000       0x44 lib/lcd.o
 .text.lcd_drawBar
                0x00000000       0x48 lib/lcd.o
 .text          0x00000000        0x0 lib/ready_queue.o
 .data          0x00000000        0x0 lib/ready_queue.o
 .bss           0x00000000        0x0 lib/ready_queue.o
 .text.rq_init  0x00000000        0x8 lib/ready_queue.o
 .text.rq_print
                0x00000000       0x64 lib/ready_queue.o
 .progmem.data.__c.2316
                0x00000000        0x3 lib/ready_queue.o
 .text          0x00000000        0x0 lib/stop_watch.o
 .data          0x00000000        0x0 lib/stop_watch.o
 .bss           0x00000000        0x0 lib/stop_watch.o
 .text.stopWatch_activateInterrupt
                0x00000000       0x18 lib/stop_watch.o
 .text.stopWatch_getTime
                0x00000000       0x9a lib/stop_watch.o
 .text.stopWatch_start
                0x00000000       0x6e lib/stop_watch.o
 .text.stopWatch_measure
                0x00000000       0x4a lib/stop_watch.o
 .text.stopWatch_stop
                0x00000000       0x58 lib/stop_watch.o
 .progmem.data.__c.2304
                0x00000000       0x15 lib/stop_watch.o
 .progmem.data.__c.2294
                0x00000000       0x1e lib/stop_watch.o
 .data.stopWatch_offset
                0x00000000        0x4 lib/stop_watch.o
 .bss.stopWatch_runningInstances
                0x00000000        0x1 lib/stop_watch.o
 .text          0x00000000        0x0 lib/terminal.o
 .data          0x00000000        0x0 lib/terminal.o
 .bss           0x00000000        0x0 lib/terminal.o
 .text.usb2_read
                0x00000000        0xe lib/terminal.o
 .text.usb2_writeString
                0x00000000       0x4a lib/terminal.o
 .text.terminal_writeHexNibble
                0x00000000       0x14 lib/terminal.o
 .text.terminal_writeHexByte
                0x00000000       0x22 lib/terminal.o
 .text.terminal_writeHexWord
                0x00000000       0x22 lib/terminal.o
 .text.terminal_writeDec
                0x00000000       0x92 lib/terminal.o
 .text.terminal_writeString
                0x00000000        0x6 lib/terminal.o
 .text          0x00000000        0x0 lib/uart.o
 .data          0x00000000        0x0 lib/uart.o
 .bss           0x00000000        0x0 lib/uart.o
 .text.uart0_init
                0x00000000       0x36 lib/uart.o
 .text.uart0_getc
                0x00000000       0x3a lib/uart.o
 .text.uart0_putc
                0x00000000       0x28 lib/uart.o
 .text.uart0_puts
                0x00000000       0x1a lib/uart.o
 .text.uart0_puts_p
                0x00000000       0x1e lib/uart.o
 .text.uart0_gettxcount
                0x00000000       0x1e lib/uart.o
 .text.uart0_disable
                0x00000000       0x12 lib/uart.o
 .text.uart1_init
                0x00000000       0x36 lib/uart.o
 .text.uart1_getc
                0x00000000       0x38 lib/uart.o
 .text.uart1_putc
                0x00000000       0x2a lib/uart.o
 .text.uart1_puts
                0x00000000       0x1a lib/uart.o
 .text.uart1_puts_p
                0x00000000       0x1e lib/uart.o
 .text.uart1_getrxcount
                0x00000000       0x28 lib/uart.o
 .text.uart1_gettxcount
                0x00000000       0x28 lib/uart.o
 .text.uart1_disable
                0x00000000       0x12 lib/uart.o
 .text.uart2_flush_blocking
                0x00000000       0x30 lib/uart.o
 .text.uart2_init
                0x00000000       0x36 lib/uart.o
 .text.uart2_getc
                0x00000000       0x38 lib/uart.o
 .text.uart2_putc
                0x00000000       0x2a lib/uart.o
 .text.uart2_puts
                0x00000000       0x1a lib/uart.o
 .text.uart2_puts_p
                0x00000000       0x1e lib/uart.o
 .text.uart2_getrxcount
                0x00000000       0x1e lib/uart.o
 .text.uart2_gettxcount
                0x00000000       0x28 lib/uart.o
 .text.uart2_disable
                0x00000000       0x12 lib/uart.o
 .text.uart3_puts
                0x00000000       0x1a lib/uart.o
 .text.uart3_puts_p
                0x00000000       0x1e lib/uart.o
 .text.uart3_gettxcount
                0x00000000       0x1e lib/uart.o
 .text.uart3_disable
                0x00000000       0x12 lib/uart.o
 .text          0x00000000        0x0 lib/util.o
 .data          0x00000000        0x0 lib/util.o
 .bss           0x00000000        0x0 lib/util.o
 .text          0x00000000        0x0 main.o
 .data          0x00000000        0x0 main.o
 .bss           0x00000000        0x0 main.o
 .text          0x00000000        0x0 os_core.o
 .data          0x00000000        0x0 os_core.o
 .bss           0x00000000        0x0 os_core.o
 .text          0x00000000        0x0 os_process.o
 .data          0x00000000        0x0 os_process.o
 .bss           0x00000000        0x0 os_process.o
 .text.os_isRunnable
                0x00000000       0x1a os_process.o
 .debug_info    0x00000000      0x1bb os_process.o
 .debug_abbrev  0x00000000       0xd7 os_process.o
 .debug_loc     0x00000000       0x56 os_process.o
 .debug_aranges
                0x00000000       0x20 os_process.o
 .debug_ranges  0x00000000       0x10 os_process.o
 .debug_line    0x00000000       0xd5 os_process.o
 .debug_str     0x00000000      0x29b os_process.o
 .comment       0x00000000       0x31 os_process.o
 .debug_frame   0x00000000       0x24 os_process.o
 .text          0x00000000        0x0 os_scheduler.o
 .data          0x00000000        0x0 os_scheduler.o
 .bss           0x00000000        0x0 os_scheduler.o
 .text.os_registerProgram
                0x00000000       0x82 os_scheduler.o
 .text.os_lookupProgramID
                0x00000000       0x2a os_scheduler.o
 .text.os_getNumberOfActiveProcs
                0x00000000       0x2a os_scheduler.o
 .text.os_getNumberOfRegisteredPrograms
                0x00000000       0x22 os_scheduler.o
 .text.os_setSchedulingStrategy
                0x00000000       0x10 os_scheduler.o
 .text.program_with_index_0_defined_twice
                0x00000000        0x2 os_scheduler.o
 .progmem.data.__c.2310
                0x00000000       0x1d os_scheduler.o
 .text          0x00000000        0x0 os_scheduling_strategies.o
 .data          0x00000000        0x0 os_scheduling_strategies.o
 .bss           0x00000000        0x0 os_scheduling_strategies.o
 .text.isAnyProcReady
                0x00000000       0x30 os_scheduling_strategies.o
 .text          0x00000000        0x0 progs/tests/ttConfigXbee.o
 .data          0x00000000        0x0 progs/tests/ttConfigXbee.o
 .bss           0x00000000        0x0 progs/tests/ttConfigXbee.o
 .debug_line    0x00000000        0x0 progs/tests/ttConfigXbee.o
 .debug_str     0x00000000      0x119 progs/tests/ttConfigXbee.o
 .comment       0x00000000       0x31 progs/tests/ttConfigXbee.o
 .text          0x00000000        0x0 progs/tests/ttInit.o
 .data          0x00000000        0x0 progs/tests/ttInit.o
 .bss           0x00000000        0x0 progs/tests/ttInit.o
 .debug_line    0x00000000        0x0 progs/tests/ttInit.o
 .debug_str     0x00000000      0x113 progs/tests/ttInit.o
 .comment       0x00000000       0x31 progs/tests/ttInit.o
 .text          0x00000000        0x0 progs/tests/ttMultiple.o
 .data          0x00000000        0x0 progs/tests/ttMultiple.o
 .bss           0x00000000        0x0 progs/tests/ttMultiple.o
 .debug_line    0x00000000        0x0 progs/tests/ttMultiple.o
 .debug_str     0x00000000      0x117 progs/tests/ttMultiple.o
 .comment       0x00000000       0x31 progs/tests/ttMultiple.o
 .text          0x00000000        0x0 progs/tests/ttProtocolStack.o
 .data          0x00000000        0x0 progs/tests/ttProtocolStack.o
 .bss           0x00000000        0x0 progs/tests/ttProtocolStack.o
 .text.program_with_index_1_defined_twice
                0x00000000        0x2 progs/tests/ttProtocolStack.o
 .text.program_with_index_2_defined_twice
                0x00000000        0x2 progs/tests/ttProtocolStack.o
 .text          0x00000000        0x0 progs/tests/ttResume.o
 .data          0x00000000        0x0 progs/tests/ttResume.o
 .bss           0x00000000        0x0 progs/tests/ttResume.o
 .debug_line    0x00000000        0x0 progs/tests/ttResume.o
 .debug_str     0x00000000      0x115 progs/tests/ttResume.o
 .comment       0x00000000       0x31 progs/tests/ttResume.o
 .text          0x00000000        0x0 progs/tests/ttScheduling.o
 .data          0x00000000        0x0 progs/tests/ttScheduling.o
 .bss           0x00000000        0x0 progs/tests/ttScheduling.o
 .debug_line    0x00000000        0x0 progs/tests/ttScheduling.o
 .debug_str     0x00000000      0x119 progs/tests/ttScheduling.o
 .comment       0x00000000       0x31 progs/tests/ttScheduling.o
 .text          0x00000000        0x0 progs/tests/ttStackConsistency.o
 .data          0x00000000        0x0 progs/tests/ttStackConsistency.o
 .bss           0x00000000        0x0 progs/tests/ttStackConsistency.o
 .debug_line    0x00000000        0x0 progs/tests/ttStackConsistency.o
 .debug_str     0x00000000      0x11f progs/tests/ttStackConsistency.o
 .comment       0x00000000       0x31 progs/tests/ttStackConsistency.o
 .text          0x00000000        0x0 progs/tests/ttTermination.o
 .data          0x00000000        0x0 progs/tests/ttTermination.o
 .bss           0x00000000        0x0 progs/tests/ttTermination.o
 .debug_line    0x00000000        0x0 progs/tests/ttTermination.o
 .debug_str     0x00000000      0x11a progs/tests/ttTermination.o
 .comment       0x00000000       0x31 progs/tests/ttTermination.o
 .text          0x00000000        0x0 progs/tests/ttStackCollision.o
 .data          0x00000000        0x0 progs/tests/ttStackCollision.o
 .bss           0x00000000        0x0 progs/tests/ttStackCollision.o
 .debug_line    0x00000000        0x0 progs/tests/ttStackCollision.o
 .debug_str     0x00000000      0x11d progs/tests/ttStackCollision.o
 .comment       0x00000000       0x31 progs/tests/ttStackCollision.o
 .text          0x00000000        0x0 progs/tests/ttYield.o
 .data          0x00000000        0x0 progs/tests/ttYield.o
 .bss           0x00000000        0x0 progs/tests/ttYield.o
 .debug_line    0x00000000        0x0 progs/tests/ttYield.o
 .debug_str     0x00000000      0x114 progs/tests/ttYield.o
 .comment       0x00000000       0x31 progs/tests/ttYield.o
 .text          0x00000000        0x0 progs/tests/ttCommunication.o
 .data          0x00000000        0x0 progs/tests/ttCommunication.o
 .bss           0x00000000        0x0 progs/tests/ttCommunication.o
 .debug_line    0x00000000        0x0 progs/tests/ttCommunication.o
 .debug_str     0x00000000      0x11c progs/tests/ttCommunication.o
 .comment       0x00000000       0x31 progs/tests/ttCommunication.o
 .text          0x00000000        0x0 progs/tests/ttSensorData.o
 .data          0x00000000        0x0 progs/tests/ttSensorData.o
 .bss           0x00000000        0x0 progs/tests/ttSensorData.o
 .debug_line    0x00000000        0x0 progs/tests/ttSensorData.o
 .debug_str     0x00000000      0x119 progs/tests/ttSensorData.o
 .comment       0x00000000       0x31 progs/tests/ttSensorData.o
 .text          0x00000000        0x0 progs/tests/ttTlcd.o
 .data          0x00000000        0x0 progs/tests/ttTlcd.o
 .bss           0x00000000        0x0 progs/tests/ttTlcd.o
 .debug_line    0x00000000        0x0 progs/tests/ttTlcd.o
 .debug_str     0x00000000      0x113 progs/tests/ttTlcd.o
 .comment       0x00000000       0x31 progs/tests/ttTlcd.o
 .text          0x00000000        0x0 progs/tests/ttIsrBenchmark.o
 .data          0x00000000        0x0 progs/tests/ttIsrBenchmark.o
 .bss           0x00000000        0x0 progs/tests/ttIsrBenchmark.o
 .debug_line    0x00000000        0x0 progs/tests/ttIsrBenchmark.o
 .debug_str     0x00000000      0x11b progs/tests/ttIsrBenchmark.o
 .comment       0x00000000       0x31 progs/tests/ttIsrBenchmark.o
 .text          0x00000000        0x0 progs/user_programs/user_prog1.o
 .data          0x00000000        0x0 progs/user_programs/user_prog1.o
 .bss           0x00000000        0x0 progs/user_programs/user_prog1.o
 .debug_line    0x00000000        0x0 progs/user_programs/user_prog1.o
 .debug_str     0x00000000      0x11f progs/user_programs/user_prog1.o
 .comment       0x00000000       0x31 progs/user_programs/user_prog1.o
 .text          0x00000000        0x0 progs/user_programs/user_prog2.o
 .data          0x00000000        0x0 progs/user_programs/user_prog2.o
 .bss           0x00000000        0x0 progs/user_programs/user_prog2.o
 .debug_line    0x00000000        0x0 progs/user_programs/user_prog2.o
 .debug_str     0x00000000      0x11f progs/user_programs/user_prog2.o
 .comment       0x00000000       0x31 progs/user_programs/user_prog2.o
 .text          0x00000000        0x0 progs/user_programs/user_prog3.o
 .data          0x00000000        0x0 progs/user_programs/user_prog3.o
 .bss           0x00000000        0x0 progs/user_programs/user_prog3.o
 .debug_line    0x00000000        0x0 progs/user_programs/user_prog3.o
 .debug_str     0x00000000      0x11f progs/user_programs/user_prog3.o
 .comment       0x00000000       0x31 progs/user_programs/user_prog3.o
 .text          0x00000000        0x0 c:/program files (x86)/atmel/studio/7.0/toolchain/avr8/avr8-gnu-toolchain/bin/../lib/gcc/avr/5.4.0/avr6\libgcc.a(_udivmodsi4.o)
 .data          0x00000000        0x0 c:/program files (x86)/atmel/studio/7.0/toolchain/avr8/avr8-gnu-toolchain/bin/../lib/gcc/avr/5.4.0/avr6\libgcc.a(_udivmodsi4.o)
 .bss           0x00000000        0x0 c:/program files (x86)/atmel/studio/7.0/toolchain/avr8/avr8-gnu-toolchain/bin/../lib/gcc/avr/5.4.0/avr6\libgcc.a(_udivmodsi4.o)
 .text.libgcc.mul
                0x00000000        0x0 c:/program files (x86)/atmel/studio/7.0/toolchain/avr8/avr8-gnu-toolchain/bin/../lib/gcc/avr/5.4.0/avr6\libgcc.a(_udivmodsi4.o)
 .text.libgcc   0x00000000        0x0 c:/program files (x86)/atmel/studio/7.0/toolchain/avr8/avr8-gnu-toolchain/bin/../lib/gcc/avr/5.4.0/avr6\libgcc.a(_udivmodsi4.o)
 .text.libgcc.prologue
                0x00000000        0x0 c:/program files (x86)/atmel/studio/7.0/toolchain/avr8/avr8-gnu-toolchain/bin/../lib/gcc/avr/5.4.0/avr6\libgcc.a(_udivmodsi4.o)
 .text.libgcc.builtins
                0x00000000        0x0 c:/program files (x86)/atmel/studio/7.0/toolchain/avr8/avr8-gnu-toolchain/bin/../lib/gcc/avr/5.4.0/avr6\libgcc.a(_udivmodsi4.o)
 .text.libgcc.fmul
                0x00000000        0x0 c:/program files (x86)/atmel/studio/7.0/toolchain/avr8/avr8-gnu-toolchain/bin/../lib/gcc/avr/5.4.0/avr6\libgcc.a(_udivmodsi4.o)
 .text.libgcc.fixed
                0x00000000        0x0 c:/program files (x86)/atmel/studio/7.0/toolchain/avr8/avr8-gnu-toolchain/bin/../lib/gcc/avr/5.4.0/avr6\libgcc.a(_udivmodsi4.o)
 .text          0x00000000        0x0 c:/program files (x86)/atmel/studio/7.0/toolchain/avr8/avr8-gnu-toolchain/bin/../lib/gcc/avr/5.4.0/avr6\libgcc.a(_exit.o)
 .data          0x00000000        0x0 c:/program files (x86)/atmel/studio/7.0/toolchain/avr8/avr8-gnu-toolchain/bin/../lib/gcc/avr/5.4.0/avr6\libgcc.a(_exit.o)
 .bss           0x00000000        0x0 c:/program files (x86)/atmel/studio/7.0/toolchain/avr8/avr8-gnu-toolchain/bin/../lib/gcc/avr/5.4.0/avr6\libgcc.a(_exit.o)
 .text.libgcc.mul
                0x00000000        0x0 c:/program files (x86)/atmel/studio/7.0/toolchain/avr8/avr8-gnu-toolchain/bin/../lib/gcc/avr/5.4.0/avr6\libgcc.a(_exit.o)
 .text.libgcc.div
                0x00000000        0x0 c:/program files (x86)/atmel/studio/7.0/toolchain/avr8/avr8-gnu-toolchain/bin/../lib/gcc/avr/5.4.0/avr6\libgcc.a(_exit.o)
 .text.libgcc   0x00000000        0x0 c:/program files (x86)/atmel/studio/7.0/toolchain/avr8/avr8-gnu-toolchain/bin/../lib/gcc/avr/5.4.0/avr6\libgcc.a(_exit.o)
 .text.libgcc.prologue
                0x00000000        0x0 c:/program files (x86)/atmel/studio/7.0/toolchain/avr8/avr8-gnu-toolchain/bin/../lib/gcc/avr/5.4.0/avr6\libgcc.a(_exit.o)
 .text.libgcc.builtins
                0x00000000        0x0 c:/program files (x86)/atmel/studio/7.0/toolchain/avr8/avr8-gnu-toolchain/bin/../lib/gcc/avr/5.4.0/avr6\libgcc.a(_exit.o)
 .text.libgcc.fmul
                0x00000000        0x0 c:/program files (x86)/atmel/studio/7.0/toolchain/avr8/avr8-gnu-toolchain/bin/../lib/gcc/avr/5.4.0/avr6\libgcc.a(_exit.o)
 .text.libgcc.fixed
                0x00000000        0x0 c:/program files (x86)/atmel/studio/7.0/toolchain/avr8/avr8-gnu-toolchain/bin/../lib/gcc/avr/5.4.0/avr6\libgcc.a(_exit.o)
 .text          0x00000000        0x0 c:/program files (x86)/atmel/studio/7.0/toolchain/avr8/avr8-gnu-toolchain/bin/../lib/gcc/avr/5.4.0/avr6\libgcc.a(_tablejump2.o)
 .data          0x00000000        0x0 c:/program files (x86)/atmel/studio/7.0/toolchain/avr8/avr8-gnu-toolchain/bin/../lib/gcc/avr/5.4.0/avr6\libgcc.a(_tablejump2.o)
 .bss           0x00000000        0x0 c:/program files (x86)/atmel/studio/7.0/toolchain/avr8/avr8-gnu-toolchain/bin/../lib/gcc/avr/5.4.0/avr6\libgcc.a(_tablejump2.o)
 .text.libgcc.mul
                0x00000000        0x0 c:/program files (x86)/atmel/studio/7.0/toolchain/avr8/avr8-gnu-toolchain/bin/../lib/gcc/avr/5.4.0/avr6\libgcc.a(_tablejump2.o)
 .text.libgcc.div
                0x00000000        0x0 c:/program files (x86)/atmel/studio/7.0/toolchain/avr8/avr8-gnu-toolchain/bin/../lib/gcc/avr/5.4.0/avr6\libgcc.a(_tablejump2.o)
 .text.libgcc.prologue
                0x00000000        0x0 c:/program files (x86)/atmel/studio/7.0/toolchain/avr8/avr8-gnu-toolchain/bin/../lib/gcc/avr/5.4.0/avr6\libgcc.a(_tablejump2.o)
 .text.libgcc.builtins
                0x00000000        0x0 c:/program files (x86)/atmel/studio/7.0/toolchain/avr8/avr8-gnu-toolchain/bin/../lib/gcc/avr/5.4.0/avr6\libgcc.a(_tablejump2.o)
 .text.libgcc.fmul
                0x00000000        0x0 c:/program files (x86)/atmel/studio/7.0/toolchain/avr8/avr8-gnu-toolchain/bin/../lib/gcc/avr/5.4.0/avr6\libgcc.a(_tablejump2.o)
 .text.libgcc.fixed
                0x00000000        0x0 c:/program files (x86)/atmel/studio/7.0/toolchain/avr8/avr8-gnu-toolchain/bin/../lib/gcc/avr/5.4.0/avr6\libgcc.a(_tablejump2.o)
 .text          0x00000000        0x0 c:/program files (x86)/atmel/studio/7.0/toolchain/avr8/avr8-gnu-toolchain/bin/../lib/gcc/avr/5.4.0/avr6\libgcc.a(_copy_data.o)
 .data          0x00000000        0x0 c:/program files (x86)/atmel/studio/7.0/toolchain/avr8/avr8-gnu-toolchain/bin/../lib/gcc/avr/5.4.0/avr6\libgcc.a(_copy_data.o)
 .bss           0x00000000        0x0 c:/program files (x86)/atmel/studio/7.0/toolchain/avr8/avr8-gnu-toolchain/bin/../lib/gcc/avr/5.4.0/avr6\libgcc.a(_copy_data.o)
 .text.libgcc.mul
                0x00000000        0x0 c:/program files (x86)/atmel/studio/7.0/toolchain/avr8/avr8-gnu-toolchain/bin/../lib/gcc/avr/5.4.0/avr6\libgcc.a(_copy_data.o)
 .text.libgcc.div
                0x00000000        0x0 c:/program files (x86)/atmel/studio/7.0/toolchain/avr8/avr8-gnu-toolchain/bin/../lib/gcc/avr/5.4.0/avr6\libgcc.a(_copy_data.o)
 .text.libgcc   0x00000000        0x0 c:/program files (x86)/atmel/studio/7.0/toolchain/avr8/avr8-gnu-toolchain/bin/../lib/gcc/avr/5.4.0/avr6\libgcc.a(_copy_data.o)
 .text.libgcc.prologue
                0x00000000        0x0 c:/program files (x86)/atmel/studio/7.0/toolchain/avr8/avr8-gnu-toolchain/bin/../lib/gcc/avr/5.4.0/avr6\libgcc.a(_copy_data.o)
 .text.libgcc.builtins
                0x00000000        0x0 c:/program files (x86)/atmel/studio/7.0/toolchain/avr8/avr8-gnu-toolchain/bin/../lib/gcc/avr/5.4.0/avr6\libgcc.a(_copy_data.o)
 .text.libgcc.fmul
                0x00000000        0x0 c:/program files (x86)/atmel/studio/7.0/toolchain/avr8/avr8-gnu-toolchain/bin/../lib/gcc/avr/5.4.0/avr6\libgcc.a(_copy_data.o)
 .text.libgcc.fixed
                0x00000000        0x0 c:/program files (x86)/atmel/studio/7.0/toolchain/avr8/avr8-gnu-toolchain/bin/../lib/gcc/avr/5.4.0/avr6\libgcc.a(_copy_data.o)
 .text          0x00000000        0x0 c:/program files (x86)/atmel/studio/7.0/toolchain/avr8/avr8-gnu-toolchain/bin/../lib/gcc/avr/5.4.0/avr6\libgcc.a(_clear_bss.o)
 .data          0x00000000        0x0 c:/program files (x86)/atmel/studio/7.0/toolchain/avr8/avr8-gnu-toolchain/bin/../lib/gcc/avr/5.4.0/avr6\libgcc.a(_clear_bss.o)
 .bss           0x00000000        0x0 c:/program files (x86)/atmel/studio/7.0/toolchain/avr8/avr8-gnu-toolchain/bin/../lib/gcc/avr/5.4.0/avr6\libgcc.a(_clear_bss.o)
 .text.libgcc.mul
                0x00000000        0x0 c:/program files (x86)/atmel/studio/7.0/toolchain/avr8/avr8-gnu-toolchain/bin/../lib/gcc/avr/5.4.0/avr6\libgcc.a(_clear_bss.o)
 .text.libgcc.div
                0x00000000        0x0 c:/program files (x86)/atmel/studio/7.0/toolchain/avr8/avr8-gnu-toolchain/bin/../lib/gcc/avr/5.4.0/avr6\libgcc.a(_clear_bss.o)
 .text.libgcc   0x00000000        0x0 c:/program files (x86)/atmel/studio/7.0/toolchain/avr8/avr8-gnu-toolchain/bin/../lib/gcc/avr/5.4.0/avr6\libgcc.a(_clear_bss.o)
 .text.libgcc.prologue
                0x00000000        0x0 c:/program files (x86)/atmel/studio/7.0/toolchain/avr8/avr8-gnu-toolchain/bin/../lib/gcc/avr/5.4.0/avr6\libgcc.a(_clear_bss.o)
 .text.libgcc.builtins
                0x00000000        0x0 c:/program files (x86)/atmel/studio/7.0/toolchain/avr8/avr8-gnu-toolchain/bin/../lib/gcc/avr/5.4.0/avr6\libgcc.a(_clear_bss.o)
 .text.libgcc.fmul
                0x00000000        0x0 c:/program files (x86)/atmel/studio/7.0/toolchain/avr8/avr8-gnu-toolchain/bin/../lib/gcc/avr/5.4.0/avr6\libgcc.a(_clear_bss.o)
 .text.libgcc.fixed
                0x00000000        0x0 c:/program files (x86)/atmel/studio/7.0/toolchain/avr8/avr8-gnu-toolchain/bin/../lib/gcc/avr/5.4.0/avr6\libgcc.a(_clear_bss.o)
 .text          0x00000000        0x0 c:/program files (x86)/atmel/studio/7.0/toolchain/avr8/avr8-gnu-toolchain/bin/../lib/gcc/avr/5.4.0/avr6\libgcc.a(_ctors.o)
 .data          0x00000000        0x0 c:/program files (x86)/atmel/studio/7.0/toolchain/avr8/avr8-gnu-toolchain/bin/../lib/gcc/avr/5.4.0/avr6\libgcc.a(_ctors.o)
 .bss           0x00000000        0x0 c:/program files (x86)/atmel/studio/7.0/toolchain/avr8/avr8-gnu-toolchain/bin/../lib/gcc/avr/5.4.0/avr6\libgcc.a(_ctors.o)
 .text.libgcc.mul
                0x00000000        0x0 c:/program files (x86)/atmel/studio/7.0/toolchain/avr8/avr8-gnu-toolchain/bin/../lib/gcc/avr/5.4.0/avr6\libgcc.a(_ctors.o)
 .text.libgcc.div
                0x00000000        0x0 c:/program files (x86)/atmel/studio/7.0/toolchain/avr8/avr8-gnu-toolchain/bin/../lib/gcc/avr/5.4.0/avr6\libgcc.a(_ctors.o)
 .text.libgcc   0x00000000        0x0 c:/program files (x86)/atmel/studio/7.0/toolchain/avr8/avr8-gnu-toolchain/bin/../lib/gcc/avr/5.4.0/avr6\libgcc.a(_ctors.o)
 .text.libgcc.prologue
                0x00000000        0x0 c:/program files (x86)/atmel/studio/7.0/toolchain/avr8/avr8-gnu-toolchain/bin/../lib/gcc/avr/5.4.0/avr6\libgcc.a(_ctors.o)
 .text.libgcc.builtins
                0x00000000        0x0 c:/program files (x86)/atmel/studio/7.0/toolchain/avr8/avr8-gnu-toolchain/bin/../lib/gcc/avr/5.4.0/avr6\libgcc.a(_ctors.o)
 .text.libgcc.fmul
                0x00000000        0x0 c:/program files (x86)/atmel/studio/7.0/toolchain/avr8/avr8-gnu-toolchain/bin/../lib/gcc/avr/5.4.0/avr6\libgcc.a(_ctors.o)
 .text.libgcc.fixed
                0x00000000        0x0 c:/program files (x86)/atmel/studio/7.0/toolchain/avr8/avr8-gnu-toolchain/bin/../lib/gcc/avr/5.4.0/avr6\libgcc.a(_ctors.o)
 .text          0x00000000        0x0 c:/program files (x86)/atmel/studio/7.0/toolchain/avr8/avr8-gnu-toolchain/bin/../lib/gcc/avr/5.4.0/avr6\libgcc.a(_umulhisi3.o)
 .data          0x00000000        0x0 c:/program files (x86)/atmel/studio/7.0/toolchain/avr8/avr8-gnu-toolchain/bin/../lib/gcc/avr/5.4.0/avr6\libgcc.a(_umulhisi3.o)
 .bss           0x00000000        0x0 c:/program files (x86)/atmel/studio/7.0/toolchain/avr8/avr8-gnu-toolchain/bin/../lib/gcc/avr/5.4.0/avr6\libgcc.a(_umulhisi3.o)
 .text.libgcc.div
                0x00000000        0x0 c:/program files (x86)/atmel/studio/7.0/toolchain/avr8/avr8-gnu-toolchain/bin/../lib/gcc/avr/5.4.0/avr6\libgcc.a(_umulhisi3.o)
 .text.libgcc   0x00000000        0x0 c:/program files (x86)/atmel/studio/7.0/toolchain/avr8/avr8-gnu-toolchain/bin/../lib/gcc/avr/5.4.0/avr6\libgcc.a(_umulhisi3.o)
 .text.libgcc.prologue
                0x00000000        0x0 c:/program files (x86)/atmel/studio/7.0/toolchain/avr8/avr8-gnu-toolchain/bin/../lib/gcc/avr/5.4.0/avr6\libgcc.a(_umulhisi3.o)
 .text.libgcc.builtins
                0x00000000        0x0 c:/program files (x86)/atmel/studio/7.0/toolchain/avr8/avr8-gnu-toolchain/bin/../lib/gcc/avr/5.4.0/avr6\libgcc.a(_umulhisi3.o)
 .text.libgcc.fmul
                0x00000000        0x0 c:/program files (x86)/atmel/studio/7.0/toolchain/avr8/avr8-gnu-toolchain/bin/../lib/gcc/avr/5.4.0/avr6\libgcc.a(_umulhisi3.o)
 .text.libgcc.fixed
                0x00000000        0x0 c:/program files (x86)/atmel/studio/7.0/toolchain/avr8/avr8-gnu-toolchain/bin/../lib/gcc/avr/5.4.0/avr6\libgcc.a(_umulhisi3.o)
 .text          0x00000000        0x0 c:/program files (x86)/atmel/studio/7.0/toolchain/avr8/avr8-gnu-toolchain/bin/../lib/gcc/avr/5.4.0/../../../../avr/lib/avr6\libc.a(strncpy_P.o)
 .data          0x00000000        0x0 c:/program files (x86)/atmel/studio/7.0/toolchain/avr8/avr8-gnu-toolchain/bin/../lib/gcc/avr/5.4.0/../../../../avr/lib/avr6\libc.a(strncpy_P.o)
 .bss           0x00000000        0x0 c:/program files (x86)/atmel/studio/7.0/toolchain/avr8/avr8-gnu-toolchain/bin/../lib/gcc/avr/5.4.0/../../../../avr/lib/avr6\libc.a(strncpy_P.o)
 .text          0x00000000        0x0 c:/program files (x86)/atmel/studio/7.0/toolchain/avr8/avr8-gnu-toolchain/bin/../lib/gcc/avr/5.4.0/../../../../avr/lib/avr6\libc.a(memcpy.o)
 .data          0x00000000        0x0 c:/program files (x86)/atmel/studio/7.0/toolchain/avr8/avr8-gnu-toolchain/bin/../lib/gcc/avr/5.4.0/../../../../avr/lib/avr6\libc.a(memcpy.o)
 .bss           0x00000000        0x0 c:/program files (x86)/atmel/studio/7.0/toolchain/avr8/avr8-gnu-toolchain/bin/../lib/gcc/avr/5.4.0/../../../../avr/lib/avr6\libc.a(memcpy.o)
 .text          0x00000000        0x0 c:/program files (x86)/atmel/studio/7.0/toolchain/avr8/avr8-gnu-toolchain/bin/../lib/gcc/avr/5.4.0/../../../../avr/lib/avr6\libc.a(strncpy.o)
 .data          0x00000000        0x0 c:/program files (x86)/atmel/studio/7.0/toolchain/avr8/avr8-gnu-toolchain/bin/../lib/gcc/avr/5.4.0/../../../../avr/lib/avr6\libc.a(strncpy.o)
 .bss           0x00000000        0x0 c:/program files (x86)/atmel/studio/7.0/toolchain/avr8/avr8-gnu-toolchain/bin/../lib/gcc/avr/5.4.0/../../../../avr/lib/avr6\libc.a(strncpy.o)
 .text          0x00000000        0x0 c:/program files (x86)/atmel/studio/7.0/toolchain/avr8/avr8-gnu-toolchain/bin/../lib/gcc/avr/5.4.0/../../../../avr/lib/avr6\libc.a(iob.o)
 .data          0x00000000        0x0 c:/program files (x86)/atmel/studio/7.0/toolchain/avr8/avr8-gnu-toolchain/bin/../lib/gcc/avr/5.4.0/../../../../avr/lib/avr6\libc.a(iob.o)
 .bss           0x00000000        0x0 c:/program files (x86)/atmel/studio/7.0/toolchain/avr8/avr8-gnu-toolchain/bin/../lib/gcc/avr/5.4.0/../../../../avr/lib/avr6\libc.a(iob.o)
 .text          0x00000000        0x0 c:/program files (x86)/atmel/studio/7.0/toolchain/avr8/avr8-gnu-toolchain/bin/../lib/gcc/avr/5.4.0/../../../../avr/lib/avr6\libc.a(printf.o)
 .data          0x00000000        0x0 c:/program files (x86)/atmel/studio/7.0/toolchain/avr8/avr8-gnu-toolchain/bin/../lib/gcc/avr/5.4.0/../../../../avr/lib/avr6\libc.a(printf.o)
 .bss           0x00000000        0x0 c:/program files (x86)/atmel/studio/7.0/toolchain/avr8/avr8-gnu-toolchain/bin/../lib/gcc/avr/5.4.0/../../../../avr/lib/avr6\libc.a(printf.o)
 .text          0x00000000        0x0 c:/program files (x86)/atmel/studio/7.0/toolchain/avr8/avr8-gnu-toolchain/bin/../lib/gcc/avr/5.4.0/../../../../avr/lib/avr6\libc.a(puts.o)
 .data          0x00000000        0x0 c:/program files (x86)/atmel/studio/7.0/toolchain/avr8/avr8-gnu-toolchain/bin/../lib/gcc/avr/5.4.0/../../../../avr/lib/avr6\libc.a(puts.o)
 .bss           0x00000000        0x0 c:/program files (x86)/atmel/studio/7.0/toolchain/avr8/avr8-gnu-toolchain/bin/../lib/gcc/avr/5.4.0/../../../../avr/lib/avr6\libc.a(puts.o)
 .text          0x00000000        0x0 c:/program files (x86)/atmel/studio/7.0/toolchain/avr8/avr8-gnu-toolchain/bin/../lib/gcc/avr/5.4.0/../../../../avr/lib/avr6\libc.a(vfprintf_p.o)
 .data          0x00000000        0x0 c:/program files (x86)/atmel/studio/7.0/toolchain/avr8/avr8-gnu-toolchain/bin/../lib/gcc/avr/5.4.0/../../../../avr/lib/avr6\libc.a(vfprintf_p.o)
 .bss           0x00000000        0x0 c:/program files (x86)/atmel/studio/7.0/toolchain/avr8/avr8-gnu-toolchain/bin/../lib/gcc/avr/5.4.0/../../../../avr/lib/avr6\libc.a(vfprintf_p.o)
 .text          0x00000000        0x0 c:/program files (x86)/atmel/studio/7.0/toolchain/avr8/avr8-gnu-toolchain/bin/../lib/gcc/avr/5.4.0/../../../../avr/lib/avr6\libc.a(vfprintf_std.o)
 .data          0x00000000        0x0 c:/program files (x86)/atmel/studio/7.0/toolchain/avr8/avr8-gnu-toolchain/bin/../lib/gcc/avr/5.4.0/../../../../avr/lib/avr6\libc.a(vfprintf_std.o)
 .bss           0x00000000        0x0 c:/program files (x86)/atmel/studio/7.0/toolchain/avr8/avr8-gnu-toolchain/bin/../lib/gcc/avr/5.4.0/../../../../avr/lib/avr6\libc.a(vfprintf_std.o)
 .text          0x00000000        0x0 c:/program files (x86)/atmel/studio/7.0/toolchain/avr8/avr8-gnu-toolchain/bin/../lib/gcc/avr/5.4.0/../../../../avr/lib/avr6\libc.a(strnlen_P.o)
 .data          0x00000000        0x0 c:/program files (x86)/atmel/studio/7.0/toolchain/avr8/avr8-gnu-toolchain/bin/../lib/gcc/avr/5.4.0/../../../../avr/lib/avr6\libc.a(strnlen_P.o)
 .bss           0x00000000        0x0 c:/program files (x86)/atmel/studio/7.0/toolchain/avr8/avr8-gnu-toolchain/bin/../lib/gcc/avr/5.4.0/../../../../avr/lib/avr6\libc.a(strnlen_P.o)
 .text          0x00000000        0x0 c:/program files (x86)/atmel/studio/7.0/toolchain/avr8/avr8-gnu-toolchain/bin/../lib/gcc/avr/5.4.0/../../../../avr/lib/avr6\libc.a(strnlen.o)
 .data          0x00000000        0x0 c:/program files (x86)/atmel/studio/7.0/toolchain/avr8/avr8-gnu-toolchain/bin/../lib/gcc/avr/5.4.0/../../../../avr/lib/avr6\libc.a(strnlen.o)
 .bss           0x00000000        0x0 c:/program files (x86)/atmel/studio/7.0/toolchain/avr8/avr8-gnu-toolchain/bin/../lib/gcc/avr/5.4.0/../../../../avr/lib/avr6\libc.a(strnlen.o)
 .text          0x00000000        0x0 c:/program files (x86)/atmel/studio/7.0/toolchain/avr8/avr8-gnu-toolchain/bin/../lib/gcc/avr/5.4.0/../../../../avr/lib/avr6\libc.a(fputc.o)
 .data          0x00000000        0x0 c:/program files (x86)/atmel/studio/7.0/toolchain/avr8/avr8-gnu-toolchain/bin/../lib/gcc/avr/5.4.0/../../../../avr/lib/avr6\libc.a(fputc.o)
 .bss           0x00000000        0x0 c:/program files (x86)/atmel/studio/7.0/toolchain/avr8/avr8-gnu-toolchain/bin/../lib/gcc/avr/5.4.0/../../../../avr/lib/avr6\libc.a(fputc.o)
 .text          0x00000000        0x0 c:/program files (x86)/atmel/studio/7.0/toolchain/avr8/avr8-gnu-toolchain/bin/../lib/gcc/avr/5.4.0/../../../../avr/lib/avr6\libc.a(ultoa_invert.o)
 .data          0x00000000        0x0 c:/program files (x86)/atmel/studio/7.0/toolchain/avr8/avr8-gnu-toolchain/bin/../lib/gcc/avr/5.4.0/../../../../avr/lib/avr6\libc.a(ultoa_invert.o)
 .bss           0x00000000        0x0 c:/program files (x86)/atmel/studio/7.0/toolchain/avr8/avr8-gnu-toolchain/bin/../lib/gcc/avr/5.4.0/../../../../avr/lib/avr6\libc.a(ultoa_invert.o)

Memory Configuration

Name             Origin             Length             Attributes
text             0x00000000         0x00040000         xr
data             0x00800200         0x00002000         rw !x
eeprom           0x00810000         0x00001000         rw !x
fuse             0x00820000         0x00000003         rw !x
lock             0x00830000         0x00000400         rw !x
signature        0x00840000         0x00000400         rw !x
user_signatures  0x00850000         0x00000400         rw !x
*default*        0x00000000         0xffffffff

Linker script and memory map

Address of section .data set to 0x800200
LOAD C:/Program Files (x86)/Atmel/Studio/7.0/Packs/atmel/ATmega_DFP/1.7.374/gcc/dev/atmega2560/avr6/crtatmega2560.o
LOAD communication/rfAdapter.o
LOAD communication/serialAdapter.o
LOAD communication/xbee.o
LOAD lib/buttons.o
LOAD lib/lcd.o
LOAD lib/ready_queue.o
LOAD lib/stop_watch.o
LOAD lib/terminal.o
LOAD lib/uart.o
LOAD lib/util.o
LOAD main.o
LOAD os_core.o
LOAD os_process.o
LOAD os_scheduler.o
LOAD os_scheduling_strategies.o
LOAD progs/tests/ttConfigXbee.o
LOAD progs/tests/ttInit.o
LOAD progs/tests/ttMultiple.o
LOAD progs/tests/ttProtocolStack.o
LOAD progs/tests/ttResume.o
LOAD progs/tests/ttScheduling.o
LOAD progs/tests/ttStackConsistency.o
LOAD progs/tests/ttTermination.o
LOAD progs/tests/ttStackCollision.o
LOAD progs/tests/ttYield.o
LOAD progs/tests/ttCommunication.o
LOAD progs/tests/ttSensorData.o
LOAD progs/tests/ttTlcd.o
LOAD progs/tests/ttIsrBenchmark.o
LOAD progs/user_programs/user_prog1.o
LOAD progs/user_programs/user_prog2.o
LOAD progs/user_programs/user_prog3.o
START GROUP
LOAD c:/program files (x86)/atmel/studio/7.0/toolchain/avr8/avr8-gnu-toolchain/bin/../lib/gcc/avr/5.4.0/../../../../avr/lib/avr6\libm.a
END GROUP
START GROUP
LOAD c:/program files (x86)/atmel/studio/7.0/toolchain/avr8/avr8-gnu-toolchain/bin/../lib/gcc/avr/5.4.0/avr6\libgcc.a
LOAD c:/program files (x86)/atmel/studio/7.0/toolchain/avr8/avr8-gnu-toolchain/bin/../lib/gcc/avr/5.4.0/../../../../avr/lib/avr6\libm.a
LOAD c:/program files (x86)/atmel/studio/7.0/toolchain/avr8/avr8-gnu-toolchain/bin/../lib/gcc/avr/5.4.0/../../../../avr/lib/avr6\libc.a
LOAD C:/Program Files (x86)/Atmel/Studio/7.0/Packs/atmel/ATmega_DFP/1.7.374/gcc/dev/atmega2560/avr6\libatmega2560.a
END GROUP
                0x00000000                __TEXT_REGION_ORIGIN__ = DEFINED (__TEXT_REGION_ORIGIN__)?__TEXT_REGION_ORIGIN__:0x0
                [0x00800200]                __DATA_REGION_ORIGIN__ = DEFINED (__DATA_REGION_ORIGIN__)?__DATA_REGION_ORIGIN__:0x800200
                [0x00040000]                __TEXT_REGION_LENGTH__ = DEFINED (__TEXT_REGION_LENGTH__)?__TEXT_REGION_LENGTH__:0x100000
                [0x00002000]                __DATA_REGION_LENGTH__ = DEFINED (__DATA_REGION_LENGTH__)?__DATA_REGION_LENGTH__:0xfe00
                [0x00001000]                __EEPROM_REGION_LENGTH__ = DEFINED (__EEPROM_REGION_LENGTH__)?__EEPROM_REGION_LENGTH__:0x10000
                [0x00000003]                __FUSE_REGION_LENGTH__ = DEFINED (__FUSE_REGION_LENGTH__)?__FUSE_REGION_LENGTH__:0x400
                0x00000400                __LOCK_REGION_LENGTH__ = DEFINED (__LOCK_REGION_LENGTH__)?__LOCK_REGION_LENGTH__:0x400
                0x00000400                __SIGNATURE_REGION_LENGTH__ = DEFINED (__SIGNATURE_REGION_LENGTH__)?__SIGNATURE_REGION_LENGTH__:0x400
                0x00000400                __USER_SIGNATURE_REGION_LENGTH__ = DEFINED (__USER_SIGNATURE_REGION_LENGTH__)?__USER_SIGNATURE_REGION_LENGTH__:0x400

.hash
 *(.hash)

.dynsym
 *(.dynsym)

.dynstr
 *(.dynstr)

.gnu.version
 *(.gnu.version)

.gnu.version_d
 *(.gnu.version_d)

.gnu.version_r
 *(.gnu.version_r)

.rel.init
 *(.rel.init)

.rela.init
 *(.rela.init)

.rel.text
 *(.rel.text)
 *(.rel.text.*)
 *(.rel.gnu.linkonce.t*)

.rela.text
 *(.rela.text)
 *(.rela.text.*)
 *(.rela.gnu.linkonce.t*)

.rel.fini
 *(.rel.fini)

.rela.fini
 *(.rela.fini)

.rel.rodata
 *(.rel.rodata)
 *(.rel.rodata.*)
 *(.rel.gnu.linkonce.r*)

.rela.rodata
 *(.rela.rodata)
 *(.rela.rodata.*)
 *(.rela.gnu.linkonce.r*)

.rel.data
 *(.rel.data)
 *(.rel.data.*)
 *(.rel.gnu.linkonce.d*)

.rela.data
 *(.rela.data)
 *(.rela.data.*)
 *(.rela.gnu.linkonce.d*)

.rel.ctors
 *(.rel.ctors)

.rela.ctors
 *(.rela.ctors)

.rel.dtors
 *(.rel.dtors)

.rela.dtors
 *(.rela.dtors)

.rel.got
 *(.rel.got)

.rela.got
 *(.rela.got)

.rel.bss
 *(.rel.bss)

.rela.bss
 *(.rela.bss)

.rel.plt
 *(.rel.plt)

.rela.plt
 *(.rela.plt)

.text           0x00000000     0x29e0
 *(.vectors)
 .vectors       0x00000000       0xe4 C:/Program Files (x86)/Atmel/Studio/7.0/Packs/atmel/ATmega_DFP/1.7.374/gcc/dev/atmega2560/avr6/crtatmega2560.o
                0x00000000                __vector_default
                0x00000000                __vectors
 *(.vectors)
 *(.progmem.gcc*)
 .progmem.gcc_sw_table.lcd_writeChar
                0x000000e4       0x72 lib/lcd.o
                0x00000156                . = ALIGN (0x2)
                0x00000156                __trampolines_start = .
 *(.trampolines)
 .trampolines   0x00000156        0x0 linker stubs
 *(.trampolines*)
                0x00000156                __trampolines_end = .
 *libprintf_flt.a:*(.progmem.data)
 *libc.a:*(.progmem.data)
 *(.progmem*)
 .progmem.data.__c.2288
                0x00000156       0x21 lib/ready_queue.o
 .progmem.data.__c.2283
                0x00000177       0x1f lib/ready_queue.o
 .progmem.data.__c.2073
                0x00000196        0x9 lib/terminal.o
 .progmem.data.__c.2289
                0x0000019f        0x9 os_core.o
 .progmem.data.__c.2283
                0x000001a8       0x21 os_core.o
 .progmem.data.__c.2281
                0x000001c9       0x34 os_core.o
 .progmem.data.__c.2277
                0x000001fd        0x9 os_core.o
 .progmem.data.__c.2279
                0x00000206       0x1e os_core.o
 .progmem.data.__c.2273
                0x00000224        0x9 os_core.o
 .progmem.data.__c.2275
                0x0000022d       0x11 os_core.o
 .progmem.data.__c.2271
                0x0000023e       0x36 os_core.o
 .progmem.data.__c.2269
                0x00000274       0x11 os_core.o
 .progmem.data.__c.2445
                0x00000285       0x41 os_scheduler.o
 .progmem.data.__c.2440
                0x000002c6       0x16 os_scheduler.o
 .progmem.data.__c.2418
                0x000002dc        0xe os_scheduler.o
 .progmem.data.__c.2420
                0x000002ea       0x18 os_scheduler.o
 .progmem.data.__c.2384
                0x00000302       0x20 os_scheduler.o
 .progmem.data.__c.2378
                0x00000322       0x2a os_scheduler.o
 .progmem.data.__c.2371
                0x0000034c       0x1a os_scheduler.o
 .progmem.data.__c.2365
                0x00000366       0x19 os_scheduler.o
 .progmem.data.__c.2373
                0x0000037f        0xf progs/tests/ttProtocolStack.o
 .progmem.data.__c.2369
                0x0000038e       0x1c progs/tests/ttProtocolStack.o
 .progmem.data.__c.2367
                0x000003aa        0x3 progs/tests/ttProtocolStack.o
 .progmem.data.__c.2365
                0x000003ad        0xd progs/tests/ttProtocolStack.o
 .progmem.data.__c.2363
                0x000003ba        0x9 progs/tests/ttProtocolStack.o
 .progmem.data.__c.2357
                0x000003c3        0x9 progs/tests/ttProtocolStack.o
 .progmem.data.__c.2351
                0x000003cc        0x8 progs/tests/ttProtocolStack.o
 .progmem.data.__c.2345
                0x000003d4        0x7 progs/tests/ttProtocolStack.o
 .progmem.data.__c.2343
                0x000003db        0x9 progs/tests/ttProtocolStack.o
 .progmem.data.__c.2337
                0x000003e4        0xc progs/tests/ttProtocolStack.o
 .progmem.data.__c.2335
                0x000003f0       0x10 progs/tests/ttProtocolStack.o
                0x00000400                . = ALIGN (0x2)
 *(.jumptables)
 *(.jumptables*)
 *(.lowtext)
 *(.lowtext*)
                0x00000400                __ctors_start = .
 *(.ctors)
 .ctors         0x00000400        0x2 os_scheduler.o
 .ctors         0x00000402        0x4 progs/tests/ttProtocolStack.o
                0x00000406                __ctors_end = .
                0x00000406                __dtors_start = .
 *(.dtors)
                0x00000406                __dtors_end = .
 SORT(*)(.ctors)
 SORT(*)(.dtors)
 *(.init0)
 .init0         0x00000406        0x0 C:/Program Files (x86)/Atmel/Studio/7.0/Packs/atmel/ATmega_DFP/1.7.374/gcc/dev/atmega2560/avr6/crtatmega2560.o
                0x00000406                __init
 *(.init0)
 *(.init1)
 *(.init1)
 *(.init2)
 .init2         0x00000406       0x10 C:/Program Files (x86)/Atmel/Studio/7.0/Packs/atmel/ATmega_DFP/1.7.374/gcc/dev/atmega2560/avr6/crtatmega2560.o
 *(.init2)
 *(.init3)
 *(.init3)
 *(.init4)
 .init4         0x00000416       0x1a c:/program files (x86)/atmel/studio/7.0/toolchain/avr8/avr8-gnu-toolchain/bin/../lib/gcc/avr/5.4.0/avr6\libgcc.a(_copy_data.o)
                0x00000416                __do_copy_data
 .init4         0x00000430       0x10 c:/program files (x86)/atmel/studio/7.0/toolchain/avr8/avr8-gnu-toolchain/bin/../lib/gcc/avr/5.4.0/avr6\libgcc.a(_clear_bss.o)
                0x00000430                __do_clear_bss
 *(.init4)
 *(.init5)
 *(.init5)
 *(.init6)
 .init6         0x00000440       0x20 c:/program files (x86)/atmel/studio/7.0/toolchain/avr8/avr8-gnu-toolchain/bin/../lib/gcc/avr/5.4.0/avr6\libgcc.a(_ctors.o)
                0x00000440                __do_global_ctors
 *(.init6)
 *(.init7)
 *(.init7)
 *(.init8)
 *(.init8)
 *(.init9)
 .init9         0x00000460        0x8 C:/Program Files (x86)/Atmel/Studio/7.0/Packs/atmel/ATmega_DFP/1.7.374/gcc/dev/atmega2560/avr6/crtatmega2560.o
 *(.init9)
 *(.text)
 .text          0x00000468        0x2 C:/Program Files (x86)/Atmel/Studio/7.0/Packs/atmel/ATmega_DFP/1.7.374/gcc/dev/atmega2560/avr6/crtatmega2560.o
                0x00000468                __vector_38
                0x00000468                __vector_22
                0x00000468                __vector_28
                0x00000468                __vector_1
                0x00000468                __vector_32
                0x00000468                __vector_34
                0x00000468                __vector_24
                0x00000468                __vector_12
                0x00000468                __vector_46
                0x00000468                __bad_interrupt
                0x00000468                __vector_6
                0x00000468                __vector_31
                0x00000468                __vector_35
                0x00000468                __vector_39
                0x00000468                __vector_3
                0x00000468                __vector_23
                0x00000468                __vector_30
                0x00000468                __vector_45
                0x00000468                __vector_11
                0x00000468                __vector_19
                0x00000468                __vector_56
                0x00000468                __vector_7
                0x00000468                __vector_49
                0x00000468                __vector_41
                0x00000468                __vector_43
                0x00000468                __vector_27
                0x00000468                __vector_5
                0x00000468                __vector_33
                0x00000468                __vector_47
                0x00000468                __vector_4
                0x00000468                __vector_44
                0x00000468                __vector_9
                0x00000468                __vector_2
                0x00000468                __vector_15
                0x00000468                __vector_29
                0x00000468                __vector_40
                0x00000468                __vector_8
                0x00000468                __vector_48
                0x00000468                __vector_14
                0x00000468                __vector_53
                0x00000468                __vector_10
                0x00000468                __vector_50
                0x00000468                __vector_16
                0x00000468                __vector_18
                0x00000468                __vector_20
                0x00000468                __vector_42
                0x0000046a                . = ALIGN (0x2)
 *(.text.*)
 .text.rfAdapter_init
                0x0000046a       0x18 communication/rfAdapter.o
                0x0000046a                rfAdapter_init
 .text.rfAdapter_worker
                0x00000482        0x4 communication/rfAdapter.o
                0x00000482                rfAdapter_worker
 .text.rfAdapter_receiveSetLed
                0x00000486       0x18 communication/rfAdapter.o
                0x00000486                rfAdapter_receiveSetLed
 .text.rfAdapter_receiveToggleLed
                0x0000049e        0x8 communication/rfAdapter.o
                0x0000049e                rfAdapter_receiveToggleLed
 .text.rfAdapter_receiveLcdClear
                0x000004a6        0x8 communication/rfAdapter.o
                0x000004a6                rfAdapter_receiveLcdClear
 .text.rfAdapter_receiveLcdGoto
                0x000004ae        0xa communication/rfAdapter.o
                0x000004ae                rfAdapter_receiveLcdGoto
 .text.rfAdapter_receiveLcdPrint
                0x000004b8       0x60 communication/rfAdapter.o
                0x000004b8                rfAdapter_receiveLcdPrint
 .text.serialAdapter_processFrame
                0x00000518       0xa4 communication/rfAdapter.o
                0x00000518                serialAdapter_processFrame
 .text.rfAdapter_sendSetLed
                0x000005bc       0x36 communication/rfAdapter.o
                0x000005bc                rfAdapter_sendSetLed
 .text.rfAdapter_sendToggleLed
                0x000005f2       0x44 communication/rfAdapter.o
                0x000005f2                rfAdapter_sendToggleLed
 .text.rfAdapter_sendLcdClear
                0x00000636       0x34 communication/rfAdapter.o
                0x00000636                rfAdapter_sendLcdClear
 .text.rfAdapter_sendLcdGoto
                0x0000066a       0x38 communication/rfAdapter.o
                0x0000066a                rfAdapter_sendLcdGoto
 .text.rfAdapter_sendLcdPrint
                0x000006a2       0x80 communication/rfAdapter.o
                0x000006a2                rfAdapter_sendLcdPrint
 .text.rfAdapter_sendLcdPrintProcMem
                0x00000722       0x90 communication/rfAdapter.o
                0x00000722                rfAdapter_sendLcdPrintProcMem
 .text.serialAdapter_hasTimeout
                0x000007b2       0x48 communication/serialAdapter.o
                0x000007b2                serialAdapter_hasTimeout
 .text.serialAdapter_init
                0x000007fa        0xc communication/serialAdapter.o
                0x000007fa                serialAdapter_init
 .text.serialAdapter_waitForData
                0x00000806       0x46 communication/serialAdapter.o
                0x00000806                serialAdapter_waitForData
 .text.serialAdapter_calculateChecksum
                0x0000084c       0x1c communication/serialAdapter.o
                0x0000084c                serialAdapter_calculateChecksum
 .text.serialAdapter_writeFrame
                0x00000868       0xa0 communication/serialAdapter.o
                0x00000868                serialAdapter_writeFrame
 .text.serialAdapter_calculateFrameChecksum
                0x00000908       0x26 communication/serialAdapter.o
                0x00000908                serialAdapter_calculateFrameChecksum
 .text.serialAdapter_worker
                0x0000092e      0x12e communication/serialAdapter.o
                0x0000092e                serialAdapter_worker
 .text.xbee_init
                0x00000a5c        0x8 communication/xbee.o
                0x00000a5c                xbee_init
 .text.xbee_write
                0x00000a64        0x4 communication/xbee.o
                0x00000a64                xbee_write
 .text.xbee_writeData
                0x00000a68       0x36 communication/xbee.o
                0x00000a68                xbee_writeData
 .text.xbee_read
                0x00000a9e       0x2c communication/xbee.o
                0x00000a9e                xbee_read
 .text.xbee_getNumberOfBytesReceived
                0x00000aca        0x4 communication/xbee.o
                0x00000aca                xbee_getNumberOfBytesReceived
 .text.xbee_readBuffer
                0x00000ace       0x9a communication/xbee.o
                0x00000ace                xbee_readBuffer
 .text.lcd_enablePulse
                0x00000b68       0x2a lib/lcd.o
 .text.lcd_sendNibble
                0x00000b92       0x66 lib/lcd.o
 .text.lcd_printf_p
                0x00000bf8       0x50 lib/lcd.o
                0x00000bf8                lcd_printf_p
 .text.lcd_sendCommand
                0x00000c48       0x2a lib/lcd.o
                0x00000c48                lcd_sendCommand
 .text.lcd_init
                0x00000c72       0x8a lib/lcd.o
                0x00000c72                lcd_init
 .text.lcd_clear
                0x00000cfc       0x1a lib/lcd.o
                0x00000cfc                lcd_clear
 .text.lcd_displayOn
                0x00000d16        0x6 lib/lcd.o
                0x00000d16                lcd_displayOn
 .text.lcd_displayOff
                0x00000d1c        0x6 lib/lcd.o
                0x00000d1c                lcd_displayOff
 .text.lcd_goto
                0x00000d22       0x32 lib/lcd.o
                0x00000d22                lcd_goto
 .text.lcd_sendData
                0x00000d54       0x2a lib/lcd.o
                0x00000d54                lcd_sendData
 .text.lcd_line1
                0x00000d7e        0x8 lib/lcd.o
                0x00000d7e                lcd_line1
 .text.lcd_line2
                0x00000d86        0x8 lib/lcd.o
                0x00000d86                lcd_line2
 .text.lcd_writeChar
                0x00000d8e       0x78 lib/lcd.o
                0x00000d8e                lcd_writeChar
 .text.lcd_stdioPutChar
                0x00000e06        0x8 lib/lcd.o
                0x00000e06                lcd_stdioPutChar
 .text.lcd_writeString
                0x00000e0e       0x2a lib/lcd.o
                0x00000e0e                lcd_writeString
 .text.lcd_writeProgString
                0x00000e38       0x2c lib/lcd.o
                0x00000e38                lcd_writeProgString
 .text.lcd_writeDec
                0x00000e64       0x8a lib/lcd.o
                0x00000e64                lcd_writeDec
 .text.rq_isEmpty
                0x00000eee        0xe lib/ready_queue.o
                0x00000eee                rq_isEmpty
 .text.rq_pop   0x00000efc       0x40 lib/ready_queue.o
                0x00000efc                rq_pop
 .text.rq_isFull
                0x00000f3c       0x26 lib/ready_queue.o
                0x00000f3c                rq_isFull
 .text.rq_push  0x00000f62       0x42 lib/ready_queue.o
                0x00000f62                rq_push
 .text.rq_clear
                0x00000fa4        0x8 lib/ready_queue.o
                0x00000fa4                rq_clear
 .text.rq_remove
                0x00000fac       0x7c lib/ready_queue.o
                0x00000fac                rq_remove
 .text.__vector_17
                0x00001028       0x4a lib/stop_watch.o
                0x00001028                __vector_17
 .text.stopWatch_deactivateInterrupt
                0x00001072       0x18 lib/stop_watch.o
                0x00001072                stopWatch_deactivateInterrupt
 .text.stopWatch_init
                0x0000108a       0x26 lib/stop_watch.o
                0x0000108a                stopWatch_init
 .text.usb2_init
                0x000010b0       0x2c lib/terminal.o
                0x000010b0                usb2_init
 .text.usb2_write
                0x000010dc        0xe lib/terminal.o
                0x000010dc                usb2_write
 .text.usb2_writeProgString
                0x000010ea       0x3a lib/terminal.o
                0x000010ea                usb2_writeProgString
 .text.terminal_init
                0x00001124       0x10 lib/terminal.o
                0x00001124                terminal_init
 .text.terminal_writeChar
                0x00001134       0x14 lib/terminal.o
                0x00001134                terminal_writeChar
 .text.terminal_writeProgString
                0x00001148        0x4 lib/terminal.o
                0x00001148                terminal_writeProgString
 .text.stdio_put_char
                0x0000114c       0x1e lib/terminal.o
                0x0000114c                stdio_put_char
 .text.terminal_newLine
                0x0000116a        0x6 lib/terminal.o
                0x0000116a                terminal_newLine
 .text.terminal_log_printf_p
                0x00001170       0x5c lib/terminal.o
                0x00001170                terminal_log_printf_p
 .text.__vector_25
                0x000011cc       0x62 lib/uart.o
                0x000011cc                __vector_25
 .text.__vector_26
                0x0000122e       0x5a lib/uart.o
                0x0000122e                __vector_26
 .text.uart0_getrxcount
                0x00001288       0x1e lib/uart.o
                0x00001288                uart0_getrxcount
 .text.__vector_36
                0x000012a6       0x62 lib/uart.o
                0x000012a6                __vector_36
 .text.__vector_37
                0x00001308       0x5c lib/uart.o
                0x00001308                __vector_37
 .text.__vector_51
                0x00001364       0x62 lib/uart.o
                0x00001364                __vector_51
 .text.__vector_52
                0x000013c6       0x5c lib/uart.o
                0x000013c6                __vector_52
 .text.__vector_54
                0x00001422       0x64 lib/uart.o
                0x00001422                __vector_54
 .text.__vector_55
                0x00001486       0x5a lib/uart.o
                0x00001486                __vector_55
 .text.uart3_init
                0x000014e0       0x36 lib/uart.o
                0x000014e0                uart3_init
 .text.uart3_getc
                0x00001516       0x3a lib/uart.o
                0x00001516                uart3_getc
 .text.uart3_putc
                0x00001550       0x28 lib/uart.o
                0x00001550                uart3_putc
 .text.uart3_getrxcount
                0x00001578       0x28 lib/uart.o
                0x00001578                uart3_getrxcount
 .text.__vector_21
                0x000015a0       0x4a lib/util.o
                0x000015a0                __vector_21
 .text.initSystemTime
                0x000015ea       0x38 lib/util.o
                0x000015ea                initSystemTime
 .text.getSystemTime_ms
                0x00001622       0x5a lib/util.o
                0x00001622                getSystemTime_ms
 .text.delayMs  0x0000167c       0x5a lib/util.o
                0x0000167c                delayMs
 .text.assertPstr
                0x000016d6       0x30 lib/util.o
                0x000016d6                assertPstr
 .text.main     0x00001706       0x12 main.o
                0x00001706                main
 .text.os_initTimer
                0x00001718       0x32 os_core.o
                0x00001718                os_initTimer
 .text.os_init  0x0000174a       0x82 os_core.o
                0x0000174a                os_init
 .text.os_errorPstr
                0x000017cc       0x70 os_core.o
                0x000017cc                os_errorPstr
 .text.prog0    0x0000183c       0x22 os_scheduler.o
                0x0000183c                prog0
 .text.addressOfProgram
                0x0000185e        0xa os_scheduler.o
                0x0000185e                addressOfProgram
 .text.os_checkAutostartProgram
                0x00001868       0x24 os_scheduler.o
                0x00001868                os_checkAutostartProgram
 .text.os_lookupProgramFunction
                0x0000188c       0x1c os_scheduler.o
                0x0000188c                os_lookupProgramFunction
 .text.os_getProcessSlot
                0x000018a8       0x16 os_scheduler.o
                0x000018a8                os_getProcessSlot
 .text.os_getProgramSlot
                0x000018be        0xc os_scheduler.o
                0x000018be                os_getProgramSlot
 .text.os_getCurrentProc
                0x000018ca        0x6 os_scheduler.o
                0x000018ca                os_getCurrentProc
 .text.os_getSchedulingStrategy
                0x000018d0        0x6 os_scheduler.o
                0x000018d0                os_getSchedulingStrategy
 .text.os_enterCriticalSection
                0x000018d6       0x3e os_scheduler.o
                0x000018d6                os_enterCriticalSection
 .text.os_leaveCriticalSection
                0x00001914       0x46 os_scheduler.o
                0x00001914                os_leaveCriticalSection
 .text.registerProgram0
                0x0000195a       0x22 os_scheduler.o
                0x0000195a                registerProgram0
 .text.os_startScheduler
                0x0000197c       0x6a os_scheduler.o
                0x0000197c                os_startScheduler
 .text.os_getStackChecksum
                0x000019e6       0x72 os_scheduler.o
                0x000019e6                os_getStackChecksum
 .text.os_exec  0x00001a58      0x14a os_scheduler.o
                0x00001a58                os_exec
 .text.os_initScheduler
                0x00001ba2       0x76 os_scheduler.o
                0x00001ba2                os_initScheduler
 .text.os_isStackInBounds
                0x00001c18       0x92 os_scheduler.o
                0x00001c18                os_isStackInBounds
 .text.__vector_13
                0x00001caa      0x1b6 os_scheduler.o
                0x00001caa                __vector_13
 .text.os_yield
                0x00001e60       0x12 os_scheduler.o
                0x00001e60                os_yield
 .text.os_kill  0x00001e72       0x6c os_scheduler.o
                0x00001e72                os_kill
 .text.os_dispatcher
                0x00001ede       0x3a os_scheduler.o
                0x00001ede                os_dispatcher
 .text.os_scheduler_RoundRobin
                0x00001f18       0x74 os_scheduling_strategies.o
                0x00001f18                os_scheduler_RoundRobin
 .text.os_resetProcessSchedulingInformation
                0x00001f8c       0x50 os_scheduling_strategies.o
                0x00001f8c                os_resetProcessSchedulingInformation
 .text.os_resetSchedulingInformation
                0x00001fdc       0x54 os_scheduling_strategies.o
                0x00001fdc                os_resetSchedulingInformation
 .text.os_scheduler_DynamicPriorityRoundRobin
                0x00002030       0xc6 os_scheduling_strategies.o
                0x00002030                os_scheduler_DynamicPriorityRoundRobin
 .text.prog2    0x000020f6        0x6 progs/tests/ttProtocolStack.o
                0x000020f6                prog2
 .text.registerProgram1
                0x000020fc       0x22 progs/tests/ttProtocolStack.o
                0x000020fc                registerProgram1
 .text.registerProgram2
                0x0000211e       0x22 progs/tests/ttProtocolStack.o
                0x0000211e                registerProgram2
 .text.displayCounter
                0x00002140       0x56 progs/tests/ttProtocolStack.o
                0x00002140                displayCounter
 .text.prog1    0x00002196      0x18a progs/tests/ttProtocolStack.o
                0x00002196                prog1
 .text.libgcc.div
                0x00002320       0x44 c:/program files (x86)/atmel/studio/7.0/toolchain/avr8/avr8-gnu-toolchain/bin/../lib/gcc/avr/5.4.0/avr6\libgcc.a(_udivmodsi4.o)
                0x00002320                __udivmodsi4
 .text.libgcc   0x00002364       0x10 c:/program files (x86)/atmel/studio/7.0/toolchain/avr8/avr8-gnu-toolchain/bin/../lib/gcc/avr/5.4.0/avr6\libgcc.a(_tablejump2.o)
                0x00002364                __tablejump2__
 .text.libgcc.mul
                0x00002374       0x1e c:/program files (x86)/atmel/studio/7.0/toolchain/avr8/avr8-gnu-toolchain/bin/../lib/gcc/avr/5.4.0/avr6\libgcc.a(_umulhisi3.o)
                0x00002374                __umulhisi3
 .text.avr-libc
                0x00002392       0x1e c:/program files (x86)/atmel/studio/7.0/toolchain/avr8/avr8-gnu-toolchain/bin/../lib/gcc/avr/5.4.0/../../../../avr/lib/avr6\libc.a(strncpy_P.o)
                0x00002392                strncpy_P
 .text.avr-libc
                0x000023b0       0x12 c:/program files (x86)/atmel/studio/7.0/toolchain/avr8/avr8-gnu-toolchain/bin/../lib/gcc/avr/5.4.0/../../../../avr/lib/avr6\libc.a(memcpy.o)
                0x000023b0                memcpy
 .text.avr-libc
                0x000023c2       0x1e c:/program files (x86)/atmel/studio/7.0/toolchain/avr8/avr8-gnu-toolchain/bin/../lib/gcc/avr/5.4.0/../../../../avr/lib/avr6\libc.a(strncpy.o)
                0x000023c2                strncpy
 .text.avr-libc
                0x000023e0       0x26 c:/program files (x86)/atmel/studio/7.0/toolchain/avr8/avr8-gnu-toolchain/bin/../lib/gcc/avr/5.4.0/../../../../avr/lib/avr6\libc.a(printf.o)
                0x000023e0                printf
 .text.avr-libc
                0x00002406       0x60 c:/program files (x86)/atmel/studio/7.0/toolchain/avr8/avr8-gnu-toolchain/bin/../lib/gcc/avr/5.4.0/../../../../avr/lib/avr6\libc.a(puts.o)
                0x00002406                puts
 .text.avr-libc
                0x00002466       0x1c c:/program files (x86)/atmel/studio/7.0/toolchain/avr8/avr8-gnu-toolchain/bin/../lib/gcc/avr/5.4.0/../../../../avr/lib/avr6\libc.a(vfprintf_p.o)
                0x00002466                vfprintf_P
 .text.avr-libc
                0x00002482      0x3fa c:/program files (x86)/atmel/studio/7.0/toolchain/avr8/avr8-gnu-toolchain/bin/../lib/gcc/avr/5.4.0/../../../../avr/lib/avr6\libc.a(vfprintf_std.o)
                0x00002482                vfprintf
 .text.avr-libc
                0x0000287c       0x16 c:/program files (x86)/atmel/studio/7.0/toolchain/avr8/avr8-gnu-toolchain/bin/../lib/gcc/avr/5.4.0/../../../../avr/lib/avr6\libc.a(strnlen_P.o)
                0x0000287c                strnlen_P
 .text.avr-libc
                0x00002892       0x16 c:/program files (x86)/atmel/studio/7.0/toolchain/avr8/avr8-gnu-toolchain/bin/../lib/gcc/avr/5.4.0/../../../../avr/lib/avr6\libc.a(strnlen.o)
                0x00002892                strnlen
 .text.avr-libc
                0x000028a8       0x78 c:/program files (x86)/atmel/studio/7.0/toolchain/avr8/avr8-gnu-toolchain/bin/../lib/gcc/avr/5.4.0/../../../../avr/lib/avr6\libc.a(fputc.o)
                0x000028a8                fputc
 .text.avr-libc
                0x00002920       0xbc c:/program files (x86)/atmel/studio/7.0/toolchain/avr8/avr8-gnu-toolchain/bin/../lib/gcc/avr/5.4.0/../../../../avr/lib/avr6\libc.a(ultoa_invert.o)
                0x00002920                __ultoa_invert
                0x000029dc                . = ALIGN (0x2)
 *(.fini9)
 .fini9         0x000029dc        0x0 c:/program files (x86)/atmel/studio/7.0/toolchain/avr8/avr8-gnu-toolchain/bin/../lib/gcc/avr/5.4.0/avr6\libgcc.a(_exit.o)
                0x000029dc                _exit
                0x000029dc                exit
 *(.fini9)
 *(.fini8)
 *(.fini8)
 *(.fini7)
 *(.fini7)
 *(.fini6)
 *(.fini6)
 *(.fini5)
 *(.fini5)
 *(.fini4)
 *(.fini4)
 *(.fini3)
 *(.fini3)
 *(.fini2)
 *(.fini2)
 *(.fini1)
 *(.fini1)
 *(.fini0)
 .fini0         0x000029dc        0x4 c:/program files (x86)/atmel/studio/7.0/toolchain/avr8/avr8-gnu-toolchain/bin/../lib/gcc/avr/5.4.0/avr6\libgcc.a(_exit.o)
 *(.fini0)
                0x000029e0                _etext = .

.data           0x00800200      0x12e load address 0x000029e0
                0x00800200                PROVIDE (__data_start, .)
 *(.data)
 *(.data*)
 .data.serialAdapter_address
                0x00800200        0x1 communication/rfAdapter.o
                0x00800200                serialAdapter_address
 .data.serialAdapter_startFlag
                0x00800201        0x2 communication/rfAdapter.o
                0x00800201                serialAdapter_startFlag
 .data.lcd_stdout
                0x00800203        0xe lib/lcd.o
                0x00800203                lcd_stdout
 .data.mystdout
                0x00800211        0xe lib/terminal.o
                0x00800211                mystdout
 *(.gnu.linkonce.d*)
 *(.rodata)
 .rodata        0x0080021f        0xa progs/tests/ttProtocolStack.o
 *(.rodata*)
 .rodata.str1.1
                0x00800229       0x7d communication/rfAdapter.o
 .rodata.str1.1
                0x008002a6       0x72 communication/serialAdapter.o
 .rodata.str1.1
                0x00800318        0x6 os_scheduler.o
 .rodata.str1.1
                0x0080031e        0xf progs/tests/ttProtocolStack.o
 *(.gnu.linkonce.r*)
                0x0080032e                . = ALIGN (0x2)
 *fill*         0x0080032d        0x1 
                0x0080032e                _edata = .
                0x0080032e                PROVIDE (__data_end, .)

.bss            0x0080032e      0x25a
                0x0080032e                PROVIDE (__bss_start, .)
 *(.bss)
 *(.bss*)
 .bss.rfAdapter_initialized
                0x0080032e        0x1 communication/rfAdapter.o
                0x0080032e                rfAdapter_initialized
 .bss.stopWatch_time
                0x0080032f        0x4 lib/stop_watch.o
                0x0080032f                stopWatch_time
 .bss.UART3_LastRxError
                0x00800333        0x1 lib/uart.o
 .bss.UART3_RxTail
                0x00800334        0x1 lib/uart.o
 .bss.UART3_RxHead
                0x00800335        0x1 lib/uart.o
 .bss.UART3_TxTail
                0x00800336        0x1 lib/uart.o
 .bss.UART3_TxHead
                0x00800337        0x1 lib/uart.o
 .bss.UART3_RxBuf
                0x00800338       0x40 lib/uart.o
 .bss.UART3_TxBuf
                0x00800378        0x0 lib/uart.o
 .bss.UART2_LastRxError
                0x00800378        0x1 lib/uart.o
 .bss.UART2_RxTail
                0x00800379        0x1 lib/uart.o
 .bss.UART2_RxHead
                0x0080037a        0x1 lib/uart.o
 .bss.UART2_TxTail
                0x0080037b        0x1 lib/uart.o
 .bss.UART2_TxHead
                0x0080037c        0x1 lib/uart.o
 .bss.UART2_RxBuf
                0x0080037d        0x0 lib/uart.o
 .bss.UART2_TxBuf
                0x0080037d       0x40 lib/uart.o
 .bss.UART1_LastRxError
                0x008003bd        0x1 lib/uart.o
 .bss.UART1_RxTail
                0x008003be        0x1 lib/uart.o
 .bss.UART1_RxHead
                0x008003bf        0x1 lib/uart.o
 .bss.UART1_TxTail
                0x008003c0        0x1 lib/uart.o
 .bss.UART1_TxHead
                0x008003c1        0x1 lib/uart.o
 .bss.UART1_RxBuf
                0x008003c2      0x100 lib/uart.o
 .bss.UART1_TxBuf
                0x008004c2       0x40 lib/uart.o
 .bss.UART0_LastRxError
                0x00800502        0x1 lib/uart.o
 .bss.UART0_RxTail
                0x00800503        0x1 lib/uart.o
 .bss.UART0_RxHead
                0x00800504        0x1 lib/uart.o
 .bss.UART0_TxTail
                0x00800505        0x1 lib/uart.o
 .bss.UART0_TxHead
                0x00800506        0x1 lib/uart.o
 .bss.UART0_RxBuf
                0x00800507        0x0 lib/uart.o
 .bss.UART0_TxBuf
                0x00800507        0x0 lib/uart.o
 .bss.criticalSectionCount
                0x00800507        0x1 os_scheduler.o
                0x00800507                criticalSectionCount
 .bss.currSchedStrat
                0x00800508        0x1 os_scheduler.o
                0x00800508                currSchedStrat
 .bss.currentProc
                0x00800509        0x1 os_scheduler.o
                0x00800509                currentProc
 *(COMMON)
 COMMON         0x0080050a        0x1 lib/lcd.o
                0x0080050a                charCtr
 COMMON         0x0080050b        0x4 lib/util.o
                0x0080050b                os_coarseSystemTime
 COMMON         0x0080050f       0x52 os_scheduler.o
                0x0080050f                os_processes
                0x0080053f                os_programs
                0x0080055f                os_autostart
 COMMON         0x00800561       0x21 os_scheduling_strategies.o
                0x00800561                schedulingInfo
 COMMON         0x00800582        0x6 c:/program files (x86)/atmel/studio/7.0/toolchain/avr8/avr8-gnu-toolchain/bin/../lib/gcc/avr/5.4.0/../../../../avr/lib/avr6\libc.a(iob.o)
                0x00800582                __iob
                0x00800588                PROVIDE (__bss_end, .)
                0x000029e0                __data_load_start = LOADADDR (.data)
                0x00002b0e                __data_load_end = (__data_load_start + SIZEOF (.data))

.noinit         0x00800588        0x0
                [!provide]                PROVIDE (__noinit_start, .)
 *(.noinit*)
                [!provide]                PROVIDE (__noinit_end, .)
                0x00800588                _end = .
                0x00800588                PROVIDE (__heap_start, .)

.eeprom         0x00810000        0x0
 *(.eeprom*)
                0x00810000                __eeprom_end = .

.fuse
 *(.fuse)
 *(.lfuse)
 *(.hfuse)
 *(.efuse)

.lock
 *(.lock*)

.signature
 *(.signature*)

.user_signatures
 *(.user_signatures*)

.stab
 *(.stab)

.stabstr
 *(.stabstr)

.stab.excl
 *(.stab.excl)

.stab.exclstr
 *(.stab.exclstr)

.stab.index
 *(.stab.index)

.stab.indexstr
 *(.stab.indexstr)

.comment        0x00000000       0x5c
 *(.comment)
 .comment       0x00000000       0x30 communication/rfAdapter.o
                                 0x31 (size before relaxing)
 .comment       0x00000030       0x31 communication/serialAdapter.o
 .comment       0x00000030       0x31 communication/xbee.o
 .comment       0x00000030       0x31 lib/lcd.o
 .comment       0x00000030       0x31 lib/ready_queue.o
 .comment       0x00000030       0x31 lib/stop_watch.o
 .comment       0x00000030       0x31 lib/terminal.o
 .comment       0x00000030       0x31 lib/uart.o
 .comment       0x00000030       0x31 lib/util.o
 .comment       0x00000030       0x31 main.o
 .comment       0x00000030       0x31 os_core.o
 .comment       0x00000030       0x31 os_scheduler.o
 .comment       0x00000030       0x31 os_scheduling_strategies.o
 .comment       0x00000030       0x31 progs/tests/ttProtocolStack.o
 .comment       0x00000030       0x31 c:/program files (x86)/atmel/studio/7.0/toolchain/avr8/avr8-gnu-toolchain/bin/../lib/gcc/avr/5.4.0/../../../../avr/lib/avr6\libc.a(iob.o)
 .comment       0x00000030       0x31 c:/program files (x86)/atmel/studio/7.0/toolchain/avr8/avr8-gnu-toolchain/bin/../lib/gcc/avr/5.4.0/../../../../avr/lib/avr6\libc.a(printf.o)
 .comment       0x00000030       0x31 c:/program files (x86)/atmel/studio/7.0/toolchain/avr8/avr8-gnu-toolchain/bin/../lib/gcc/avr/5.4.0/../../../../avr/lib/avr6\libc.a(puts.o)
 .comment       0x00000030       0x31 c:/program files (x86)/atmel/studio/7.0/toolchain/avr8/avr8-gnu-toolchain/bin/../lib/gcc/avr/5.4.0/../../../../avr/lib/avr6\libc.a(vfprintf_p.o)
 .comment       0x00000030       0x2c c:/program files (x86)/atmel/studio/7.0/toolchain/avr8/avr8-gnu-toolchain/bin/../lib/gcc/avr/5.4.0/../../../../avr/lib/avr6\libc.a(vfprintf_std.o)
                                 0x2d (size before relaxing)
 .comment       0x0000005c       0x31 c:/program files (x86)/atmel/studio/7.0/toolchain/avr8/avr8-gnu-toolchain/bin/../lib/gcc/avr/5.4.0/../../../../avr/lib/avr6\libc.a(fputc.o)

.note.gnu.avr.deviceinfo
                0x00000000       0x40
 .note.gnu.avr.deviceinfo
                0x00000000       0x40 C:/Program Files (x86)/Atmel/Studio/7.0/Packs/atmel/ATmega_DFP/1.7.374/gcc/dev/atmega2560/avr6/crtatmega2560.o

.note.gnu.build-id
 *(.note.gnu.build-id)

.debug
 *(.debug)

.line
 *(.line)

.debug_srcinfo
 *(.debug_srcinfo)

.debug_sfnames
 *(.debug_sfnames)

.debug_aranges  0x00000000      0x6d0
 *(.debug_aranges)
 .debug_aranges
                0x00000000       0x90 communication/rfAdapter.o
 .debug_aranges
                0x00000090       0x58 communication/serialAdapter.o
 .debug_aranges
                0x000000e8       0x48 communication/xbee.o
 .debug_aranges
                0x00000130       0xf0 lib/lcd.o
 .debug_aranges
                0x00000220       0x58 lib/ready_queue.o
 .debug_aranges
                0x00000278       0x58 lib/stop_watch.o
 .debug_aranges
                0x000002d0       0x98 lib/terminal.o
 .debug_aranges
                0x00000368      0x160 lib/uart.o
 .debug_aranges
                0x000004c8       0x40 lib/util.o
 .debug_aranges
                0x00000508       0x20 main.o
 .debug_aranges
                0x00000528       0x30 os_core.o
 .debug_aranges
                0x00000558       0xe8 os_scheduler.o
 .debug_aranges
                0x00000640       0x40 os_scheduling_strategies.o
 .debug_aranges
                0x00000680       0x50 progs/tests/ttProtocolStack.o

.debug_pubnames
 *(.debug_pubnames)

.debug_info     0x00000000     0x69a1
 *(.debug_info .gnu.linkonce.wi.*)
 .debug_info    0x00000000      0xbbc C:/Program Files (x86)/Atmel/Studio/7.0/Packs/atmel/ATmega_DFP/1.7.374/gcc/dev/atmega2560/avr6/crtatmega2560.o
 .debug_info    0x00000bbc      0x943 communication/rfAdapter.o
 .debug_info    0x000014ff      0x800 communication/serialAdapter.o
 .debug_info    0x00001cff      0x2f1 communication/xbee.o
 .debug_info    0x00001ff0      0xe1a lib/lcd.o
 .debug_info    0x00002e0a      0x347 lib/ready_queue.o
 .debug_info    0x00003151      0x2cc lib/stop_watch.o
 .debug_info    0x0000341d      0x779 lib/terminal.o
 .debug_info    0x00003b96      0xdad lib/uart.o
 .debug_info    0x00004943      0x274 lib/util.o
 .debug_info    0x00004bb7       0xf1 main.o
 .debug_info    0x00004ca8      0x36f os_core.o
 .debug_info    0x00005017      0xb5c os_scheduler.o
 .debug_info    0x00005b73      0x63a os_scheduling_strategies.o
 .debug_info    0x000061ad      0x7f4 progs/tests/ttProtocolStack.o

.debug_abbrev   0x00000000     0x24aa
 *(.debug_abbrev)
 .debug_abbrev  0x00000000      0xb1a C:/Program Files (x86)/Atmel/Studio/7.0/Packs/atmel/ATmega_DFP/1.7.374/gcc/dev/atmega2560/avr6/crtatmega2560.o
 .debug_abbrev  0x00000b1a      0x224 communication/rfAdapter.o
 .debug_abbrev  0x00000d3e      0x1be communication/serialAdapter.o
 .debug_abbrev  0x00000efc      0x172 communication/xbee.o
 .debug_abbrev  0x0000106e      0x326 lib/lcd.o
 .debug_abbrev  0x00001394      0x164 lib/ready_queue.o
 .debug_abbrev  0x000014f8      0x145 lib/stop_watch.o
 .debug_abbrev  0x0000163d      0x23b lib/terminal.o
 .debug_abbrev  0x00001878      0x19c lib/uart.o
 .debug_abbrev  0x00001a14      0x1a5 lib/util.o
 .debug_abbrev  0x00001bb9       0x7e main.o
 .debug_abbrev  0x00001c37      0x18c os_core.o
 .debug_abbrev  0x00001dc3      0x371 os_scheduler.o
 .debug_abbrev  0x00002134      0x1c8 os_scheduling_strategies.o
 .debug_abbrev  0x000022fc      0x1ae progs/tests/ttProtocolStack.o

.debug_line     0x00000000     0x3a34
 *(.debug_line .debug_line.* .debug_line_end)
 .debug_line    0x00000000      0x1fa C:/Program Files (x86)/Atmel/Studio/7.0/Packs/atmel/ATmega_DFP/1.7.374/gcc/dev/atmega2560/avr6/crtatmega2560.o
 .debug_line    0x000001fa      0x401 communication/rfAdapter.o
 .debug_line    0x000005fb      0x347 communication/serialAdapter.o
 .debug_line    0x00000942      0x1db communication/xbee.o
 .debug_line    0x00000b1d      0x7ce lib/lcd.o
 .debug_line    0x000012eb      0x2e3 lib/ready_queue.o
 .debug_line    0x000015ce      0x286 lib/stop_watch.o
 .debug_line    0x00001854      0x463 lib/terminal.o
 .debug_line    0x00001cb7      0x900 lib/uart.o
 .debug_line    0x000025b7      0x290 lib/util.o
 .debug_line    0x00002847       0xa2 main.o
 .debug_line    0x000028e9      0x2c5 os_core.o
 .debug_line    0x00002bae      0x7c8 os_scheduler.o
 .debug_line    0x00003376      0x2e4 os_scheduling_strategies.o
 .debug_line    0x0000365a      0x3da progs/tests/ttProtocolStack.o

.debug_frame    0x00000000     0x1374
 *(.debug_frame)
 .debug_frame   0x00000000      0x1bc communication/rfAdapter.o
 .debug_frame   0x000001bc      0x118 communication/serialAdapter.o
 .debug_frame   0x000002d4       0xe8 communication/xbee.o
 .debug_frame   0x000003bc      0x2a0 lib/lcd.o
 .debug_frame   0x0000065c       0xd4 lib/ready_queue.o
 .debug_frame   0x00000730      0x114 lib/stop_watch.o
 .debug_frame   0x00000844      0x1a4 lib/terminal.o
 .debug_frame   0x000009e8      0x414 lib/uart.o
 .debug_frame   0x00000dfc       0xbc lib/util.o
 .debug_frame   0x00000eb8       0x24 main.o
 .debug_frame   0x00000edc       0x84 os_core.o
 .debug_frame   0x00000f60      0x2cc os_scheduler.o
 .debug_frame   0x0000122c       0xa8 os_scheduling_strategies.o
 .debug_frame   0x000012d4       0xa0 progs/tests/ttProtocolStack.o

.debug_str      0x00000000     0x1a76
 *(.debug_str)
 .debug_str     0x00000000      0x3e6 C:/Program Files (x86)/Atmel/Studio/7.0/Packs/atmel/ATmega_DFP/1.7.374/gcc/dev/atmega2560/avr6/crtatmega2560.o
 .debug_str     0x000003e6      0x52e communication/rfAdapter.o
                                0x5aa (size before relaxing)
 .debug_str     0x00000914      0x199 communication/serialAdapter.o
                                0x4c2 (size before relaxing)
 .debug_str     0x00000aad       0x73 communication/xbee.o
                                0x255 (size before relaxing)
 .debug_str     0x00000b20      0x294 lib/lcd.o
                                0x446 (size before relaxing)
 .debug_str     0x00000db4       0x93 lib/ready_queue.o
                                0x246 (size before relaxing)
 .debug_str     0x00000e47      0x129 lib/stop_watch.o
                                0x2f3 (size before relaxing)
 .debug_str     0x00000f70      0x14c lib/terminal.o
                                0x39a (size before relaxing)
 .debug_str     0x000010bc      0x39a lib/uart.o
                                0x584 (size before relaxing)
 .debug_str     0x00001456       0x63 lib/util.o
                                0x27f (size before relaxing)
 .debug_str     0x000014b9       0x2b main.o
                                0x1a4 (size before relaxing)
 .debug_str     0x000014e4       0x3a os_core.o
                                0x2f7 (size before relaxing)
 .debug_str     0x0000151e      0x437 os_scheduler.o
                                0x6a1 (size before relaxing)
 .debug_str     0x00001955       0x75 os_scheduling_strategies.o
                                0x481 (size before relaxing)
 .debug_str     0x000019ca       0xac progs/tests/ttProtocolStack.o
                                0x3a7 (size before relaxing)

.debug_loc      0x00000000     0x42df
 *(.debug_loc)
 .debug_loc     0x00000000      0x540 communication/rfAdapter.o
 .debug_loc     0x00000540      0x406 communication/serialAdapter.o
 .debug_loc     0x00000946      0x320 communication/xbee.o
 .debug_loc     0x00000c66      0xb94 lib/lcd.o
 .debug_loc     0x000017fa      0x325 lib/ready_queue.o
 .debug_loc     0x00001b1f      0x2aa lib/stop_watch.o
 .debug_loc     0x00001dc9      0x50c lib/terminal.o
 .debug_loc     0x000022d5      0xefa lib/uart.o
 .debug_loc     0x000031cf      0x1ed lib/util.o
 .debug_loc     0x000033bc      0x1a4 os_core.o
 .debug_loc     0x00003560      0x8f2 os_scheduler.o
 .debug_loc     0x00003e52      0x351 os_scheduling_strategies.o
 .debug_loc     0x000041a3      0x13c progs/tests/ttProtocolStack.o

.debug_macinfo
 *(.debug_macinfo)

.debug_weaknames
 *(.debug_weaknames)

.debug_funcnames
 *(.debug_funcnames)

.debug_typenames
 *(.debug_typenames)

.debug_varnames
 *(.debug_varnames)

.debug_pubtypes
 *(.debug_pubtypes)

.debug_ranges   0x00000000      0x678
 *(.debug_ranges)
 .debug_ranges  0x00000000       0x80 communication/rfAdapter.o
 .debug_ranges  0x00000080       0x60 communication/serialAdapter.o
 .debug_ranges  0x000000e0       0x38 communication/xbee.o
 .debug_ranges  0x00000118       0xe0 lib/lcd.o
 .debug_ranges  0x000001f8       0x48 lib/ready_queue.o
 .debug_ranges  0x00000240       0x48 lib/stop_watch.o
 .debug_ranges  0x00000288       0x88 lib/terminal.o
 .debug_ranges  0x00000310      0x150 lib/uart.o
 .debug_ranges  0x00000460       0x30 lib/util.o
 .debug_ranges  0x00000490       0x10 main.o
 .debug_ranges  0x000004a0       0x20 os_core.o
 .debug_ranges  0x000004c0       0xf0 os_scheduler.o
 .debug_ranges  0x000005b0       0x88 os_scheduling_strategies.o
 .debug_ranges  0x00000638       0x40 progs/tests/ttProtocolStack.o

.debug_macro
 *(.debug_macro)
OUTPUT(DEOS.elf elf32-avr)
LOAD linker stubs
