Archive member included to satisfy reference by file (symbol)

c:/program files (x86)/atmel/studio/7.0/toolchain/avr8/avr8-gnu-toolchain/bin/../lib/gcc/avr/5.4.0/avr6\libgcc.a(_udivmodsi4.o)
                              lib/lcd.o (__udivmodsi4)
c:/program files (x86)/atmel/studio/7.0/toolchain/avr8/avr8-gnu-toolchain/bin/../lib/gcc/avr/5.4.0/avr6\libgcc.a(_exit.o)
                              C:/Program Files (x86)/Atmel/Studio/7.0/Packs/atmel/ATmega_DFP/1.7.374/gcc/dev/atmega2560/avr6/crtatmega2560.o (exit)
c:/program files (x86)/atmel/studio/7.0/toolchain/avr8/avr8-gnu-toolchain/bin/../lib/gcc/avr/5.4.0/avr6\libgcc.a(_tablejump2.o)
                              lib/lcd.o (__tablejump2__)
c:/program files (x86)/atmel/studio/7.0/toolchain/avr8/avr8-gnu-toolchain/bin/../lib/gcc/avr/5.4.0/avr6\libgcc.a(_copy_data.o)
                              communication/rfAdapter.o (__do_copy_data)
c:/program files (x86)/atmel/studio/7.0/toolchain/avr8/avr8-gnu-toolchain/bin/../lib/gcc/avr/5.4.0/avr6\libgcc.a(_clear_bss.o)
                              communication/rfAdapter.o (__do_clear_bss)
c:/program files (x86)/atmel/studio/7.0/toolchain/avr8/avr8-gnu-toolchain/bin/../lib/gcc/avr/5.4.0/avr6\libgcc.a(_ctors.o)
                              os_scheduler.o (__do_global_ctors)
c:/program files (x86)/atmel/studio/7.0/toolchain/avr8/avr8-gnu-toolchain/bin/../lib/gcc/avr/5.4.0/avr6\libgcc.a(_umulhisi3.o)
                              os_scheduler.o (__umulhisi3)
c:/program files (x86)/atmel/studio/7.0/toolchain/avr8/avr8-gnu-toolchain/bin/../lib/gcc/avr/5.4.0/../../../../avr/lib/avr6\libc.a(strlen_P.o)
                              communication/rfAdapter.o (__strlen_P)
c:/program files (x86)/atmel/studio/7.0/toolchain/avr8/avr8-gnu-toolchain/bin/../lib/gcc/avr/5.4.0/../../../../avr/lib/avr6\libc.a(strncpy_P.o)
                              communication/rfAdapter.o (strncpy_P)
c:/program files (x86)/atmel/studio/7.0/toolchain/avr8/avr8-gnu-toolchain/bin/../lib/gcc/avr/5.4.0/../../../../avr/lib/avr6\libc.a(memcpy.o)
                              communication/rfAdapter.o (memcpy)
c:/program files (x86)/atmel/studio/7.0/toolchain/avr8/avr8-gnu-toolchain/bin/../lib/gcc/avr/5.4.0/../../../../avr/lib/avr6\libc.a(strncpy.o)
                              communication/rfAdapter.o (strncpy)
c:/program files (x86)/atmel/studio/7.0/toolchain/avr8/avr8-gnu-toolchain/bin/../lib/gcc/avr/5.4.0/../../../../avr/lib/avr6\libc.a(iob.o)
                              lib/lcd.o (__iob)
c:/program files (x86)/atmel/studio/7.0/toolchain/avr8/avr8-gnu-toolchain/bin/../lib/gcc/avr/5.4.0/../../../../avr/lib/avr6\libc.a(printf.o)
                              communication/rfAdapter.o (printf)
c:/program files (x86)/atmel/studio/7.0/toolchain/avr8/avr8-gnu-toolchain/bin/../lib/gcc/avr/5.4.0/../../../../avr/lib/avr6\libc.a(printf_p.o)
                              communication/rfAdapter.o (printf_P)
c:/program files (x86)/atmel/studio/7.0/toolchain/avr8/avr8-gnu-toolchain/bin/../lib/gcc/avr/5.4.0/../../../../avr/lib/avr6\libc.a(vfprintf_p.o)
                              lib/lcd.o (vfprintf_P)
c:/program files (x86)/atmel/studio/7.0/toolchain/avr8/avr8-gnu-toolchain/bin/../lib/gcc/avr/5.4.0/../../../../avr/lib/avr6\libc.a(vfprintf_std.o)
                              c:/program files (x86)/atmel/studio/7.0/toolchain/avr8/avr8-gnu-toolchain/bin/../lib/gcc/avr/5.4.0/../../../../avr/lib/avr6\libc.a(printf.o) (vfprintf)
c:/program files (x86)/atmel/studio/7.0/toolchain/avr8/avr8-gnu-toolchain/bin/../lib/gcc/avr/5.4.0/../../../../avr/lib/avr6\libc.a(strnlen_P.o)
                              c:/program files (x86)/atmel/studio/7.0/toolchain/avr8/avr8-gnu-toolchain/bin/../lib/gcc/avr/5.4.0/../../../../avr/lib/avr6\libc.a(vfprintf_std.o) (strnlen_P)
c:/program files (x86)/atmel/studio/7.0/toolchain/avr8/avr8-gnu-toolchain/bin/../lib/gcc/avr/5.4.0/../../../../avr/lib/avr6\libc.a(strnlen.o)
                              c:/program files (x86)/atmel/studio/7.0/toolchain/avr8/avr8-gnu-toolchain/bin/../lib/gcc/avr/5.4.0/../../../../avr/lib/avr6\libc.a(vfprintf_std.o) (strnlen)
c:/program files (x86)/atmel/studio/7.0/toolchain/avr8/avr8-gnu-toolchain/bin/../lib/gcc/avr/5.4.0/../../../../avr/lib/avr6\libc.a(fputc.o)
                              c:/program files (x86)/atmel/studio/7.0/toolchain/avr8/avr8-gnu-toolchain/bin/../lib/gcc/avr/5.4.0/../../../../avr/lib/avr6\libc.a(vfprintf_std.o) (fputc)
c:/program files (x86)/atmel/studio/7.0/toolchain/avr8/avr8-gnu-toolchain/bin/../lib/gcc/avr/5.4.0/../../../../avr/lib/avr6\libc.a(ultoa_invert.o)
                              c:/program files (x86)/atmel/studio/7.0/toolchain/avr8/avr8-gnu-toolchain/bin/../lib/gcc/avr/5.4.0/../../../../avr/lib/avr6\libc.a(vfprintf_std.o) (__ultoa_invert)

Allocating common symbols
Common symbol       size              file

os_processes        0x30              os_scheduler.o
charCtr             0x1               lib/lcd.o
schedulingInfo      0x21              os_scheduling_strategies.o
os_programs         0x20              os_scheduler.o
os_coarseSystemTime
                    0x4               lib/util.o
os_autostart        0x2               os_scheduler.o
__iob               0x6               c:/program files (x86)/atmel/studio/7.0/toolchain/avr8/avr8-gnu-toolchain/bin/../lib/gcc/avr/5.4.0/../../../../avr/lib/avr6\libc.a(iob.o)

Discarded input sections

 .data          0x00000000        0x0 C:/Program Files (x86)/Atmel/Studio/7.0/Packs/atmel/ATmega_DFP/1.7.374/gcc/dev/atmega2560/avr6/crtatmega2560.o
 .bss           0x00000000        0x0 C:/Program Files (x86)/Atmel/Studio/7.0/Packs/atmel/ATmega_DFP/1.7.374/gcc/dev/atmega2560/avr6/crtatmega2560.o
 .text          0x00000000        0x0 communication/rfAdapter.o
 .data          0x00000000        0x0 communication/rfAdapter.o
 .bss           0x00000000        0x0 communication/rfAdapter.o
 .text.rfAdapter_isInitialized
                0x00000000        0x6 communication/rfAdapter.o
 .text          0x00000000        0x0 communication/serialAdapter.o
 .data          0x00000000        0x0 communication/serialAdapter.o
 .bss           0x00000000        0x0 communication/serialAdapter.o
 .text.serialAdapter_waitForAnyByte
                0x00000000       0x10 communication/serialAdapter.o
 .text          0x00000000        0x0 communication/xbee.o
 .data          0x00000000        0x0 communication/xbee.o
 .bss           0x00000000        0x0 communication/xbee.o
 .text          0x00000000        0x0 lib/buttons.o
 .data          0x00000000        0x0 lib/buttons.o
 .bss           0x00000000        0x0 lib/buttons.o
 .text.buttons_read
                0x00000000       0x64 lib/buttons.o
 .text.buttons_pressed
                0x00000000       0x14 lib/buttons.o
 .text.buttons_released
                0x00000000       0x16 lib/buttons.o
 .text.buttons_waitForPressed
                0x00000000       0x12 lib/buttons.o
 .text.buttons_waitForReleased
                0x00000000       0x12 lib/buttons.o
 .debug_info    0x00000000      0x1ca lib/buttons.o
 .debug_abbrev  0x00000000       0xfb lib/buttons.o
 .debug_loc     0x00000000      0x1a0 lib/buttons.o
 .debug_aranges
                0x00000000       0x40 lib/buttons.o
 .debug_ranges  0x00000000       0x30 lib/buttons.o
 .debug_line    0x00000000      0x198 lib/buttons.o
 .debug_str     0x00000000      0x23b lib/buttons.o
 .comment       0x00000000       0x31 lib/buttons.o
 .debug_frame   0x00000000       0x84 lib/buttons.o
 .text          0x00000000        0x0 lib/lcd.o
 .data          0x00000000        0x0 lib/lcd.o
 .bss           0x00000000        0x0 lib/lcd.o
 .text.lcd_home
                0x00000000       0x1c lib/lcd.o
 .text.lcd_cursorOn
                0x00000000        0x8 lib/lcd.o
 .text.lcd_cursorOff
                0x00000000        0x8 lib/lcd.o
 .text.lcd_blinkOn
                0x00000000        0x8 lib/lcd.o
 .text.lcd_blinkOff
                0x00000000        0x8 lib/lcd.o
 .text.lcd_writeHexNibble
                0x00000000       0x26 lib/lcd.o
 .text.lcd_writeHexByte
                0x00000000       0x22 lib/lcd.o
 .text.lcd_writeHexWord
                0x00000000       0x22 lib/lcd.o
 .text.lcd_writeHex
                0x00000000       0x44 lib/lcd.o
 .text.lcd_drawBar
                0x00000000       0x48 lib/lcd.o
 .text          0x00000000        0x0 lib/ready_queue.o
 .data          0x00000000        0x0 lib/ready_queue.o
 .bss           0x00000000        0x0 lib/ready_queue.o
 .text.rq_init  0x00000000        0x8 lib/ready_queue.o
 .text.rq_print
                0x00000000       0x64 lib/ready_queue.o
 .progmem.data.__c.2316
                0x00000000        0x3 lib/ready_queue.o
 .text          0x00000000        0x0 lib/stop_watch.o
 .data          0x00000000        0x0 lib/stop_watch.o
 .bss           0x00000000        0x0 lib/stop_watch.o
 .text.stopWatch_activateInterrupt
                0x00000000       0x18 lib/stop_watch.o
 .text.stopWatch_getTime
                0x00000000       0x9a lib/stop_watch.o
 .text.stopWatch_start
                0x00000000       0x6e lib/stop_watch.o
 .text.stopWatch_measure
                0x00000000       0x4a lib/stop_watch.o
 .text.stopWatch_stop
                0x00000000       0x58 lib/stop_watch.o
 .progmem.data.__c.2304
                0x00000000       0x15 lib/stop_watch.o
 .progmem.data.__c.2294
                0x00000000       0x1e lib/stop_watch.o
 .data.stopWatch_offset
                0x00000000        0x4 lib/stop_watch.o
 .bss.stopWatch_runningInstances
                0x00000000        0x1 lib/stop_watch.o
 .text          0x00000000        0x0 lib/terminal.o
 .data          0x00000000        0x0 lib/terminal.o
 .bss           0x00000000        0x0 lib/terminal.o
 .text.usb2_read
                0x00000000        0xe lib/terminal.o
 .text.usb2_writeString
                0x00000000       0x4a lib/terminal.o
 .text.terminal_writeHexNibble
                0x00000000       0x14 lib/terminal.o
 .text.terminal_writeHexByte
                0x00000000       0x22 lib/terminal.o
 .text.terminal_writeHexWord
                0x00000000       0x22 lib/terminal.o
 .text.terminal_writeDec
                0x00000000       0x92 lib/terminal.o
 .text.terminal_writeString
                0x00000000        0x6 lib/terminal.o
 .text          0x00000000        0x0 lib/uart.o
 .data          0x00000000        0x0 lib/uart.o
 .bss           0x00000000        0x0 lib/uart.o
 .text.uart0_init
                0x00000000       0x36 lib/uart.o
 .text.uart0_getc
                0x00000000       0x3a lib/uart.o
 .text.uart0_putc
                0x00000000       0x28 lib/uart.o
 .text.uart0_puts
                0x00000000       0x1a lib/uart.o
 .text.uart0_puts_p
                0x00000000       0x1e lib/uart.o
 .text.uart0_getrxcount
                0x00000000       0x1e lib/uart.o
 .text.uart0_gettxcount
                0x00000000       0x1e lib/uart.o
 .text.uart0_disable
                0x00000000       0x12 lib/uart.o
 .text.uart1_init
                0x00000000       0x36 lib/uart.o
 .text.uart1_getc
                0x00000000       0x38 lib/uart.o
 .text.uart1_putc
                0x00000000       0x2a lib/uart.o
 .text.uart1_puts
                0x00000000       0x1a lib/uart.o
 .text.uart1_puts_p
                0x00000000       0x1e lib/uart.o
 .text.uart1_getrxcount
                0x00000000       0x28 lib/uart.o
 .text.uart1_gettxcount
                0x00000000       0x28 lib/uart.o
 .text.uart1_disable
                0x00000000       0x12 lib/uart.o
 .text.uart2_flush_blocking
                0x00000000       0x30 lib/uart.o
 .text.uart2_init
                0x00000000       0x36 lib/uart.o
 .text.uart2_getc
                0x00000000       0x38 lib/uart.o
 .text.uart2_putc
                0x00000000       0x2a lib/uart.o
 .text.uart2_puts
                0x00000000       0x1a lib/uart.o
 .text.uart2_puts_p
                0x00000000       0x1e lib/uart.o
 .text.uart2_getrxcount
                0x00000000       0x1e lib/uart.o
 .text.uart2_gettxcount
                0x00000000       0x28 lib/uart.o
 .text.uart2_disable
                0x00000000       0x12 lib/uart.o
 .text.uart3_puts
                0x00000000       0x1a lib/uart.o
 .text.uart3_puts_p
                0x00000000       0x1e lib/uart.o
 .text.uart3_gettxcount
                0x00000000       0x1e lib/uart.o
 .text.uart3_disable
                0x00000000       0x12 lib/uart.o
 .text          0x00000000        0x0 lib/util.o
 .data          0x00000000        0x0 lib/util.o
 .bss           0x00000000        0x0 lib/util.o
 .text          0x00000000        0x0 main.o
 .data          0x00000000        0x0 main.o
 .bss           0x00000000        0x0 main.o
 .text          0x00000000        0x0 os_core.o
 .data          0x00000000        0x0 os_core.o
 .bss           0x00000000        0x0 os_core.o
 .text          0x00000000        0x0 os_process.o
 .data          0x00000000        0x0 os_process.o
 .bss           0x00000000        0x0 os_process.o
 .text.os_isRunnable
                0x00000000       0x1a os_process.o
 .debug_info    0x00000000      0x1bb os_process.o
 .debug_abbrev  0x00000000       0xd7 os_process.o
 .debug_loc     0x00000000       0x56 os_process.o
 .debug_aranges
                0x00000000       0x20 os_process.o
 .debug_ranges  0x00000000       0x10 os_process.o
 .debug_line    0x00000000       0xd5 os_process.o
 .debug_str     0x00000000      0x29b os_process.o
 .comment       0x00000000       0x31 os_process.o
 .debug_frame   0x00000000       0x24 os_process.o
 .text          0x00000000        0x0 os_scheduler.o
 .data          0x00000000        0x0 os_scheduler.o
 .bss           0x00000000        0x0 os_scheduler.o
 .text.os_registerProgram
                0x00000000       0x82 os_scheduler.o
 .text.os_lookupProgramID
                0x00000000       0x2a os_scheduler.o
 .text.os_getNumberOfActiveProcs
                0x00000000       0x2a os_scheduler.o
 .text.os_getNumberOfRegisteredPrograms
                0x00000000       0x22 os_scheduler.o
 .text.os_setSchedulingStrategy
                0x00000000       0x10 os_scheduler.o
 .text.program_with_index_0_defined_twice
                0x00000000        0x2 os_scheduler.o
 .progmem.data.__c.2310
                0x00000000       0x1d os_scheduler.o
 .text          0x00000000        0x0 os_scheduling_strategies.o
 .data          0x00000000        0x0 os_scheduling_strategies.o
 .bss           0x00000000        0x0 os_scheduling_strategies.o
 .text.isAnyProcReady
                0x00000000       0x30 os_scheduling_strategies.o
 .text          0x00000000        0x0 progs/tests/ttConfigXbee.o
 .data          0x00000000        0x0 progs/tests/ttConfigXbee.o
 .bss           0x00000000        0x0 progs/tests/ttConfigXbee.o
 .debug_line    0x00000000        0x0 progs/tests/ttConfigXbee.o
 .debug_str     0x00000000      0x119 progs/tests/ttConfigXbee.o
 .comment       0x00000000       0x31 progs/tests/ttConfigXbee.o
 .text          0x00000000        0x0 progs/tests/ttInit.o
 .data          0x00000000        0x0 progs/tests/ttInit.o
 .bss           0x00000000        0x0 progs/tests/ttInit.o
 .debug_line    0x00000000        0x0 progs/tests/ttInit.o
 .debug_str     0x00000000      0x113 progs/tests/ttInit.o
 .comment       0x00000000       0x31 progs/tests/ttInit.o
 .text          0x00000000        0x0 progs/tests/ttMultiple.o
 .data          0x00000000        0x0 progs/tests/ttMultiple.o
 .bss           0x00000000        0x0 progs/tests/ttMultiple.o
 .debug_line    0x00000000        0x0 progs/tests/ttMultiple.o
 .debug_str     0x00000000      0x117 progs/tests/ttMultiple.o
 .comment       0x00000000       0x31 progs/tests/ttMultiple.o
 .text          0x00000000        0x0 progs/tests/ttProtocolStack.o
 .data          0x00000000        0x0 progs/tests/ttProtocolStack.o
 .bss           0x00000000        0x0 progs/tests/ttProtocolStack.o
 .text.program_with_index_1_defined_twice
                0x00000000        0x2 progs/tests/ttProtocolStack.o
 .text.program_with_index_2_defined_twice
                0x00000000        0x2 progs/tests/ttProtocolStack.o
 .text          0x00000000        0x0 progs/tests/ttResume.o
 .data          0x00000000        0x0 progs/tests/ttResume.o
 .bss           0x00000000        0x0 progs/tests/ttResume.o
 .debug_line    0x00000000        0x0 progs/tests/ttResume.o
 .debug_str     0x00000000      0x115 progs/tests/ttResume.o
 .comment       0x00000000       0x31 progs/tests/ttResume.o
 .text          0x00000000        0x0 progs/tests/ttScheduling.o
 .data          0x00000000        0x0 progs/tests/ttScheduling.o
 .bss           0x00000000        0x0 progs/tests/ttScheduling.o
 .debug_line    0x00000000        0x0 progs/tests/ttScheduling.o
 .debug_str     0x00000000      0x119 progs/tests/ttScheduling.o
 .comment       0x00000000       0x31 progs/tests/ttScheduling.o
 .text          0x00000000        0x0 progs/tests/ttStackConsistency.o
 .data          0x00000000        0x0 progs/tests/ttStackConsistency.o
 .bss           0x00000000        0x0 progs/tests/ttStackConsistency.o
 .debug_line    0x00000000        0x0 progs/tests/ttStackConsistency.o
 .debug_str     0x00000000      0x11f progs/tests/ttStackConsistency.o
 .comment       0x00000000       0x31 progs/tests/ttStackConsistency.o
 .text          0x00000000        0x0 progs/tests/ttTermination.o
 .data          0x00000000        0x0 progs/tests/ttTermination.o
 .bss           0x00000000        0x0 progs/tests/ttTermination.o
 .debug_line    0x00000000        0x0 progs/tests/ttTermination.o
 .debug_str     0x00000000      0x11a progs/tests/ttTermination.o
 .comment       0x00000000       0x31 progs/tests/ttTermination.o
 .text          0x00000000        0x0 progs/tests/ttStackCollision.o
 .data          0x00000000        0x0 progs/tests/ttStackCollision.o
 .bss           0x00000000        0x0 progs/tests/ttStackCollision.o
 .debug_line    0x00000000        0x0 progs/tests/ttStackCollision.o
 .debug_str     0x00000000      0x11d progs/tests/ttStackCollision.o
 .comment       0x00000000       0x31 progs/tests/ttStackCollision.o
 .text          0x00000000        0x0 progs/tests/ttYield.o
 .data          0x00000000        0x0 progs/tests/ttYield.o
 .bss           0x00000000        0x0 progs/tests/ttYield.o
 .debug_line    0x00000000        0x0 progs/tests/ttYield.o
 .debug_str     0x00000000      0x114 progs/tests/ttYield.o
 .comment       0x00000000       0x31 progs/tests/ttYield.o
 .text          0x00000000        0x0 progs/tests/ttCommunication.o
 .data          0x00000000        0x0 progs/tests/ttCommunication.o
 .bss           0x00000000        0x0 progs/tests/ttCommunication.o
 .debug_line    0x00000000        0x0 progs/tests/ttCommunication.o
 .debug_str     0x00000000      0x11c progs/tests/ttCommunication.o
 .comment       0x00000000       0x31 progs/tests/ttCommunication.o
 .text          0x00000000        0x0 progs/tests/ttSensorData.o
 .data          0x00000000        0x0 progs/tests/ttSensorData.o
 .bss           0x00000000        0x0 progs/tests/ttSensorData.o
 .debug_line    0x00000000        0x0 progs/tests/ttSensorData.o
 .debug_str     0x00000000      0x119 progs/tests/ttSensorData.o
 .comment       0x00000000       0x31 progs/tests/ttSensorData.o
 .text          0x00000000        0x0 progs/tests/ttTlcd.o
 .data          0x00000000        0x0 progs/tests/ttTlcd.o
 .bss           0x00000000        0x0 progs/tests/ttTlcd.o
 .debug_line    0x00000000        0x0 progs/tests/ttTlcd.o
 .debug_str     0x00000000      0x113 progs/tests/ttTlcd.o
 .comment       0x00000000       0x31 progs/tests/ttTlcd.o
 .text          0x00000000        0x0 progs/tests/ttIsrBenchmark.o
 .data          0x00000000        0x0 progs/tests/ttIsrBenchmark.o
 .bss           0x00000000        0x0 progs/tests/ttIsrBenchmark.o
 .debug_line    0x00000000        0x0 progs/tests/ttIsrBenchmark.o
 .debug_str     0x00000000      0x11b progs/tests/ttIsrBenchmark.o
 .comment       0x00000000       0x31 progs/tests/ttIsrBenchmark.o
 .text          0x00000000        0x0 progs/user_programs/user_prog1.o
 .data          0x00000000        0x0 progs/user_programs/user_prog1.o
 .bss           0x00000000        0x0 progs/user_programs/user_prog1.o
 .debug_line    0x00000000        0x0 progs/user_programs/user_prog1.o
 .debug_str     0x00000000      0x11f progs/user_programs/user_prog1.o
 .comment       0x00000000       0x31 progs/user_programs/user_prog1.o
 .text          0x00000000        0x0 progs/user_programs/user_prog2.o
 .data          0x00000000        0x0 progs/user_programs/user_prog2.o
 .bss           0x00000000        0x0 progs/user_programs/user_prog2.o
 .debug_line    0x00000000        0x0 progs/user_programs/user_prog2.o
 .debug_str     0x00000000      0x11f progs/user_programs/user_prog2.o
 .comment       0x00000000       0x31 progs/user_programs/user_prog2.o
 .text          0x00000000        0x0 progs/user_programs/user_prog3.o
 .data          0x00000000        0x0 progs/user_programs/user_prog3.o
 .bss           0x00000000        0x0 progs/user_programs/user_prog3.o
 .debug_line    0x00000000        0x0 progs/user_programs/user_prog3.o
 .debug_str     0x00000000      0x11f progs/user_programs/user_prog3.o
 .comment       0x00000000       0x31 progs/user_programs/user_prog3.o
 .text          0x00000000        0x0 progs/user_programs/user_prog4.o
 .data          0x00000000        0x0 progs/user_programs/user_prog4.o
 .bss           0x00000000        0x0 progs/user_programs/user_prog4.o
 .debug_line    0x00000000        0x0 progs/user_programs/user_prog4.o
 .debug_str     0x00000000      0x11f progs/user_programs/user_prog4.o
 .comment       0x00000000       0x31 progs/user_programs/user_prog4.o
 .text          0x00000000        0x0 c:/program files (x86)/atmel/studio/7.0/toolchain/avr8/avr8-gnu-toolchain/bin/../lib/gcc/avr/5.4.0/avr6\libgcc.a(_udivmodsi4.o)
 .data          0x00000000        0x0 c:/program files (x86)/atmel/studio/7.0/toolchain/avr8/avr8-gnu-toolchain/bin/../lib/gcc/avr/5.4.0/avr6\libgcc.a(_udivmodsi4.o)
 .bss           0x00000000        0x0 c:/program files (x86)/atmel/studio/7.0/toolchain/avr8/avr8-gnu-toolchain/bin/../lib/gcc/avr/5.4.0/avr6\libgcc.a(_udivmodsi4.o)
 .text.libgcc.mul
                0x00000000        0x0 c:/program files (x86)/atmel/studio/7.0/toolchain/avr8/avr8-gnu-toolchain/bin/../lib/gcc/avr/5.4.0/avr6\libgcc.a(_udivmodsi4.o)
 .text.libgcc   0x00000000        0x0 c:/program files (x86)/atmel/studio/7.0/toolchain/avr8/avr8-gnu-toolchain/bin/../lib/gcc/avr/5.4.0/avr6\libgcc.a(_udivmodsi4.o)
 .text.libgcc.prologue
                0x00000000        0x0 c:/program files (x86)/atmel/studio/7.0/toolchain/avr8/avr8-gnu-toolchain/bin/../lib/gcc/avr/5.4.0/avr6\libgcc.a(_udivmodsi4.o)
 .text.libgcc.builtins
                0x00000000        0x0 c:/program files (x86)/atmel/studio/7.0/toolchain/avr8/avr8-gnu-toolchain/bin/../lib/gcc/avr/5.4.0/avr6\libgcc.a(_udivmodsi4.o)
 .text.libgcc.fmul
                0x00000000        0x0 c:/program files (x86)/atmel/studio/7.0/toolchain/avr8/avr8-gnu-toolchain/bin/../lib/gcc/avr/5.4.0/avr6\libgcc.a(_udivmodsi4.o)
 .text.libgcc.fixed
                0x00000000        0x0 c:/program files (x86)/atmel/studio/7.0/toolchain/avr8/avr8-gnu-toolchain/bin/../lib/gcc/avr/5.4.0/avr6\libgcc.a(_udivmodsi4.o)
 .text          0x00000000        0x0 c:/program files (x86)/atmel/studio/7.0/toolchain/avr8/avr8-gnu-toolchain/bin/../lib/gcc/avr/5.4.0/avr6\libgcc.a(_exit.o)
 .data          0x00000000        0x0 c:/program files (x86)/atmel/studio/7.0/toolchain/avr8/avr8-gnu-toolchain/bin/../lib/gcc/avr/5.4.0/avr6\libgcc.a(_exit.o)
 .bss           0x00000000        0x0 c:/program files (x86)/atmel/studio/7.0/toolchain/avr8/avr8-gnu-toolchain/bin/../lib/gcc/avr/5.4.0/avr6\libgcc.a(_exit.o)
 .text.libgcc.mul
                0x00000000        0x0 c:/program files (x86)/atmel/studio/7.0/toolchain/avr8/avr8-gnu-toolchain/bin/../lib/gcc/avr/5.4.0/avr6\libgcc.a(_exit.o)
 .text.libgcc.div
                0x00000000        0x0 c:/program files (x86)/atmel/studio/7.0/toolchain/avr8/avr8-gnu-toolchain/bin/../lib/gcc/avr/5.4.0/avr6\libgcc.a(_exit.o)
 .text.libgcc   0x00000000        0x0 c:/program files (x86)/atmel/studio/7.0/toolchain/avr8/avr8-gnu-toolchain/bin/../lib/gcc/avr/5.4.0/avr6\libgcc.a(_exit.o)
 .text.libgcc.prologue
                0x00000000        0x0 c:/program files (x86)/atmel/studio/7.0/toolchain/avr8/avr8-gnu-toolchain/bin/../lib/gcc/avr/5.4.0/avr6\libgcc.a(_exit.o)
 .text.libgcc.builtins
                0x00000000        0x0 c:/program files (x86)/atmel/studio/7.0/toolchain/avr8/avr8-gnu-toolchain/bin/../lib/gcc/avr/5.4.0/avr6\libgcc.a(_exit.o)
 .text.libgcc.fmul
                0x00000000        0x0 c:/program files (x86)/atmel/studio/7.0/toolchain/avr8/avr8-gnu-toolchain/bin/../lib/gcc/avr/5.4.0/avr6\libgcc.a(_exit.o)
 .text.libgcc.fixed
                0x00000000        0x0 c:/program files (x86)/atmel/studio/7.0/toolchain/avr8/avr8-gnu-toolchain/bin/../lib/gcc/avr/5.4.0/avr6\libgcc.a(_exit.o)
 .text          0x00000000        0x0 c:/program files (x86)/atmel/studio/7.0/toolchain/avr8/avr8-gnu-toolchain/bin/../lib/gcc/avr/5.4.0/avr6\libgcc.a(_tablejump2.o)
 .data          0x00000000        0x0 c:/program files (x86)/atmel/studio/7.0/toolchain/avr8/avr8-gnu-toolchain/bin/../lib/gcc/avr/5.4.0/avr6\libgcc.a(_tablejump2.o)
 .bss           0x00000000        0x0 c:/program files (x86)/atmel/studio/7.0/toolchain/avr8/avr8-gnu-toolchain/bin/../lib/gcc/avr/5.4.0/avr6\libgcc.a(_tablejump2.o)
 .text.libgcc.mul
                0x00000000        0x0 c:/program files (x86)/atmel/studio/7.0/toolchain/avr8/avr8-gnu-toolchain/bin/../lib/gcc/avr/5.4.0/avr6\libgcc.a(_tablejump2.o)
 .text.libgcc.div
                0x00000000        0x0 c:/program files (x86)/atmel/studio/7.0/toolchain/avr8/avr8-gnu-toolchain/bin/../lib/gcc/avr/5.4.0/avr6\libgcc.a(_tablejump2.o)
 .text.libgcc.prologue
                0x00000000        0x0 c:/program files (x86)/atmel/studio/7.0/toolchain/avr8/avr8-gnu-toolchain/bin/../lib/gcc/avr/5.4.0/avr6\libgcc.a(_tablejump2.o)
 .text.libgcc.builtins
                0x00000000        0x0 c:/program files (x86)/atmel/studio/7.0/toolchain/avr8/avr8-gnu-toolchain/bin/../lib/gcc/avr/5.4.0/avr6\libgcc.a(_tablejump2.o)
 .text.libgcc.fmul
                0x00000000        0x0 c:/program files (x86)/atmel/studio/7.0/toolchain/avr8/avr8-gnu-toolchain/bin/../lib/gcc/avr/5.4.0/avr6\libgcc.a(_tablejump2.o)
 .text.libgcc.fixed
                0x00000000        0x0 c:/program files (x86)/atmel/studio/7.0/toolchain/avr8/avr8-gnu-toolchain/bin/../lib/gcc/avr/5.4.0/avr6\libgcc.a(_tablejump2.o)
 .text          0x00000000        0x0 c:/program files (x86)/atmel/studio/7.0/toolchain/avr8/avr8-gnu-toolchain/bin/../lib/gcc/avr/5.4.0/avr6\libgcc.a(_copy_data.o)
 .data          0x00000000        0x0 c:/program files (x86)/atmel/studio/7.0/toolchain/avr8/avr8-gnu-toolchain/bin/../lib/gcc/avr/5.4.0/avr6\libgcc.a(_copy_data.o)
 .bss           0x00000000        0x0 c:/program files (x86)/atmel/studio/7.0/toolchain/avr8/avr8-gnu-toolchain/bin/../lib/gcc/avr/5.4.0/avr6\libgcc.a(_copy_data.o)
 .text.libgcc.mul
                0x00000000        0x0 c:/program files (x86)/atmel/studio/7.0/toolchain/avr8/avr8-gnu-toolchain/bin/../lib/gcc/avr/5.4.0/avr6\libgcc.a(_copy_data.o)
 .text.libgcc.div
                0x00000000        0x0 c:/program files (x86)/atmel/studio/7.0/toolchain/avr8/avr8-gnu-toolchain/bin/../lib/gcc/avr/5.4.0/avr6\libgcc.a(_copy_data.o)
 .text.libgcc   0x00000000        0x0 c:/program files (x86)/atmel/studio/7.0/toolchain/avr8/avr8-gnu-toolchain/bin/../lib/gcc/avr/5.4.0/avr6\libgcc.a(_copy_data.o)
 .text.libgcc.prologue
                0x00000000        0x0 c:/program files (x86)/atmel/studio/7.0/toolchain/avr8/avr8-gnu-toolchain/bin/../lib/gcc/avr/5.4.0/avr6\libgcc.a(_copy_data.o)
 .text.libgcc.builtins
                0x00000000        0x0 c:/program files (x86)/atmel/studio/7.0/toolchain/avr8/avr8-gnu-toolchain/bin/../lib/gcc/avr/5.4.0/avr6\libgcc.a(_copy_data.o)
 .text.libgcc.fmul
                0x00000000        0x0 c:/program files (x86)/atmel/studio/7.0/toolchain/avr8/avr8-gnu-toolchain/bin/../lib/gcc/avr/5.4.0/avr6\libgcc.a(_copy_data.o)
 .text.libgcc.fixed
                0x00000000        0x0 c:/program files (x86)/atmel/studio/7.0/toolchain/avr8/avr8-gnu-toolchain/bin/../lib/gcc/avr/5.4.0/avr6\libgcc.a(_copy_data.o)
 .text          0x00000000        0x0 c:/program files (x86)/atmel/studio/7.0/toolchain/avr8/avr8-gnu-toolchain/bin/../lib/gcc/avr/5.4.0/avr6\libgcc.a(_clear_bss.o)
 .data          0x00000000        0x0 c:/program files (x86)/atmel/studio/7.0/toolchain/avr8/avr8-gnu-toolchain/bin/../lib/gcc/avr/5.4.0/avr6\libgcc.a(_clear_bss.o)
 .bss           0x00000000        0x0 c:/program files (x86)/atmel/studio/7.0/toolchain/avr8/avr8-gnu-toolchain/bin/../lib/gcc/avr/5.4.0/avr6\libgcc.a(_clear_bss.o)
 .text.libgcc.mul
                0x00000000        0x0 c:/program files (x86)/atmel/studio/7.0/toolchain/avr8/avr8-gnu-toolchain/bin/../lib/gcc/avr/5.4.0/avr6\libgcc.a(_clear_bss.o)
 .text.libgcc.div
                0x00000000        0x0 c:/program files (x86)/atmel/studio/7.0/toolchain/avr8/avr8-gnu-toolchain/bin/../lib/gcc/avr/5.4.0/avr6\libgcc.a(_clear_bss.o)
 .text.libgcc   0x00000000        0x0 c:/program files (x86)/atmel/studio/7.0/toolchain/avr8/avr8-gnu-toolchain/bin/../lib/gcc/avr/5.4.0/avr6\libgcc.a(_clear_bss.o)
 .text.libgcc.prologue
                0x00000000        0x0 c:/program files (x86)/atmel/studio/7.0/toolchain/avr8/avr8-gnu-toolchain/bin/../lib/gcc/avr/5.4.0/avr6\libgcc.a(_clear_bss.o)
 .text.libgcc.builtins
                0x00000000        0x0 c:/program files (x86)/atmel/studio/7.0/toolchain/avr8/avr8-gnu-toolchain/bin/../lib/gcc/avr/5.4.0/avr6\libgcc.a(_clear_bss.o)
 .text.libgcc.fmul
                0x00000000        0x0 c:/program files (x86)/atmel/studio/7.0/toolchain/avr8/avr8-gnu-toolchain/bin/../lib/gcc/avr/5.4.0/avr6\libgcc.a(_clear_bss.o)
 .text.libgcc.fixed
                0x00000000        0x0 c:/program files (x86)/atmel/studio/7.0/toolchain/avr8/avr8-gnu-toolchain/bin/../lib/gcc/avr/5.4.0/avr6\libgcc.a(_clear_bss.o)
 .text          0x00000000        0x0 c:/program files (x86)/atmel/studio/7.0/toolchain/avr8/avr8-gnu-toolchain/bin/../lib/gcc/avr/5.4.0/avr6\libgcc.a(_ctors.o)
 .data          0x00000000        0x0 c:/program files (x86)/atmel/studio/7.0/toolchain/avr8/avr8-gnu-toolchain/bin/../lib/gcc/avr/5.4.0/avr6\libgcc.a(_ctors.o)
 .bss           0x00000000        0x0 c:/program files (x86)/atmel/studio/7.0/toolchain/avr8/avr8-gnu-toolchain/bin/../lib/gcc/avr/5.4.0/avr6\libgcc.a(_ctors.o)
 .text.libgcc.mul
                0x00000000        0x0 c:/program files (x86)/atmel/studio/7.0/toolchain/avr8/avr8-gnu-toolchain/bin/../lib/gcc/avr/5.4.0/avr6\libgcc.a(_ctors.o)
 .text.libgcc.div
                0x00000000        0x0 c:/program files (x86)/atmel/studio/7.0/toolchain/avr8/avr8-gnu-toolchain/bin/../lib/gcc/avr/5.4.0/avr6\libgcc.a(_ctors.o)
 .text.libgcc   0x00000000        0x0 c:/program files (x86)/atmel/studio/7.0/toolchain/avr8/avr8-gnu-toolchain/bin/../lib/gcc/avr/5.4.0/avr6\libgcc.a(_ctors.o)
 .text.libgcc.prologue
                0x00000000        0x0 c:/program files (x86)/atmel/studio/7.0/toolchain/avr8/avr8-gnu-toolchain/bin/../lib/gcc/avr/5.4.0/avr6\libgcc.a(_ctors.o)
 .text.libgcc.builtins
                0x00000000        0x0 c:/program files (x86)/atmel/studio/7.0/toolchain/avr8/avr8-gnu-toolchain/bin/../lib/gcc/avr/5.4.0/avr6\libgcc.a(_ctors.o)
 .text.libgcc.fmul
                0x00000000        0x0 c:/program files (x86)/atmel/studio/7.0/toolchain/avr8/avr8-gnu-toolchain/bin/../lib/gcc/avr/5.4.0/avr6\libgcc.a(_ctors.o)
 .text.libgcc.fixed
                0x00000000        0x0 c:/program files (x86)/atmel/studio/7.0/toolchain/avr8/avr8-gnu-toolchain/bin/../lib/gcc/avr/5.4.0/avr6\libgcc.a(_ctors.o)
 .text          0x00000000        0x0 c:/program files (x86)/atmel/studio/7.0/toolchain/avr8/avr8-gnu-toolchain/bin/../lib/gcc/avr/5.4.0/avr6\libgcc.a(_umulhisi3.o)
 .data          0x00000000        0x0 c:/program files (x86)/atmel/studio/7.0/toolchain/avr8/avr8-gnu-toolchain/bin/../lib/gcc/avr/5.4.0/avr6\libgcc.a(_umulhisi3.o)
 .bss           0x00000000        0x0 c:/program files (x86)/atmel/studio/7.0/toolchain/avr8/avr8-gnu-toolchain/bin/../lib/gcc/avr/5.4.0/avr6\libgcc.a(_umulhisi3.o)
 .text.libgcc.div
                0x00000000        0x0 c:/program files (x86)/atmel/studio/7.0/toolchain/avr8/avr8-gnu-toolchain/bin/../lib/gcc/avr/5.4.0/avr6\libgcc.a(_umulhisi3.o)
 .text.libgcc   0x00000000        0x0 c:/program files (x86)/atmel/studio/7.0/toolchain/avr8/avr8-gnu-toolchain/bin/../lib/gcc/avr/5.4.0/avr6\libgcc.a(_umulhisi3.o)
 .text.libgcc.prologue
                0x00000000        0x0 c:/program files (x86)/atmel/studio/7.0/toolchain/avr8/avr8-gnu-toolchain/bin/../lib/gcc/avr/5.4.0/avr6\libgcc.a(_umulhisi3.o)
 .text.libgcc.builtins
                0x00000000        0x0 c:/program files (x86)/atmel/studio/7.0/toolchain/avr8/avr8-gnu-toolchain/bin/../lib/gcc/avr/5.4.0/avr6\libgcc.a(_umulhisi3.o)
 .text.libgcc.fmul
                0x00000000        0x0 c:/program files (x86)/atmel/studio/7.0/toolchain/avr8/avr8-gnu-toolchain/bin/../lib/gcc/avr/5.4.0/avr6\libgcc.a(_umulhisi3.o)
 .text.libgcc.fixed
                0x00000000        0x0 c:/program files (x86)/atmel/studio/7.0/toolchain/avr8/avr8-gnu-toolchain/bin/../lib/gcc/avr/5.4.0/avr6\libgcc.a(_umulhisi3.o)
 .text          0x00000000        0x0 c:/program files (x86)/atmel/studio/7.0/toolchain/avr8/avr8-gnu-toolchain/bin/../lib/gcc/avr/5.4.0/../../../../avr/lib/avr6\libc.a(strlen_P.o)
 .data          0x00000000        0x0 c:/program files (x86)/atmel/studio/7.0/toolchain/avr8/avr8-gnu-toolchain/bin/../lib/gcc/avr/5.4.0/../../../../avr/lib/avr6\libc.a(strlen_P.o)
 .bss           0x00000000        0x0 c:/program files (x86)/atmel/studio/7.0/toolchain/avr8/avr8-gnu-toolchain/bin/../lib/gcc/avr/5.4.0/../../../../avr/lib/avr6\libc.a(strlen_P.o)
 .text          0x00000000        0x0 c:/program files (x86)/atmel/studio/7.0/toolchain/avr8/avr8-gnu-toolchain/bin/../lib/gcc/avr/5.4.0/../../../../avr/lib/avr6\libc.a(strncpy_P.o)
 .data          0x00000000        0x0 c:/program files (x86)/atmel/studio/7.0/toolchain/avr8/avr8-gnu-toolchain/bin/../lib/gcc/avr/5.4.0/../../../../avr/lib/avr6\libc.a(strncpy_P.o)
 .bss           0x00000000        0x0 c:/program files (x86)/atmel/studio/7.0/toolchain/avr8/avr8-gnu-toolchain/bin/../lib/gcc/avr/5.4.0/../../../../avr/lib/avr6\libc.a(strncpy_P.o)
 .text          0x00000000        0x0 c:/program files (x86)/atmel/studio/7.0/toolchain/avr8/avr8-gnu-toolchain/bin/../lib/gcc/avr/5.4.0/../../../../avr/lib/avr6\libc.a(memcpy.o)
 .data          0x00000000        0x0 c:/program files (x86)/atmel/studio/7.0/toolchain/avr8/avr8-gnu-toolchain/bin/../lib/gcc/avr/5.4.0/../../../../avr/lib/avr6\libc.a(memcpy.o)
 .bss           0x00000000        0x0 c:/program files (x86)/atmel/studio/7.0/toolchain/avr8/avr8-gnu-toolchain/bin/../lib/gcc/avr/5.4.0/../../../../avr/lib/avr6\libc.a(memcpy.o)
 .text          0x00000000        0x0 c:/program files (x86)/atmel/studio/7.0/toolchain/avr8/avr8-gnu-toolchain/bin/../lib/gcc/avr/5.4.0/../../../../avr/lib/avr6\libc.a(strncpy.o)
 .data          0x00000000        0x0 c:/program files (x86)/atmel/studio/7.0/toolchain/avr8/avr8-gnu-toolchain/bin/../lib/gcc/avr/5.4.0/../../../../avr/lib/avr6\libc.a(strncpy.o)
 .bss           0x00000000        0x0 c:/program files (x86)/atmel/studio/7.0/toolchain/avr8/avr8-gnu-toolchain/bin/../lib/gcc/avr/5.4.0/../../../../avr/lib/avr6\libc.a(strncpy.o)
 .text          0x00000000        0x0 c:/program files (x86)/atmel/studio/7.0/toolchain/avr8/avr8-gnu-toolchain/bin/../lib/gcc/avr/5.4.0/../../../../avr/lib/avr6\libc.a(iob.o)
 .data          0x00000000        0x0 c:/program files (x86)/atmel/studio/7.0/toolchain/avr8/avr8-gnu-toolchain/bin/../lib/gcc/avr/5.4.0/../../../../avr/lib/avr6\libc.a(iob.o)
 .bss           0x00000000        0x0 c:/program files (x86)/atmel/studio/7.0/toolchain/avr8/avr8-gnu-toolchain/bin/../lib/gcc/avr/5.4.0/../../../../avr/lib/avr6\libc.a(iob.o)
 .text          0x00000000        0x0 c:/program files (x86)/atmel/studio/7.0/toolchain/avr8/avr8-gnu-toolchain/bin/../lib/gcc/avr/5.4.0/../../../../avr/lib/avr6\libc.a(printf.o)
 .data          0x00000000        0x0 c:/program files (x86)/atmel/studio/7.0/toolchain/avr8/avr8-gnu-toolchain/bin/../lib/gcc/avr/5.4.0/../../../../avr/lib/avr6\libc.a(printf.o)
 .bss           0x00000000        0x0 c:/program files (x86)/atmel/studio/7.0/toolchain/avr8/avr8-gnu-toolchain/bin/../lib/gcc/avr/5.4.0/../../../../avr/lib/avr6\libc.a(printf.o)
 .text          0x00000000        0x0 c:/program files (x86)/atmel/studio/7.0/toolchain/avr8/avr8-gnu-toolchain/bin/../lib/gcc/avr/5.4.0/../../../../avr/lib/avr6\libc.a(printf_p.o)
 .data          0x00000000        0x0 c:/program files (x86)/atmel/studio/7.0/toolchain/avr8/avr8-gnu-toolchain/bin/../lib/gcc/avr/5.4.0/../../../../avr/lib/avr6\libc.a(printf_p.o)
 .bss           0x00000000        0x0 c:/program files (x86)/atmel/studio/7.0/toolchain/avr8/avr8-gnu-toolchain/bin/../lib/gcc/avr/5.4.0/../../../../avr/lib/avr6\libc.a(printf_p.o)
 .text          0x00000000        0x0 c:/program files (x86)/atmel/studio/7.0/toolchain/avr8/avr8-gnu-toolchain/bin/../lib/gcc/avr/5.4.0/../../../../avr/lib/avr6\libc.a(vfprintf_p.o)
 .data          0x00000000        0x0 c:/program files (x86)/atmel/studio/7.0/toolchain/avr8/avr8-gnu-toolchain/bin/../lib/gcc/avr/5.4.0/../../../../avr/lib/avr6\libc.a(vfprintf_p.o)
 .bss           0x00000000        0x0 c:/program files (x86)/atmel/studio/7.0/toolchain/avr8/avr8-gnu-toolchain/bin/../lib/gcc/avr/5.4.0/../../../../avr/lib/avr6\libc.a(vfprintf_p.o)
 .text          0x00000000        0x0 c:/program files (x86)/atmel/studio/7.0/toolchain/avr8/avr8-gnu-toolchain/bin/../lib/gcc/avr/5.4.0/../../../../avr/lib/avr6\libc.a(vfprintf_std.o)
 .data          0x00000000        0x0 c:/program files (x86)/atmel/studio/7.0/toolchain/avr8/avr8-gnu-toolchain/bin/../lib/gcc/avr/5.4.0/../../../../avr/lib/avr6\libc.a(vfprintf_std.o)
 .bss           0x00000000        0x0 c:/program files (x86)/atmel/studio/7.0/toolchain/avr8/avr8-gnu-toolchain/bin/../lib/gcc/avr/5.4.0/../../../../avr/lib/avr6\libc.a(vfprintf_std.o)
 .text          0x00000000        0x0 c:/program files (x86)/atmel/studio/7.0/toolchain/avr8/avr8-gnu-toolchain/bin/../lib/gcc/avr/5.4.0/../../../../avr/lib/avr6\libc.a(strnlen_P.o)
 .data          0x00000000        0x0 c:/program files (x86)/atmel/studio/7.0/toolchain/avr8/avr8-gnu-toolchain/bin/../lib/gcc/avr/5.4.0/../../../../avr/lib/avr6\libc.a(strnlen_P.o)
 .bss           0x00000000        0x0 c:/program files (x86)/atmel/studio/7.0/toolchain/avr8/avr8-gnu-toolchain/bin/../lib/gcc/avr/5.4.0/../../../../avr/lib/avr6\libc.a(strnlen_P.o)
 .text          0x00000000        0x0 c:/program files (x86)/atmel/studio/7.0/toolchain/avr8/avr8-gnu-toolchain/bin/../lib/gcc/avr/5.4.0/../../../../avr/lib/avr6\libc.a(strnlen.o)
 .data          0x00000000        0x0 c:/program files (x86)/atmel/studio/7.0/toolchain/avr8/avr8-gnu-toolchain/bin/../lib/gcc/avr/5.4.0/../../../../avr/lib/avr6\libc.a(strnlen.o)
 .bss           0x00000000        0x0 c:/program files (x86)/atmel/studio/7.0/toolchain/avr8/avr8-gnu-toolchain/bin/../lib/gcc/avr/5.4.0/../../../../avr/lib/avr6\libc.a(strnlen.o)
 .text          0x00000000        0x0 c:/program files (x86)/atmel/studio/7.0/toolchain/avr8/avr8-gnu-toolchain/bin/../lib/gcc/avr/5.4.0/../../../../avr/lib/avr6\libc.a(fputc.o)
 .data          0x00000000        0x0 c:/program files (x86)/atmel/studio/7.0/toolchain/avr8/avr8-gnu-toolchain/bin/../lib/gcc/avr/5.4.0/../../../../avr/lib/avr6\libc.a(fputc.o)
 .bss           0x00000000        0x0 c:/program files (x86)/atmel/studio/7.0/toolchain/avr8/avr8-gnu-toolchain/bin/../lib/gcc/avr/5.4.0/../../../../avr/lib/avr6\libc.a(fputc.o)
 .text          0x00000000        0x0 c:/program files (x86)/atmel/studio/7.0/toolchain/avr8/avr8-gnu-toolchain/bin/../lib/gcc/avr/5.4.0/../../../../avr/lib/avr6\libc.a(ultoa_invert.o)
 .data          0x00000000        0x0 c:/program files (x86)/atmel/studio/7.0/toolchain/avr8/avr8-gnu-toolchain/bin/../lib/gcc/avr/5.4.0/../../../../avr/lib/avr6\libc.a(ultoa_invert.o)
 .bss           0x00000000        0x0 c:/program files (x86)/atmel/studio/7.0/toolchain/avr8/avr8-gnu-toolchain/bin/../lib/gcc/avr/5.4.0/../../../../avr/lib/avr6\libc.a(ultoa_invert.o)

Memory Configuration

Name             Origin             Length             Attributes
text             0x00000000         0x00040000         xr
data             0x00800200         0x00002000         rw !x
eeprom           0x00810000         0x00001000         rw !x
fuse             0x00820000         0x00000003         rw !x
lock             0x00830000         0x00000400         rw !x
signature        0x00840000         0x00000400         rw !x
user_signatures  0x00850000         0x00000400         rw !x
*default*        0x00000000         0xffffffff

Linker script and memory map

Address of section .data set to 0x800200
LOAD C:/Program Files (x86)/Atmel/Studio/7.0/Packs/atmel/ATmega_DFP/1.7.374/gcc/dev/atmega2560/avr6/crtatmega2560.o
LOAD communication/rfAdapter.o
LOAD communication/serialAdapter.o
LOAD communication/xbee.o
LOAD lib/buttons.o
LOAD lib/lcd.o
LOAD lib/ready_queue.o
LOAD lib/stop_watch.o
LOAD lib/terminal.o
LOAD lib/uart.o
LOAD lib/util.o
LOAD main.o
LOAD os_core.o
LOAD os_process.o
LOAD os_scheduler.o
LOAD os_scheduling_strategies.o
LOAD progs/tests/ttConfigXbee.o
LOAD progs/tests/ttInit.o
LOAD progs/tests/ttMultiple.o
LOAD progs/tests/ttProtocolStack.o
LOAD progs/tests/ttResume.o
LOAD progs/tests/ttScheduling.o
LOAD progs/tests/ttStackConsistency.o
LOAD progs/tests/ttTermination.o
LOAD progs/tests/ttStackCollision.o
LOAD progs/tests/ttYield.o
LOAD progs/tests/ttCommunication.o
LOAD progs/tests/ttSensorData.o
LOAD progs/tests/ttTlcd.o
LOAD progs/tests/ttIsrBenchmark.o
LOAD progs/user_programs/user_prog1.o
LOAD progs/user_programs/user_prog2.o
LOAD progs/user_programs/user_prog3.o
LOAD progs/user_programs/user_prog4.o
START GROUP
LOAD c:/program files (x86)/atmel/studio/7.0/toolchain/avr8/avr8-gnu-toolchain/bin/../lib/gcc/avr/5.4.0/../../../../avr/lib/avr6\libm.a
END GROUP
START GROUP
LOAD c:/program files (x86)/atmel/studio/7.0/toolchain/avr8/avr8-gnu-toolchain/bin/../lib/gcc/avr/5.4.0/avr6\libgcc.a
LOAD c:/program files (x86)/atmel/studio/7.0/toolchain/avr8/avr8-gnu-toolchain/bin/../lib/gcc/avr/5.4.0/../../../../avr/lib/avr6\libm.a
LOAD c:/program files (x86)/atmel/studio/7.0/toolchain/avr8/avr8-gnu-toolchain/bin/../lib/gcc/avr/5.4.0/../../../../avr/lib/avr6\libc.a
LOAD C:/Program Files (x86)/Atmel/Studio/7.0/Packs/atmel/ATmega_DFP/1.7.374/gcc/dev/atmega2560/avr6\libatmega2560.a
END GROUP
                0x00000000                __TEXT_REGION_ORIGIN__ = DEFINED (__TEXT_REGION_ORIGIN__)?__TEXT_REGION_ORIGIN__:0x0
                [0x00800200]                __DATA_REGION_ORIGIN__ = DEFINED (__DATA_REGION_ORIGIN__)?__DATA_REGION_ORIGIN__:0x800200
                [0x00040000]                __TEXT_REGION_LENGTH__ = DEFINED (__TEXT_REGION_LENGTH__)?__TEXT_REGION_LENGTH__:0x100000
                [0x00002000]                __DATA_REGION_LENGTH__ = DEFINED (__DATA_REGION_LENGTH__)?__DATA_REGION_LENGTH__:0xfe00
                [0x00001000]                __EEPROM_REGION_LENGTH__ = DEFINED (__EEPROM_REGION_LENGTH__)?__EEPROM_REGION_LENGTH__:0x10000
                [0x00000003]                __FUSE_REGION_LENGTH__ = DEFINED (__FUSE_REGION_LENGTH__)?__FUSE_REGION_LENGTH__:0x400
                0x00000400                __LOCK_REGION_LENGTH__ = DEFINED (__LOCK_REGION_LENGTH__)?__LOCK_REGION_LENGTH__:0x400
                0x00000400                __SIGNATURE_REGION_LENGTH__ = DEFINED (__SIGNATURE_REGION_LENGTH__)?__SIGNATURE_REGION_LENGTH__:0x400
                0x00000400                __USER_SIGNATURE_REGION_LENGTH__ = DEFINED (__USER_SIGNATURE_REGION_LENGTH__)?__USER_SIGNATURE_REGION_LENGTH__:0x400

.hash
 *(.hash)

.dynsym
 *(.dynsym)

.dynstr
 *(.dynstr)

.gnu.version
 *(.gnu.version)

.gnu.version_d
 *(.gnu.version_d)

.gnu.version_r
 *(.gnu.version_r)

.rel.init
 *(.rel.init)

.rela.init
 *(.rela.init)

.rel.text
 *(.rel.text)
 *(.rel.text.*)
 *(.rel.gnu.linkonce.t*)

.rela.text
 *(.rela.text)
 *(.rela.text.*)
 *(.rela.gnu.linkonce.t*)

.rel.fini
 *(.rel.fini)

.rela.fini
 *(.rela.fini)

.rel.rodata
 *(.rel.rodata)
 *(.rel.rodata.*)
 *(.rel.gnu.linkonce.r*)

.rela.rodata
 *(.rela.rodata)
 *(.rela.rodata.*)
 *(.rela.gnu.linkonce.r*)

.rel.data
 *(.rel.data)
 *(.rel.data.*)
 *(.rel.gnu.linkonce.d*)

.rela.data
 *(.rela.data)
 *(.rela.data.*)
 *(.rela.gnu.linkonce.d*)

.rel.ctors
 *(.rel.ctors)

.rela.ctors
 *(.rela.ctors)

.rel.dtors
 *(.rel.dtors)

.rela.dtors
 *(.rela.dtors)

.rel.got
 *(.rel.got)

.rela.got
 *(.rela.got)

.rel.bss
 *(.rel.bss)

.rela.bss
 *(.rela.bss)

.rel.plt
 *(.rel.plt)

.rela.plt
 *(.rela.plt)

.text           0x00000000     0x2e34
 *(.vectors)
 .vectors       0x00000000       0xe4 C:/Program Files (x86)/Atmel/Studio/7.0/Packs/atmel/ATmega_DFP/1.7.374/gcc/dev/atmega2560/avr6/crtatmega2560.o
                0x00000000                __vector_default
                0x00000000                __vectors
 *(.vectors)
 *(.progmem.gcc*)
 .progmem.gcc_sw_table.lcd_writeChar
                0x000000e4       0x72 lib/lcd.o
                0x00000156                . = ALIGN (0x2)
                0x00000156                __trampolines_start = .
 *(.trampolines)
 .trampolines   0x00000156        0x0 linker stubs
 *(.trampolines*)
                0x00000156                __trampolines_end = .
 *libprintf_flt.a:*(.progmem.data)
 *libc.a:*(.progmem.data)
 *(.progmem*)
 .progmem.data.__c.2506
                0x00000156       0x15 communication/rfAdapter.o
 .progmem.data.__c.2504
                0x0000016b       0x4a communication/rfAdapter.o
 .progmem.data.__c.2501
                0x000001b5       0x12 communication/rfAdapter.o
 .progmem.data.__c.2499
                0x000001c7       0x49 communication/rfAdapter.o
 .progmem.data.__c.2496
                0x00000210        0xe communication/rfAdapter.o
 .progmem.data.__c.2493
                0x0000021e        0xe communication/rfAdapter.o
 .progmem.data.__c.2489
                0x0000022c       0x13 communication/rfAdapter.o
 .progmem.data.__c.2551
                0x0000023f       0x68 communication/serialAdapter.o
 .progmem.data.__c.2549
                0x000002a7       0x12 communication/serialAdapter.o
 .progmem.data.__c.2547
                0x000002b9       0x16 communication/serialAdapter.o
 .progmem.data.__c.2542
                0x000002cf       0x1a communication/serialAdapter.o
 .progmem.data.__c.2539
                0x000002e9       0xd4 communication/serialAdapter.o
 .progmem.data.__c.2288
                0x000003bd       0x21 lib/ready_queue.o
 .progmem.data.__c.2283
                0x000003de       0x1f lib/ready_queue.o
 .progmem.data.__c.2073
                0x000003fd        0x9 lib/terminal.o
 .progmem.data.__c.2289
                0x00000406        0x9 os_core.o
 .progmem.data.__c.2283
                0x0000040f       0x21 os_core.o
 .progmem.data.__c.2281
                0x00000430       0x34 os_core.o
 .progmem.data.__c.2277
                0x00000464        0x9 os_core.o
 .progmem.data.__c.2279
                0x0000046d       0x1e os_core.o
 .progmem.data.__c.2273
                0x0000048b        0x9 os_core.o
 .progmem.data.__c.2275
                0x00000494       0x11 os_core.o
 .progmem.data.__c.2271
                0x000004a5       0x36 os_core.o
 .progmem.data.__c.2269
                0x000004db       0x11 os_core.o
 .progmem.data.__c.2445
                0x000004ec       0x41 os_scheduler.o
 .progmem.data.__c.2440
                0x0000052d       0x16 os_scheduler.o
 .progmem.data.__c.2418
                0x00000543        0xe os_scheduler.o
 .progmem.data.__c.2420
                0x00000551       0x18 os_scheduler.o
 .progmem.data.__c.2384
                0x00000569       0x20 os_scheduler.o
 .progmem.data.__c.2378
                0x00000589       0x2a os_scheduler.o
 .progmem.data.__c.2371
                0x000005b3       0x1a os_scheduler.o
 .progmem.data.__c.2365
                0x000005cd       0x19 os_scheduler.o
 .progmem.data.__c.2376
                0x000005e6        0xf progs/tests/ttProtocolStack.o
 .progmem.data.__c.2372
                0x000005f5       0x1c progs/tests/ttProtocolStack.o
 .progmem.data.__c.2370
                0x00000611        0x3 progs/tests/ttProtocolStack.o
 .progmem.data.__c.2368
                0x00000614        0xd progs/tests/ttProtocolStack.o
 .progmem.data.__c.2366
                0x00000621        0x9 progs/tests/ttProtocolStack.o
 .progmem.data.__c.2360
                0x0000062a        0x9 progs/tests/ttProtocolStack.o
 .progmem.data.__c.2354
                0x00000633        0x8 progs/tests/ttProtocolStack.o
 .progmem.data.__c.2348
                0x0000063b        0x7 progs/tests/ttProtocolStack.o
 .progmem.data.__c.2346
                0x00000642        0x9 progs/tests/ttProtocolStack.o
 .progmem.data.__c.2340
                0x0000064b        0xc progs/tests/ttProtocolStack.o
 .progmem.data.__c.2338
                0x00000657       0x10 progs/tests/ttProtocolStack.o
                0x00000668                . = ALIGN (0x2)
 *fill*         0x00000667        0x1 
 *(.jumptables)
 *(.jumptables*)
 *(.lowtext)
 *(.lowtext*)
                0x00000668                __ctors_start = .
 *(.ctors)
 .ctors         0x00000668        0x2 os_scheduler.o
 .ctors         0x0000066a        0x4 progs/tests/ttProtocolStack.o
                0x0000066e                __ctors_end = .
                0x0000066e                __dtors_start = .
 *(.dtors)
                0x0000066e                __dtors_end = .
 SORT(*)(.ctors)
 SORT(*)(.dtors)
 *(.init0)
 .init0         0x0000066e        0x0 C:/Program Files (x86)/Atmel/Studio/7.0/Packs/atmel/ATmega_DFP/1.7.374/gcc/dev/atmega2560/avr6/crtatmega2560.o
                0x0000066e                __init
 *(.init0)
 *(.init1)
 *(.init1)
 *(.init2)
 .init2         0x0000066e       0x10 C:/Program Files (x86)/Atmel/Studio/7.0/Packs/atmel/ATmega_DFP/1.7.374/gcc/dev/atmega2560/avr6/crtatmega2560.o
 *(.init2)
 *(.init3)
 *(.init3)
 *(.init4)
 .init4         0x0000067e       0x1a c:/program files (x86)/atmel/studio/7.0/toolchain/avr8/avr8-gnu-toolchain/bin/../lib/gcc/avr/5.4.0/avr6\libgcc.a(_copy_data.o)
                0x0000067e                __do_copy_data
 .init4         0x00000698       0x10 c:/program files (x86)/atmel/studio/7.0/toolchain/avr8/avr8-gnu-toolchain/bin/../lib/gcc/avr/5.4.0/avr6\libgcc.a(_clear_bss.o)
                0x00000698                __do_clear_bss
 *(.init4)
 *(.init5)
 *(.init5)
 *(.init6)
 .init6         0x000006a8       0x20 c:/program files (x86)/atmel/studio/7.0/toolchain/avr8/avr8-gnu-toolchain/bin/../lib/gcc/avr/5.4.0/avr6\libgcc.a(_ctors.o)
                0x000006a8                __do_global_ctors
 *(.init6)
 *(.init7)
 *(.init7)
 *(.init8)
 *(.init8)
 *(.init9)
 .init9         0x000006c8        0x8 C:/Program Files (x86)/Atmel/Studio/7.0/Packs/atmel/ATmega_DFP/1.7.374/gcc/dev/atmega2560/avr6/crtatmega2560.o
 *(.init9)
 *(.text)
 .text          0x000006d0        0x2 C:/Program Files (x86)/Atmel/Studio/7.0/Packs/atmel/ATmega_DFP/1.7.374/gcc/dev/atmega2560/avr6/crtatmega2560.o
                0x000006d0                __vector_38
                0x000006d0                __vector_22
                0x000006d0                __vector_28
                0x000006d0                __vector_1
                0x000006d0                __vector_32
                0x000006d0                __vector_34
                0x000006d0                __vector_24
                0x000006d0                __vector_12
                0x000006d0                __vector_46
                0x000006d0                __bad_interrupt
                0x000006d0                __vector_6
                0x000006d0                __vector_31
                0x000006d0                __vector_35
                0x000006d0                __vector_39
                0x000006d0                __vector_3
                0x000006d0                __vector_23
                0x000006d0                __vector_30
                0x000006d0                __vector_45
                0x000006d0                __vector_11
                0x000006d0                __vector_19
                0x000006d0                __vector_56
                0x000006d0                __vector_7
                0x000006d0                __vector_49
                0x000006d0                __vector_41
                0x000006d0                __vector_43
                0x000006d0                __vector_27
                0x000006d0                __vector_5
                0x000006d0                __vector_33
                0x000006d0                __vector_47
                0x000006d0                __vector_4
                0x000006d0                __vector_44
                0x000006d0                __vector_9
                0x000006d0                __vector_2
                0x000006d0                __vector_15
                0x000006d0                __vector_29
                0x000006d0                __vector_40
                0x000006d0                __vector_8
                0x000006d0                __vector_48
                0x000006d0                __vector_14
                0x000006d0                __vector_53
                0x000006d0                __vector_10
                0x000006d0                __vector_50
                0x000006d0                __vector_16
                0x000006d0                __vector_18
                0x000006d0                __vector_20
                0x000006d0                __vector_42
                0x000006d2                . = ALIGN (0x2)
 *(.text.*)
 .text.rfAdapter_init
                0x000006d2       0x10 communication/rfAdapter.o
                0x000006d2                rfAdapter_init
 .text.rfAdapter_worker
                0x000006e2        0x4 communication/rfAdapter.o
                0x000006e2                rfAdapter_worker
 .text.rfAdapter_receiveSetLed
                0x000006e6       0x18 communication/rfAdapter.o
                0x000006e6                rfAdapter_receiveSetLed
 .text.rfAdapter_receiveToggleLed
                0x000006fe        0x8 communication/rfAdapter.o
                0x000006fe                rfAdapter_receiveToggleLed
 .text.rfAdapter_receiveLcdClear
                0x00000706        0x4 communication/rfAdapter.o
                0x00000706                rfAdapter_receiveLcdClear
 .text.rfAdapter_receiveLcdGoto
                0x0000070a        0xa communication/rfAdapter.o
                0x0000070a                rfAdapter_receiveLcdGoto
 .text.rfAdapter_receiveLcdPrint
                0x00000714       0x60 communication/rfAdapter.o
                0x00000714                rfAdapter_receiveLcdPrint
 .text.serialAdapter_processFrame
                0x00000774      0x158 communication/rfAdapter.o
                0x00000774                serialAdapter_processFrame
 .text.rfAdapter_sendSetLed
                0x000008cc       0x58 communication/rfAdapter.o
                0x000008cc                rfAdapter_sendSetLed
 .text.rfAdapter_sendToggleLed
                0x00000924       0x56 communication/rfAdapter.o
                0x00000924                rfAdapter_sendToggleLed
 .text.rfAdapter_sendLcdClear
                0x0000097a       0x56 communication/rfAdapter.o
                0x0000097a                rfAdapter_sendLcdClear
 .text.rfAdapter_sendLcdGoto
                0x000009d0       0x5a communication/rfAdapter.o
                0x000009d0                rfAdapter_sendLcdGoto
 .text.rfAdapter_sendLcdPrint
                0x00000a2a       0xa8 communication/rfAdapter.o
                0x00000a2a                rfAdapter_sendLcdPrint
 .text.rfAdapter_sendLcdPrintProcMem
                0x00000ad2       0xa4 communication/rfAdapter.o
                0x00000ad2                rfAdapter_sendLcdPrintProcMem
 .text.serialAdapter_hasTimeout
                0x00000b76       0x48 communication/serialAdapter.o
                0x00000b76                serialAdapter_hasTimeout
 .text.serialAdapter_init
                0x00000bbe        0x4 communication/serialAdapter.o
                0x00000bbe                serialAdapter_init
 .text.serialAdapter_waitForData
                0x00000bc2       0x48 communication/serialAdapter.o
                0x00000bc2                serialAdapter_waitForData
 .text.serialAdapter_calculateChecksum
                0x00000c0a       0x1c communication/serialAdapter.o
                0x00000c0a                serialAdapter_calculateChecksum
 .text.serialAdapter_calculateFrameChecksum
                0x00000c26       0x26 communication/serialAdapter.o
                0x00000c26                serialAdapter_calculateFrameChecksum
 .text.serialAdapter_writeFrame
                0x00000c4c       0x80 communication/serialAdapter.o
                0x00000c4c                serialAdapter_writeFrame
 .text.serialAdapter_worker
                0x00000ccc      0x114 communication/serialAdapter.o
                0x00000ccc                serialAdapter_worker
 .text.printFrame
                0x00000de0       0xc6 communication/serialAdapter.o
                0x00000de0                printFrame
 .text.xbee_init
                0x00000ea6        0x8 communication/xbee.o
                0x00000ea6                xbee_init
 .text.xbee_write
                0x00000eae        0x4 communication/xbee.o
                0x00000eae                xbee_write
 .text.xbee_writeData
                0x00000eb2       0x36 communication/xbee.o
                0x00000eb2                xbee_writeData
 .text.xbee_read
                0x00000ee8       0x54 communication/xbee.o
                0x00000ee8                xbee_read
 .text.xbee_getNumberOfBytesReceived
                0x00000f3c        0x4 communication/xbee.o
                0x00000f3c                xbee_getNumberOfBytesReceived
 .text.xbee_readBuffer
                0x00000f40       0x9a communication/xbee.o
                0x00000f40                xbee_readBuffer
 .text.lcd_enablePulse
                0x00000fda       0x2a lib/lcd.o
 .text.lcd_sendNibble
                0x00001004       0x66 lib/lcd.o
 .text.lcd_printf_p
                0x0000106a       0x50 lib/lcd.o
                0x0000106a                lcd_printf_p
 .text.lcd_sendCommand
                0x000010ba       0x2a lib/lcd.o
                0x000010ba                lcd_sendCommand
 .text.lcd_init
                0x000010e4       0x8a lib/lcd.o
                0x000010e4                lcd_init
 .text.lcd_clear
                0x0000116e       0x1a lib/lcd.o
                0x0000116e                lcd_clear
 .text.lcd_displayOn
                0x00001188        0x6 lib/lcd.o
                0x00001188                lcd_displayOn
 .text.lcd_displayOff
                0x0000118e        0x6 lib/lcd.o
                0x0000118e                lcd_displayOff
 .text.lcd_goto
                0x00001194       0x32 lib/lcd.o
                0x00001194                lcd_goto
 .text.lcd_sendData
                0x000011c6       0x2a lib/lcd.o
                0x000011c6                lcd_sendData
 .text.lcd_line1
                0x000011f0        0x8 lib/lcd.o
                0x000011f0                lcd_line1
 .text.lcd_line2
                0x000011f8        0x8 lib/lcd.o
                0x000011f8                lcd_line2
 .text.lcd_writeChar
                0x00001200       0x78 lib/lcd.o
                0x00001200                lcd_writeChar
 .text.lcd_stdioPutChar
                0x00001278        0x8 lib/lcd.o
                0x00001278                lcd_stdioPutChar
 .text.lcd_writeString
                0x00001280       0x2a lib/lcd.o
                0x00001280                lcd_writeString
 .text.lcd_writeProgString
                0x000012aa       0x2c lib/lcd.o
                0x000012aa                lcd_writeProgString
 .text.lcd_writeDec
                0x000012d6       0x8a lib/lcd.o
                0x000012d6                lcd_writeDec
 .text.rq_isEmpty
                0x00001360        0xe lib/ready_queue.o
                0x00001360                rq_isEmpty
 .text.rq_pop   0x0000136e       0x40 lib/ready_queue.o
                0x0000136e                rq_pop
 .text.rq_isFull
                0x000013ae       0x26 lib/ready_queue.o
                0x000013ae                rq_isFull
 .text.rq_push  0x000013d4       0x42 lib/ready_queue.o
                0x000013d4                rq_push
 .text.rq_clear
                0x00001416        0x8 lib/ready_queue.o
                0x00001416                rq_clear
 .text.rq_remove
                0x0000141e       0x7c lib/ready_queue.o
                0x0000141e                rq_remove
 .text.__vector_17
                0x0000149a       0x4a lib/stop_watch.o
                0x0000149a                __vector_17
 .text.stopWatch_deactivateInterrupt
                0x000014e4       0x18 lib/stop_watch.o
                0x000014e4                stopWatch_deactivateInterrupt
 .text.stopWatch_init
                0x000014fc       0x26 lib/stop_watch.o
                0x000014fc                stopWatch_init
 .text.usb2_init
                0x00001522       0x2c lib/terminal.o
                0x00001522                usb2_init
 .text.usb2_write
                0x0000154e        0xe lib/terminal.o
                0x0000154e                usb2_write
 .text.usb2_writeProgString
                0x0000155c       0x3a lib/terminal.o
                0x0000155c                usb2_writeProgString
 .text.terminal_init
                0x00001596       0x10 lib/terminal.o
                0x00001596                terminal_init
 .text.terminal_writeChar
                0x000015a6       0x14 lib/terminal.o
                0x000015a6                terminal_writeChar
 .text.terminal_writeProgString
                0x000015ba        0x4 lib/terminal.o
                0x000015ba                terminal_writeProgString
 .text.stdio_put_char
                0x000015be       0x1e lib/terminal.o
                0x000015be                stdio_put_char
 .text.terminal_newLine
                0x000015dc        0x6 lib/terminal.o
                0x000015dc                terminal_newLine
 .text.terminal_log_printf_p
                0x000015e2       0x5c lib/terminal.o
                0x000015e2                terminal_log_printf_p
 .text.__vector_25
                0x0000163e       0x62 lib/uart.o
                0x0000163e                __vector_25
 .text.__vector_26
                0x000016a0       0x5a lib/uart.o
                0x000016a0                __vector_26
 .text.__vector_36
                0x000016fa       0x62 lib/uart.o
                0x000016fa                __vector_36
 .text.__vector_37
                0x0000175c       0x5c lib/uart.o
                0x0000175c                __vector_37
 .text.__vector_51
                0x000017b8       0x62 lib/uart.o
                0x000017b8                __vector_51
 .text.__vector_52
                0x0000181a       0x5c lib/uart.o
                0x0000181a                __vector_52
 .text.__vector_54
                0x00001876       0x64 lib/uart.o
                0x00001876                __vector_54
 .text.__vector_55
                0x000018da       0x5a lib/uart.o
                0x000018da                __vector_55
 .text.uart3_init
                0x00001934       0x36 lib/uart.o
                0x00001934                uart3_init
 .text.uart3_getc
                0x0000196a       0x3a lib/uart.o
                0x0000196a                uart3_getc
 .text.uart3_putc
                0x000019a4       0x28 lib/uart.o
                0x000019a4                uart3_putc
 .text.uart3_getrxcount
                0x000019cc       0x28 lib/uart.o
                0x000019cc                uart3_getrxcount
 .text.__vector_21
                0x000019f4       0x4a lib/util.o
                0x000019f4                __vector_21
 .text.initSystemTime
                0x00001a3e       0x38 lib/util.o
                0x00001a3e                initSystemTime
 .text.getSystemTime_ms
                0x00001a76       0x5a lib/util.o
                0x00001a76                getSystemTime_ms
 .text.delayMs  0x00001ad0       0x5a lib/util.o
                0x00001ad0                delayMs
 .text.assertPstr
                0x00001b2a       0x30 lib/util.o
                0x00001b2a                assertPstr
 .text.main     0x00001b5a       0x12 main.o
                0x00001b5a                main
 .text.os_initTimer
                0x00001b6c       0x32 os_core.o
                0x00001b6c                os_initTimer
 .text.os_init  0x00001b9e       0x82 os_core.o
                0x00001b9e                os_init
 .text.os_errorPstr
                0x00001c20       0x70 os_core.o
                0x00001c20                os_errorPstr
 .text.prog0    0x00001c90       0x22 os_scheduler.o
                0x00001c90                prog0
 .text.addressOfProgram
                0x00001cb2        0xa os_scheduler.o
                0x00001cb2                addressOfProgram
 .text.os_checkAutostartProgram
                0x00001cbc       0x24 os_scheduler.o
                0x00001cbc                os_checkAutostartProgram
 .text.os_lookupProgramFunction
                0x00001ce0       0x1c os_scheduler.o
                0x00001ce0                os_lookupProgramFunction
 .text.os_getProcessSlot
                0x00001cfc       0x16 os_scheduler.o
                0x00001cfc                os_getProcessSlot
 .text.os_getProgramSlot
                0x00001d12        0xc os_scheduler.o
                0x00001d12                os_getProgramSlot
 .text.os_getCurrentProc
                0x00001d1e        0x6 os_scheduler.o
                0x00001d1e                os_getCurrentProc
 .text.os_getSchedulingStrategy
                0x00001d24        0x6 os_scheduler.o
                0x00001d24                os_getSchedulingStrategy
 .text.os_enterCriticalSection
                0x00001d2a       0x3e os_scheduler.o
                0x00001d2a                os_enterCriticalSection
 .text.os_leaveCriticalSection
                0x00001d68       0x46 os_scheduler.o
                0x00001d68                os_leaveCriticalSection
 .text.registerProgram0
                0x00001dae       0x22 os_scheduler.o
                0x00001dae                registerProgram0
 .text.os_startScheduler
                0x00001dd0       0x6a os_scheduler.o
                0x00001dd0                os_startScheduler
 .text.os_getStackChecksum
                0x00001e3a       0x72 os_scheduler.o
                0x00001e3a                os_getStackChecksum
 .text.os_exec  0x00001eac      0x14a os_scheduler.o
                0x00001eac                os_exec
 .text.os_initScheduler
                0x00001ff6       0x76 os_scheduler.o
                0x00001ff6                os_initScheduler
 .text.os_isStackInBounds
                0x0000206c       0x92 os_scheduler.o
                0x0000206c                os_isStackInBounds
 .text.__vector_13
                0x000020fe      0x1b6 os_scheduler.o
                0x000020fe                __vector_13
 .text.os_yield
                0x000022b4       0x12 os_scheduler.o
                0x000022b4                os_yield
 .text.os_kill  0x000022c6       0x6c os_scheduler.o
                0x000022c6                os_kill
 .text.os_dispatcher
                0x00002332       0x3a os_scheduler.o
                0x00002332                os_dispatcher
 .text.os_scheduler_RoundRobin
                0x0000236c       0x74 os_scheduling_strategies.o
                0x0000236c                os_scheduler_RoundRobin
 .text.os_resetProcessSchedulingInformation
                0x000023e0       0x50 os_scheduling_strategies.o
                0x000023e0                os_resetProcessSchedulingInformation
 .text.os_resetSchedulingInformation
                0x00002430       0x54 os_scheduling_strategies.o
                0x00002430                os_resetSchedulingInformation
 .text.os_scheduler_DynamicPriorityRoundRobin
                0x00002484       0xc6 os_scheduling_strategies.o
                0x00002484                os_scheduler_DynamicPriorityRoundRobin
 .text.prog2    0x0000254a        0x6 progs/tests/ttProtocolStack.o
                0x0000254a                prog2
 .text.registerProgram1
                0x00002550       0x22 progs/tests/ttProtocolStack.o
                0x00002550                registerProgram1
 .text.registerProgram2
                0x00002572       0x22 progs/tests/ttProtocolStack.o
                0x00002572                registerProgram2
 .text.displayCounter
                0x00002594       0x56 progs/tests/ttProtocolStack.o
                0x00002594                displayCounter
 .text.prog1    0x000025ea      0x18a progs/tests/ttProtocolStack.o
                0x000025ea                prog1
 .text.libgcc.div
                0x00002774       0x44 c:/program files (x86)/atmel/studio/7.0/toolchain/avr8/avr8-gnu-toolchain/bin/../lib/gcc/avr/5.4.0/avr6\libgcc.a(_udivmodsi4.o)
                0x00002774                __udivmodsi4
 .text.libgcc   0x000027b8       0x10 c:/program files (x86)/atmel/studio/7.0/toolchain/avr8/avr8-gnu-toolchain/bin/../lib/gcc/avr/5.4.0/avr6\libgcc.a(_tablejump2.o)
                0x000027b8                __tablejump2__
 .text.libgcc.mul
                0x000027c8       0x1e c:/program files (x86)/atmel/studio/7.0/toolchain/avr8/avr8-gnu-toolchain/bin/../lib/gcc/avr/5.4.0/avr6\libgcc.a(_umulhisi3.o)
                0x000027c8                __umulhisi3
 .text.avr-libc
                0x000027e6       0x12 c:/program files (x86)/atmel/studio/7.0/toolchain/avr8/avr8-gnu-toolchain/bin/../lib/gcc/avr/5.4.0/../../../../avr/lib/avr6\libc.a(strlen_P.o)
                0x000027e6                __strlen_P
 .text.avr-libc
                0x000027f8       0x1e c:/program files (x86)/atmel/studio/7.0/toolchain/avr8/avr8-gnu-toolchain/bin/../lib/gcc/avr/5.4.0/../../../../avr/lib/avr6\libc.a(strncpy_P.o)
                0x000027f8                strncpy_P
 .text.avr-libc
                0x00002816       0x12 c:/program files (x86)/atmel/studio/7.0/toolchain/avr8/avr8-gnu-toolchain/bin/../lib/gcc/avr/5.4.0/../../../../avr/lib/avr6\libc.a(memcpy.o)
                0x00002816                memcpy
 .text.avr-libc
                0x00002828       0x1e c:/program files (x86)/atmel/studio/7.0/toolchain/avr8/avr8-gnu-toolchain/bin/../lib/gcc/avr/5.4.0/../../../../avr/lib/avr6\libc.a(strncpy.o)
                0x00002828                strncpy
 .text.avr-libc
                0x00002846       0x26 c:/program files (x86)/atmel/studio/7.0/toolchain/avr8/avr8-gnu-toolchain/bin/../lib/gcc/avr/5.4.0/../../../../avr/lib/avr6\libc.a(printf.o)
                0x00002846                printf
 .text.avr-libc
                0x0000286c       0x4e c:/program files (x86)/atmel/studio/7.0/toolchain/avr8/avr8-gnu-toolchain/bin/../lib/gcc/avr/5.4.0/../../../../avr/lib/avr6\libc.a(printf_p.o)
                0x0000286c                printf_P
 .text.avr-libc
                0x000028ba       0x1c c:/program files (x86)/atmel/studio/7.0/toolchain/avr8/avr8-gnu-toolchain/bin/../lib/gcc/avr/5.4.0/../../../../avr/lib/avr6\libc.a(vfprintf_p.o)
                0x000028ba                vfprintf_P
 .text.avr-libc
                0x000028d6      0x3fa c:/program files (x86)/atmel/studio/7.0/toolchain/avr8/avr8-gnu-toolchain/bin/../lib/gcc/avr/5.4.0/../../../../avr/lib/avr6\libc.a(vfprintf_std.o)
                0x000028d6                vfprintf
 .text.avr-libc
                0x00002cd0       0x16 c:/program files (x86)/atmel/studio/7.0/toolchain/avr8/avr8-gnu-toolchain/bin/../lib/gcc/avr/5.4.0/../../../../avr/lib/avr6\libc.a(strnlen_P.o)
                0x00002cd0                strnlen_P
 .text.avr-libc
                0x00002ce6       0x16 c:/program files (x86)/atmel/studio/7.0/toolchain/avr8/avr8-gnu-toolchain/bin/../lib/gcc/avr/5.4.0/../../../../avr/lib/avr6\libc.a(strnlen.o)
                0x00002ce6                strnlen
 .text.avr-libc
                0x00002cfc       0x78 c:/program files (x86)/atmel/studio/7.0/toolchain/avr8/avr8-gnu-toolchain/bin/../lib/gcc/avr/5.4.0/../../../../avr/lib/avr6\libc.a(fputc.o)
                0x00002cfc                fputc
 .text.avr-libc
                0x00002d74       0xbc c:/program files (x86)/atmel/studio/7.0/toolchain/avr8/avr8-gnu-toolchain/bin/../lib/gcc/avr/5.4.0/../../../../avr/lib/avr6\libc.a(ultoa_invert.o)
                0x00002d74                __ultoa_invert
                0x00002e30                . = ALIGN (0x2)
 *(.fini9)
 .fini9         0x00002e30        0x0 c:/program files (x86)/atmel/studio/7.0/toolchain/avr8/avr8-gnu-toolchain/bin/../lib/gcc/avr/5.4.0/avr6\libgcc.a(_exit.o)
                0x00002e30                _exit
                0x00002e30                exit
 *(.fini9)
 *(.fini8)
 *(.fini8)
 *(.fini7)
 *(.fini7)
 *(.fini6)
 *(.fini6)
 *(.fini5)
 *(.fini5)
 *(.fini4)
 *(.fini4)
 *(.fini3)
 *(.fini3)
 *(.fini2)
 *(.fini2)
 *(.fini1)
 *(.fini1)
 *(.fini0)
 .fini0         0x00002e30        0x4 c:/program files (x86)/atmel/studio/7.0/toolchain/avr8/avr8-gnu-toolchain/bin/../lib/gcc/avr/5.4.0/avr6\libgcc.a(_exit.o)
 *(.fini0)
                0x00002e34                _etext = .

.data           0x00800200      0x120 load address 0x00002e34
                0x00800200                PROVIDE (__data_start, .)
 *(.data)
 *(.data*)
 .data.serialAdapter_address
                0x00800200        0x1 communication/rfAdapter.o
                0x00800200                serialAdapter_address
 .data.serialAdapter_startFlag
                0x00800201        0x2 communication/rfAdapter.o
                0x00800201                serialAdapter_startFlag
 .data.lcd_stdout
                0x00800203        0xe lib/lcd.o
                0x00800203                lcd_stdout
 .data.mystdout
                0x00800211        0xe lib/terminal.o
                0x00800211                mystdout
 *(.gnu.linkonce.d*)
 *(.rodata)
 .rodata        0x0080021f        0xa progs/tests/ttProtocolStack.o
 *(.rodata*)
 .rodata.str1.1
                0x00800229       0xe1 communication/rfAdapter.o
 .rodata.str1.1
                0x0080030a        0x6 os_scheduler.o
 .rodata.str1.1
                0x00800310        0xf progs/tests/ttProtocolStack.o
 *(.gnu.linkonce.r*)
                0x00800320                . = ALIGN (0x2)
 *fill*         0x0080031f        0x1 
                0x00800320                _edata = .
                0x00800320                PROVIDE (__data_end, .)

.bss            0x00800320      0x25a
                0x00800320                PROVIDE (__bss_start, .)
 *(.bss)
 *(.bss*)
 .bss.rfAdapter_initialized
                0x00800320        0x1 communication/rfAdapter.o
                0x00800320                rfAdapter_initialized
 .bss.stopWatch_time
                0x00800321        0x4 lib/stop_watch.o
                0x00800321                stopWatch_time
 .bss.UART3_LastRxError
                0x00800325        0x1 lib/uart.o
 .bss.UART3_RxTail
                0x00800326        0x1 lib/uart.o
 .bss.UART3_RxHead
                0x00800327        0x1 lib/uart.o
 .bss.UART3_TxTail
                0x00800328        0x1 lib/uart.o
 .bss.UART3_TxHead
                0x00800329        0x1 lib/uart.o
 .bss.UART3_RxBuf
                0x0080032a       0x40 lib/uart.o
 .bss.UART3_TxBuf
                0x0080036a        0x0 lib/uart.o
 .bss.UART2_LastRxError
                0x0080036a        0x1 lib/uart.o
 .bss.UART2_RxTail
                0x0080036b        0x1 lib/uart.o
 .bss.UART2_RxHead
                0x0080036c        0x1 lib/uart.o
 .bss.UART2_TxTail
                0x0080036d        0x1 lib/uart.o
 .bss.UART2_TxHead
                0x0080036e        0x1 lib/uart.o
 .bss.UART2_RxBuf
                0x0080036f        0x0 lib/uart.o
 .bss.UART2_TxBuf
                0x0080036f       0x40 lib/uart.o
 .bss.UART1_LastRxError
                0x008003af        0x1 lib/uart.o
 .bss.UART1_RxTail
                0x008003b0        0x1 lib/uart.o
 .bss.UART1_RxHead
                0x008003b1        0x1 lib/uart.o
 .bss.UART1_TxTail
                0x008003b2        0x1 lib/uart.o
 .bss.UART1_TxHead
                0x008003b3        0x1 lib/uart.o
 .bss.UART1_RxBuf
                0x008003b4      0x100 lib/uart.o
 .bss.UART1_TxBuf
                0x008004b4       0x40 lib/uart.o
 .bss.UART0_LastRxError
                0x008004f4        0x1 lib/uart.o
 .bss.UART0_RxTail
                0x008004f5        0x1 lib/uart.o
 .bss.UART0_RxHead
                0x008004f6        0x1 lib/uart.o
 .bss.UART0_TxTail
                0x008004f7        0x1 lib/uart.o
 .bss.UART0_TxHead
                0x008004f8        0x1 lib/uart.o
 .bss.UART0_RxBuf
                0x008004f9        0x0 lib/uart.o
 .bss.UART0_TxBuf
                0x008004f9        0x0 lib/uart.o
 .bss.criticalSectionCount
                0x008004f9        0x1 os_scheduler.o
                0x008004f9                criticalSectionCount
 .bss.currSchedStrat
                0x008004fa        0x1 os_scheduler.o
                0x008004fa                currSchedStrat
 .bss.currentProc
                0x008004fb        0x1 os_scheduler.o
                0x008004fb                currentProc
 *(COMMON)
 COMMON         0x008004fc        0x1 lib/lcd.o
                0x008004fc                charCtr
 COMMON         0x008004fd        0x4 lib/util.o
                0x008004fd                os_coarseSystemTime
 COMMON         0x00800501       0x52 os_scheduler.o
                0x00800501                os_processes
                0x00800531                os_programs
                0x00800551                os_autostart
 COMMON         0x00800553       0x21 os_scheduling_strategies.o
                0x00800553                schedulingInfo
 COMMON         0x00800574        0x6 c:/program files (x86)/atmel/studio/7.0/toolchain/avr8/avr8-gnu-toolchain/bin/../lib/gcc/avr/5.4.0/../../../../avr/lib/avr6\libc.a(iob.o)
                0x00800574                __iob
                0x0080057a                PROVIDE (__bss_end, .)
                0x00002e34                __data_load_start = LOADADDR (.data)
                0x00002f54                __data_load_end = (__data_load_start + SIZEOF (.data))

.noinit         0x0080057a        0x0
                [!provide]                PROVIDE (__noinit_start, .)
 *(.noinit*)
                [!provide]                PROVIDE (__noinit_end, .)
                0x0080057a                _end = .
                0x0080057a                PROVIDE (__heap_start, .)

.eeprom         0x00810000        0x0
 *(.eeprom*)
                0x00810000                __eeprom_end = .

.fuse
 *(.fuse)
 *(.lfuse)
 *(.hfuse)
 *(.efuse)

.lock
 *(.lock*)

.signature
 *(.signature*)

.user_signatures
 *(.user_signatures*)

.stab
 *(.stab)

.stabstr
 *(.stabstr)

.stab.excl
 *(.stab.excl)

.stab.exclstr
 *(.stab.exclstr)

.stab.index
 *(.stab.index)

.stab.indexstr
 *(.stab.indexstr)

.comment        0x00000000       0x5c
 *(.comment)
 .comment       0x00000000       0x30 communication/rfAdapter.o
                                 0x31 (size before relaxing)
 .comment       0x00000030       0x31 communication/serialAdapter.o
 .comment       0x00000030       0x31 communication/xbee.o
 .comment       0x00000030       0x31 lib/lcd.o
 .comment       0x00000030       0x31 lib/ready_queue.o
 .comment       0x00000030       0x31 lib/stop_watch.o
 .comment       0x00000030       0x31 lib/terminal.o
 .comment       0x00000030       0x31 lib/uart.o
 .comment       0x00000030       0x31 lib/util.o
 .comment       0x00000030       0x31 main.o
 .comment       0x00000030       0x31 os_core.o
 .comment       0x00000030       0x31 os_scheduler.o
 .comment       0x00000030       0x31 os_scheduling_strategies.o
 .comment       0x00000030       0x31 progs/tests/ttProtocolStack.o
 .comment       0x00000030       0x31 c:/program files (x86)/atmel/studio/7.0/toolchain/avr8/avr8-gnu-toolchain/bin/../lib/gcc/avr/5.4.0/../../../../avr/lib/avr6\libc.a(iob.o)
 .comment       0x00000030       0x31 c:/program files (x86)/atmel/studio/7.0/toolchain/avr8/avr8-gnu-toolchain/bin/../lib/gcc/avr/5.4.0/../../../../avr/lib/avr6\libc.a(printf.o)
 .comment       0x00000030       0x31 c:/program files (x86)/atmel/studio/7.0/toolchain/avr8/avr8-gnu-toolchain/bin/../lib/gcc/avr/5.4.0/../../../../avr/lib/avr6\libc.a(printf_p.o)
 .comment       0x00000030       0x31 c:/program files (x86)/atmel/studio/7.0/toolchain/avr8/avr8-gnu-toolchain/bin/../lib/gcc/avr/5.4.0/../../../../avr/lib/avr6\libc.a(vfprintf_p.o)
 .comment       0x00000030       0x2c c:/program files (x86)/atmel/studio/7.0/toolchain/avr8/avr8-gnu-toolchain/bin/../lib/gcc/avr/5.4.0/../../../../avr/lib/avr6\libc.a(vfprintf_std.o)
                                 0x2d (size before relaxing)
 .comment       0x0000005c       0x31 c:/program files (x86)/atmel/studio/7.0/toolchain/avr8/avr8-gnu-toolchain/bin/../lib/gcc/avr/5.4.0/../../../../avr/lib/avr6\libc.a(fputc.o)

.note.gnu.avr.deviceinfo
                0x00000000       0x40
 .note.gnu.avr.deviceinfo
                0x00000000       0x40 C:/Program Files (x86)/Atmel/Studio/7.0/Packs/atmel/ATmega_DFP/1.7.374/gcc/dev/atmega2560/avr6/crtatmega2560.o

.note.gnu.build-id
 *(.note.gnu.build-id)

.debug
 *(.debug)

.line
 *(.line)

.debug_srcinfo
 *(.debug_srcinfo)

.debug_sfnames
 *(.debug_sfnames)

.debug_aranges  0x00000000      0x6d8
 *(.debug_aranges)
 .debug_aranges
                0x00000000       0x90 communication/rfAdapter.o
 .debug_aranges
                0x00000090       0x60 communication/serialAdapter.o
 .debug_aranges
                0x000000f0       0x48 communication/xbee.o
 .debug_aranges
                0x00000138       0xf0 lib/lcd.o
 .debug_aranges
                0x00000228       0x58 lib/ready_queue.o
 .debug_aranges
                0x00000280       0x58 lib/stop_watch.o
 .debug_aranges
                0x000002d8       0x98 lib/terminal.o
 .debug_aranges
                0x00000370      0x160 lib/uart.o
 .debug_aranges
                0x000004d0       0x40 lib/util.o
 .debug_aranges
                0x00000510       0x20 main.o
 .debug_aranges
                0x00000530       0x30 os_core.o
 .debug_aranges
                0x00000560       0xe8 os_scheduler.o
 .debug_aranges
                0x00000648       0x40 os_scheduling_strategies.o
 .debug_aranges
                0x00000688       0x50 progs/tests/ttProtocolStack.o

.debug_pubnames
 *(.debug_pubnames)

.debug_info     0x00000000     0x69a6
 *(.debug_info .gnu.linkonce.wi.*)
 .debug_info    0x00000000      0xbbc C:/Program Files (x86)/Atmel/Studio/7.0/Packs/atmel/ATmega_DFP/1.7.374/gcc/dev/atmega2560/avr6/crtatmega2560.o
 .debug_info    0x00000bbc      0x9b0 communication/rfAdapter.o
 .debug_info    0x0000156c      0x798 communication/serialAdapter.o
 .debug_info    0x00001d04      0x2f1 communication/xbee.o
 .debug_info    0x00001ff5      0xe1a lib/lcd.o
 .debug_info    0x00002e0f      0x347 lib/ready_queue.o
 .debug_info    0x00003156      0x2cc lib/stop_watch.o
 .debug_info    0x00003422      0x779 lib/terminal.o
 .debug_info    0x00003b9b      0xdad lib/uart.o
 .debug_info    0x00004948      0x274 lib/util.o
 .debug_info    0x00004bbc       0xf1 main.o
 .debug_info    0x00004cad      0x36f os_core.o
 .debug_info    0x0000501c      0xb5c os_scheduler.o
 .debug_info    0x00005b78      0x63a os_scheduling_strategies.o
 .debug_info    0x000061b2      0x7f4 progs/tests/ttProtocolStack.o

.debug_abbrev   0x00000000     0x24fc
 *(.debug_abbrev)
 .debug_abbrev  0x00000000      0xb1a C:/Program Files (x86)/Atmel/Studio/7.0/Packs/atmel/ATmega_DFP/1.7.374/gcc/dev/atmega2560/avr6/crtatmega2560.o
 .debug_abbrev  0x00000b1a      0x267 communication/rfAdapter.o
 .debug_abbrev  0x00000d81      0x1cd communication/serialAdapter.o
 .debug_abbrev  0x00000f4e      0x172 communication/xbee.o
 .debug_abbrev  0x000010c0      0x326 lib/lcd.o
 .debug_abbrev  0x000013e6      0x164 lib/ready_queue.o
 .debug_abbrev  0x0000154a      0x145 lib/stop_watch.o
 .debug_abbrev  0x0000168f      0x23b lib/terminal.o
 .debug_abbrev  0x000018ca      0x19c lib/uart.o
 .debug_abbrev  0x00001a66      0x1a5 lib/util.o
 .debug_abbrev  0x00001c0b       0x7e main.o
 .debug_abbrev  0x00001c89      0x18c os_core.o
 .debug_abbrev  0x00001e15      0x371 os_scheduler.o
 .debug_abbrev  0x00002186      0x1c8 os_scheduling_strategies.o
 .debug_abbrev  0x0000234e      0x1ae progs/tests/ttProtocolStack.o

.debug_line     0x00000000     0x3b67
 *(.debug_line .debug_line.* .debug_line_end)
 .debug_line    0x00000000      0x1fa C:/Program Files (x86)/Atmel/Studio/7.0/Packs/atmel/ATmega_DFP/1.7.374/gcc/dev/atmega2560/avr6/crtatmega2560.o
 .debug_line    0x000001fa      0x4c3 communication/rfAdapter.o
 .debug_line    0x000006bd      0x39a communication/serialAdapter.o
 .debug_line    0x00000a57      0x1f9 communication/xbee.o
 .debug_line    0x00000c50      0x7ce lib/lcd.o
 .debug_line    0x0000141e      0x2e3 lib/ready_queue.o
 .debug_line    0x00001701      0x286 lib/stop_watch.o
 .debug_line    0x00001987      0x463 lib/terminal.o
 .debug_line    0x00001dea      0x900 lib/uart.o
 .debug_line    0x000026ea      0x290 lib/util.o
 .debug_line    0x0000297a       0xa2 main.o
 .debug_line    0x00002a1c      0x2c5 os_core.o
 .debug_line    0x00002ce1      0x7c8 os_scheduler.o
 .debug_line    0x000034a9      0x2e4 os_scheduling_strategies.o
 .debug_line    0x0000378d      0x3da progs/tests/ttProtocolStack.o

.debug_frame    0x00000000     0x1480
 *(.debug_frame)
 .debug_frame   0x00000000      0x244 communication/rfAdapter.o
 .debug_frame   0x00000244      0x19c communication/serialAdapter.o
 .debug_frame   0x000003e0       0xe8 communication/xbee.o
 .debug_frame   0x000004c8      0x2a0 lib/lcd.o
 .debug_frame   0x00000768       0xd4 lib/ready_queue.o
 .debug_frame   0x0000083c      0x114 lib/stop_watch.o
 .debug_frame   0x00000950      0x1a4 lib/terminal.o
 .debug_frame   0x00000af4      0x414 lib/uart.o
 .debug_frame   0x00000f08       0xbc lib/util.o
 .debug_frame   0x00000fc4       0x24 main.o
 .debug_frame   0x00000fe8       0x84 os_core.o
 .debug_frame   0x0000106c      0x2cc os_scheduler.o
 .debug_frame   0x00001338       0xa8 os_scheduling_strategies.o
 .debug_frame   0x000013e0       0xa0 progs/tests/ttProtocolStack.o

.debug_str      0x00000000     0x1a8d
 *(.debug_str)
 .debug_str     0x00000000      0x3e6 C:/Program Files (x86)/Atmel/Studio/7.0/Packs/atmel/ATmega_DFP/1.7.374/gcc/dev/atmega2560/avr6/crtatmega2560.o
 .debug_str     0x000003e6      0x546 communication/rfAdapter.o
                                0x5d4 (size before relaxing)
 .debug_str     0x0000092c      0x191 communication/serialAdapter.o
                                0x4b3 (size before relaxing)
 .debug_str     0x00000abd       0x73 communication/xbee.o
                                0x255 (size before relaxing)
 .debug_str     0x00000b30      0x28a lib/lcd.o
                                0x446 (size before relaxing)
 .debug_str     0x00000dba       0x93 lib/ready_queue.o
                                0x246 (size before relaxing)
 .debug_str     0x00000e4d      0x129 lib/stop_watch.o
                                0x2f3 (size before relaxing)
 .debug_str     0x00000f76      0x14c lib/terminal.o
                                0x39a (size before relaxing)
 .debug_str     0x000010c2      0x3ab lib/uart.o
                                0x584 (size before relaxing)
 .debug_str     0x0000146d       0x63 lib/util.o
                                0x27f (size before relaxing)
 .debug_str     0x000014d0       0x2b main.o
                                0x1a4 (size before relaxing)
 .debug_str     0x000014fb       0x3a os_core.o
                                0x2f7 (size before relaxing)
 .debug_str     0x00001535      0x437 os_scheduler.o
                                0x6a1 (size before relaxing)
 .debug_str     0x0000196c       0x75 os_scheduling_strategies.o
                                0x481 (size before relaxing)
 .debug_str     0x000019e1       0xac progs/tests/ttProtocolStack.o
                                0x3a7 (size before relaxing)

.debug_loc      0x00000000     0x4864
 *(.debug_loc)
 .debug_loc     0x00000000      0x772 communication/rfAdapter.o
 .debug_loc     0x00000772      0x6e6 communication/serialAdapter.o
 .debug_loc     0x00000e58      0x393 communication/xbee.o
 .debug_loc     0x000011eb      0xb94 lib/lcd.o
 .debug_loc     0x00001d7f      0x325 lib/ready_queue.o
 .debug_loc     0x000020a4      0x2aa lib/stop_watch.o
 .debug_loc     0x0000234e      0x50c lib/terminal.o
 .debug_loc     0x0000285a      0xefa lib/uart.o
 .debug_loc     0x00003754      0x1ed lib/util.o
 .debug_loc     0x00003941      0x1a4 os_core.o
 .debug_loc     0x00003ae5      0x8f2 os_scheduler.o
 .debug_loc     0x000043d7      0x351 os_scheduling_strategies.o
 .debug_loc     0x00004728      0x13c progs/tests/ttProtocolStack.o

.debug_macinfo
 *(.debug_macinfo)

.debug_weaknames
 *(.debug_weaknames)

.debug_funcnames
 *(.debug_funcnames)

.debug_typenames
 *(.debug_typenames)

.debug_varnames
 *(.debug_varnames)

.debug_pubtypes
 *(.debug_pubtypes)

.debug_ranges   0x00000000      0x668
 *(.debug_ranges)
 .debug_ranges  0x00000000       0x80 communication/rfAdapter.o
 .debug_ranges  0x00000080       0x50 communication/serialAdapter.o
 .debug_ranges  0x000000d0       0x38 communication/xbee.o
 .debug_ranges  0x00000108       0xe0 lib/lcd.o
 .debug_ranges  0x000001e8       0x48 lib/ready_queue.o
 .debug_ranges  0x00000230       0x48 lib/stop_watch.o
 .debug_ranges  0x00000278       0x88 lib/terminal.o
 .debug_ranges  0x00000300      0x150 lib/uart.o
 .debug_ranges  0x00000450       0x30 lib/util.o
 .debug_ranges  0x00000480       0x10 main.o
 .debug_ranges  0x00000490       0x20 os_core.o
 .debug_ranges  0x000004b0       0xf0 os_scheduler.o
 .debug_ranges  0x000005a0       0x88 os_scheduling_strategies.o
 .debug_ranges  0x00000628       0x40 progs/tests/ttProtocolStack.o

.debug_macro
 *(.debug_macro)
OUTPUT(DEOS.elf elf32-avr)
LOAD linker stubs
